Archive member included to satisfy reference by file (symbol)

/Users/scott.long/Nextcloud/platformio/GroundControl/src/Input/../../../../../../../private/var/folders/_w/dqfylpbn3tj8rry9xjsrv_91bjpxvt/T/arduino-core-cache/core_Seeeduino_samd_seeed_XIAO_m0_442fda7ce8e3237e4329d558f95de192.a(Retarget.cpp.o)
                              (__wrap__write)
/Users/scott.long/Nextcloud/platformio/GroundControl/src/Input/../../../../../../../private/var/folders/_w/dqfylpbn3tj8rry9xjsrv_91bjpxvt/T/arduino-core-cache/core_Seeeduino_samd_seeed_XIAO_m0_442fda7ce8e3237e4329d558f95de192.a(SERCOM.cpp.o)
                              /Users/scott.long/Nextcloud/platformio/GroundControl/src/Input/core/variant.cpp.o (SERCOM::SERCOM(Sercom*))
/Users/scott.long/Nextcloud/platformio/GroundControl/src/Input/../../../../../../../private/var/folders/_w/dqfylpbn3tj8rry9xjsrv_91bjpxvt/T/arduino-core-cache/core_Seeeduino_samd_seeed_XIAO_m0_442fda7ce8e3237e4329d558f95de192.a(Uart.cpp.o)
                              /Users/scott.long/Nextcloud/platformio/GroundControl/src/Input/core/variant.cpp.o (Uart::Uart(SERCOM*, unsigned char, unsigned char, SercomRXPad, SercomUartTXPad))
/Users/scott.long/Nextcloud/platformio/GroundControl/src/Input/../../../../../../../private/var/folders/_w/dqfylpbn3tj8rry9xjsrv_91bjpxvt/T/arduino-core-cache/core_Seeeduino_samd_seeed_XIAO_m0_442fda7ce8e3237e4329d558f95de192.a(cortex_handlers.c.o)
                              (Reset_Handler)
/Users/scott.long/Nextcloud/platformio/GroundControl/src/Input/../../../../../../../private/var/folders/_w/dqfylpbn3tj8rry9xjsrv_91bjpxvt/T/arduino-core-cache/core_Seeeduino_samd_seeed_XIAO_m0_442fda7ce8e3237e4329d558f95de192.a(delay.c.o)
                              /Users/scott.long/Nextcloud/platformio/GroundControl/src/Input/../../../../../../../private/var/folders/_w/dqfylpbn3tj8rry9xjsrv_91bjpxvt/T/arduino-core-cache/core_Seeeduino_samd_seeed_XIAO_m0_442fda7ce8e3237e4329d558f95de192.a(cortex_handlers.c.o) (SysTick_DefaultHandler)
/Users/scott.long/Nextcloud/platformio/GroundControl/src/Input/../../../../../../../private/var/folders/_w/dqfylpbn3tj8rry9xjsrv_91bjpxvt/T/arduino-core-cache/core_Seeeduino_samd_seeed_XIAO_m0_442fda7ce8e3237e4329d558f95de192.a(hooks.c.o)
                              /Users/scott.long/Nextcloud/platformio/GroundControl/src/Input/../../../../../../../private/var/folders/_w/dqfylpbn3tj8rry9xjsrv_91bjpxvt/T/arduino-core-cache/core_Seeeduino_samd_seeed_XIAO_m0_442fda7ce8e3237e4329d558f95de192.a(delay.c.o) (yield)
/Users/scott.long/Nextcloud/platformio/GroundControl/src/Input/../../../../../../../private/var/folders/_w/dqfylpbn3tj8rry9xjsrv_91bjpxvt/T/arduino-core-cache/core_Seeeduino_samd_seeed_XIAO_m0_442fda7ce8e3237e4329d558f95de192.a(itoa.c.o)
                              /Users/scott.long/Nextcloud/platformio/GroundControl/src/Input/sketch/main.cpp.o (itoa)
/Users/scott.long/Nextcloud/platformio/GroundControl/src/Input/../../../../../../../private/var/folders/_w/dqfylpbn3tj8rry9xjsrv_91bjpxvt/T/arduino-core-cache/core_Seeeduino_samd_seeed_XIAO_m0_442fda7ce8e3237e4329d558f95de192.a(main.cpp.o)
                              /Users/scott.long/Library/Arduino15/packages/Seeeduino/tools/arm-none-eabi-gcc/7-2017q4/bin/../lib/gcc/arm-none-eabi/7.2.1/../../../../arm-none-eabi/lib/thumb/v6-m/crt0.o (main)
/Users/scott.long/Nextcloud/platformio/GroundControl/src/Input/../../../../../../../private/var/folders/_w/dqfylpbn3tj8rry9xjsrv_91bjpxvt/T/arduino-core-cache/core_Seeeduino_samd_seeed_XIAO_m0_442fda7ce8e3237e4329d558f95de192.a(startup.c.o)
                              /Users/scott.long/Nextcloud/platformio/GroundControl/src/Input/../../../../../../../private/var/folders/_w/dqfylpbn3tj8rry9xjsrv_91bjpxvt/T/arduino-core-cache/core_Seeeduino_samd_seeed_XIAO_m0_442fda7ce8e3237e4329d558f95de192.a(cortex_handlers.c.o) (SystemInit)
/Users/scott.long/Nextcloud/platformio/GroundControl/src/Input/../../../../../../../private/var/folders/_w/dqfylpbn3tj8rry9xjsrv_91bjpxvt/T/arduino-core-cache/core_Seeeduino_samd_seeed_XIAO_m0_442fda7ce8e3237e4329d558f95de192.a(wiring.c.o)
                              /Users/scott.long/Nextcloud/platformio/GroundControl/src/Input/../../../../../../../private/var/folders/_w/dqfylpbn3tj8rry9xjsrv_91bjpxvt/T/arduino-core-cache/core_Seeeduino_samd_seeed_XIAO_m0_442fda7ce8e3237e4329d558f95de192.a(main.cpp.o) (init)
/Users/scott.long/Nextcloud/platformio/GroundControl/src/Input/../../../../../../../private/var/folders/_w/dqfylpbn3tj8rry9xjsrv_91bjpxvt/T/arduino-core-cache/core_Seeeduino_samd_seeed_XIAO_m0_442fda7ce8e3237e4329d558f95de192.a(wiring_analog.c.o)
                              /Users/scott.long/Nextcloud/platformio/GroundControl/src/Input/../../../../../../../private/var/folders/_w/dqfylpbn3tj8rry9xjsrv_91bjpxvt/T/arduino-core-cache/core_Seeeduino_samd_seeed_XIAO_m0_442fda7ce8e3237e4329d558f95de192.a(wiring.c.o) (analogReference)
[...]
Memory Configuration

Name             Origin             Length             Attributes
FLASH            0x0000000000002000 0x000000000003e000 xr
RAM              0x0000000020000000 0x0000000000008000 xrw
*default*        0x0000000000000000 0xffffffffffffffff

Linker script and memory map

LOAD /Users/scott.long/Library/Arduino15/packages/Seeeduino/tools/arm-none-eabi-gcc/7-2017q4/bin/../lib/gcc/arm-none-eabi/7.2.1/thumb/v6-m/crti.o
LOAD /Users/scott.long/Library/Arduino15/packages/Seeeduino/tools/arm-none-eabi-gcc/7-2017q4/bin/../lib/gcc/arm-none-eabi/7.2.1/thumb/v6-m/crtbegin.o
LOAD /Users/scott.long/Library/Arduino15/packages/Seeeduino/tools/arm-none-eabi-gcc/7-2017q4/bin/../lib/gcc/arm-none-eabi/7.2.1/../../../../arm-none-eabi/lib/thumb/v6-m/crt0.o
LOAD /Users/scott.long/Nextcloud/platformio/GroundControl/src/Input/sketch/i2cInputs.ino.cpp.o
LOAD /Users/scott.long/Nextcloud/platformio/GroundControl/src/Input/sketch/main.cpp.o
LOAD /Users/scott.long/Nextcloud/platformio/GroundControl/src/Input/libraries/Wire/Wire.cpp.o
LOAD /Users/scott.long/Nextcloud/platformio/GroundControl/src/Input/core/variant.cpp.o
START GROUP
LOAD /Users/scott.long/Library/Arduino15/packages/Seeeduino/tools/CMSIS/5.7.0/CMSIS/DSP/Lib/GCC//libarm_cortexM0l_math.a
LOAD /Users/scott.long/Library/Arduino15/packages/Seeeduino/tools/arm-none-eabi-gcc/7-2017q4/bin/../lib/gcc/arm-none-eabi/7.2.1/../../../../arm-none-eabi/lib/thumb/v6-m/libm.a
LOAD /Users/scott.long/Nextcloud/platformio/GroundControl/src/Input/../../../../../../../private/var/folders/_w/dqfylpbn3tj8rry9xjsrv_91bjpxvt/T/arduino-core-cache/core_Seeeduino_samd_seeed_XIAO_m0_442fda7ce8e3237e4329d558f95de192.a
END GROUP
LOAD /Users/scott.long/Library/Arduino15/packages/Seeeduino/tools/arm-none-eabi-gcc/7-2017q4/bin/../lib/gcc/arm-none-eabi/7.2.1/../../../../arm-none-eabi/lib/thumb/v6-m/libstdc++_nano.a
LOAD /Users/scott.long/Library/Arduino15/packages/Seeeduino/tools/arm-none-eabi-gcc/7-2017q4/bin/../lib/gcc/arm-none-eabi/7.2.1/../../../../arm-none-eabi/lib/thumb/v6-m/libm.a
START GROUP
LOAD /Users/scott.long/Library/Arduino15/packages/Seeeduino/tools/arm-none-eabi-gcc/7-2017q4/bin/../lib/gcc/arm-none-eabi/7.2.1/thumb/v6-m/libgcc.a
LOAD /Users/scott.long/Library/Arduino15/packages/Seeeduino/tools/arm-none-eabi-gcc/7-2017q4/bin/../lib/gcc/arm-none-eabi/7.2.1/../../../../arm-none-eabi/lib/thumb/v6-m/libc_nano.a
END GROUP
START GROUP
LOAD /Users/scott.long/Library/Arduino15/packages/Seeeduino/tools/arm-none-eabi-gcc/7-2017q4/bin/../lib/gcc/arm-none-eabi/7.2.1/thumb/v6-m/libgcc.a
LOAD /Users/scott.long/Library/Arduino15/packages/Seeeduino/tools/arm-none-eabi-gcc/7-2017q4/bin/../lib/gcc/arm-none-eabi/7.2.1/../../../../arm-none-eabi/lib/thumb/v6-m/libc_nano.a
LOAD /Users/scott.long/Library/Arduino15/packages/Seeeduino/tools/arm-none-eabi-gcc/7-2017q4/bin/../lib/gcc/arm-none-eabi/7.2.1/../../../../arm-none-eabi/lib/thumb/v6-m/libnosys.a
END GROUP
START GROUP
LOAD /Users/scott.long/Library/Arduino15/packages/Seeeduino/tools/arm-none-eabi-gcc/7-2017q4/bin/../lib/gcc/arm-none-eabi/7.2.1/thumb/v6-m/libgcc.a
LOAD /Users/scott.long/Library/Arduino15/packages/Seeeduino/tools/arm-none-eabi-gcc/7-2017q4/bin/../lib/gcc/arm-none-eabi/7.2.1/../../../../arm-none-eabi/lib/thumb/v6-m/libc_nano.a
LOAD /Users/scott.long/Library/Arduino15/packages/Seeeduino/tools/arm-none-eabi-gcc/7-2017q4/bin/../lib/gcc/arm-none-eabi/7.2.1/../../../../arm-none-eabi/lib/thumb/v6-m/libnosys.a
END GROUP
LOAD /Users/scott.long/Library/Arduino15/packages/Seeeduino/tools/arm-none-eabi-gcc/7-2017q4/bin/../lib/gcc/arm-none-eabi/7.2.1/thumb/v6-m/crtend.o
LOAD /Users/scott.long/Library/Arduino15/packages/Seeeduino/tools/arm-none-eabi-gcc/7-2017q4/bin/../lib/gcc/arm-none-eabi/7.2.1/thumb/v6-m/crtn.o

.text           0x0000000000002000     0x8bd4
                0x0000000000002000                __text_start__ = .
 *(.isr_vector)
 .isr_vector    0x0000000000002000       0xb4 /Users/scott.long/Nextcloud/platformio/GroundControl/src/Input/../../../../../../../private/var/folders/_w/dqfylpbn3tj8rry9xjsrv_91bjpxvt/T/arduino-core-cache/core_Seeeduino_samd_seeed_XIAO_m0_442fda7ce8e3237e4329d558f95de192.a(cortex_handlers.c.o)
                0x0000000000002000                exception_table
 *(.text*)
 .text          0x00000000000020b4       0x48 /Users/scott.long/Library/Arduino15/packages/Seeeduino/tools/arm-none-eabi-gcc/7-2017q4/bin/../lib/gcc/arm-none-eabi/7.2.1/thumb/v6-m/crtbegin.o
 .text._ZN5Print5writeEPKc
                0x00000000000020fc       0x1c /Users/scott.long/Nextcloud/platformio/GroundControl/src/Input/sketch/main.cpp.o
                0x00000000000020fc                Print::write(char const*)
 .text._Z7postI2cv
                0x0000000000002118       0xdc /Users/scott.long/Nextcloud/platformio/GroundControl/src/Input/sketch/main.cpp.o
                0x0000000000002118                postI2c()
 .text.setup    0x00000000000021f4       0x20 /Users/scott.long/Nextcloud/platformio/GroundControl/src/Input/sketch/main.cpp.o
                0x00000000000021f4                setup
 .text.loop     0x0000000000002214        0x2 /Users/scott.long/Nextcloud/platformio/GroundControl/src/Input/sketch/main.cpp.o
                0x0000000000002214                loop
 .text._ZN5Print17availableForWriteEv
                0x0000000000002216        0x4 /Users/scott.long/Nextcloud/platformio/GroundControl/src/Input/libraries/Wire/Wire.cpp.o
                0x0000000000002216                Print::availableForWrite()
 .text._ZN7TwoWire5writeEPKhj
                0x000000000000221a       0x24 /Users/scott.long/Nextcloud/platformio/GroundControl/src/Input/libraries/Wire/Wire.cpp.o
                0x000000000000221a                TwoWire::write(unsigned char const*, unsigned int)
 .text._ZN7TwoWire5flushEv
                0x000000000000223e        0x2 /Users/scott.long/Nextcloud/platformio/GroundControl/src/Input/libraries/Wire/Wire.cpp.o
                0x000000000000223e                TwoWire::flush()
 .text._ZN7TwoWire4peekEv
                0x0000000000002240       0x1a /Users/scott.long/Nextcloud/platformio/GroundControl/src/Input/libraries/Wire/Wire.cpp.o
                0x0000000000002240                TwoWire::peek()
 .text._ZN7TwoWire9availableEv
                0x000000000000225a       0x12 /Users/scott.long/Nextcloud/platformio/GroundControl/src/Input/libraries/Wire/Wire.cpp.o
                0x000000000000225a                TwoWire::available()
 .text._ZN7TwoWireC2EP6SERCOMhh
                0x000000000000226c       0x60 /Users/scott.long/Nextcloud/platformio/GroundControl/src/Input/libraries/Wire/Wire.cpp.o
                0x000000000000226c                TwoWire::TwoWire(SERCOM*, unsigned char, unsigned char)
                0x000000000000226c                TwoWire::TwoWire(SERCOM*, unsigned char, unsigned char)
 .text._ZN7TwoWire5beginEhb
                0x00000000000022cc       0x38 /Users/scott.long/Nextcloud/platformio/GroundControl/src/Input/libraries/Wire/Wire.cpp.o
                0x00000000000022cc                TwoWire::begin(unsigned char, bool)
 .text._ZN7TwoWire9onRequestEPFvvE
                0x0000000000002304        0x8 /Users/scott.long/Nextcloud/platformio/GroundControl/src/Input/libraries/Wire/Wire.cpp.o
                0x0000000000002304                TwoWire::onRequest(void (*)())
 .text._ZN11RingBufferNILi256EE10store_charEh
                0x000000000000230c       0x1a /Users/scott.long/Nextcloud/platformio/GroundControl/src/Input/libraries/Wire/Wire.cpp.o
                0x000000000000230c                RingBufferN<256>::store_char(unsigned char)
 .text._ZN7TwoWire5writeEh
                0x0000000000002326       0x2a /Users/scott.long/Nextcloud/platformio/GroundControl/src/Input/libraries/Wire/Wire.cpp.o
                0x0000000000002326                TwoWire::write(unsigned char)
 .text._ZN11RingBufferNILi256EE9read_charEv
                0x0000000000002350       0x20 /Users/scott.long/Nextcloud/platformio/GroundControl/src/Input/libraries/Wire/Wire.cpp.o
                0x0000000000002350                RingBufferN<256>::read_char()
 .text._ZN7TwoWire4readEv
                0x0000000000002370        0xa /Users/scott.long/Nextcloud/platformio/GroundControl/src/Input/libraries/Wire/Wire.cpp.o
                0x0000000000002370                TwoWire::read()
 .text._ZN7TwoWire9onServiceEv
                0x000000000000237a      0x11c /Users/scott.long/Nextcloud/platformio/GroundControl/src/Input/libraries/Wire/Wire.cpp.o
                0x000000000000237a                TwoWire::onService()
 *fill*         0x0000000000002496        0x2 
 .text.SERCOM2_Handler
                0x0000000000002498       0x10 /Users/scott.long/Nextcloud/platformio/GroundControl/src/Input/libraries/Wire/Wire.cpp.o
                0x0000000000002498                SERCOM2_Handler
 .text.startup._GLOBAL__sub_I__ZN7TwoWireC2EP6SERCOMhh
                0x00000000000024a8       0x18 /Users/scott.long/Nextcloud/platformio/GroundControl/src/Input/libraries/Wire/Wire.cpp.o
 .text.SERCOM4_Handler
                0x00000000000024c0       0x10 /Users/scott.long/Nextcloud/platformio/GroundControl/src/Input/core/variant.cpp.o
                0x00000000000024c0                SERCOM4_Handler
 .text.startup._GLOBAL__sub_I_g_APinDescription
                0x00000000000024d0       0x80 /Users/scott.long/Nextcloud/platformio/GroundControl/src/Input/core/variant.cpp.o
 .text.__wrap__write
                0x0000000000002550        0x4 /Users/scott.long/Nextcloud/platformio/GroundControl/src/Input/../../../../../../../private/var/folders/_w/dqfylpbn3tj8rry9xjsrv_91bjpxvt/T/arduino-core-cache/core_Seeeduino_samd_seeed_XIAO_m0_442fda7ce8e3237e4329d558f95de192.a(Retarget.cpp.o)
                0x0000000000002550                __wrap__write
 .text._ZN6SERCOMC2EP6Sercom
                0x0000000000002554        0x4 /Users/scott.long/Nextcloud/platformio/GroundControl/src/Input/../../../../../../../private/var/folders/_w/dqfylpbn3tj8rry9xjsrv_91bjpxvt/T/arduino-core-cache/core_Seeeduino_samd_seeed_XIAO_m0_442fda7ce8e3237e4329d558f95de192.a(SERCOM.cpp.o)
                0x0000000000002554                SERCOM::SERCOM(Sercom*)
                0x0000000000002554                SERCOM::SERCOM(Sercom*)
 .text._ZN6SERCOM9initFrameE18SercomUartCharSize15SercomDataOrder16SercomParityMode19SercomNumberStopBit
                0x0000000000002558       0x3a /Users/scott.long/Nextcloud/platformio/GroundControl/src/Input/../../../../../../../private/var/folders/_w/dqfylpbn3tj8rry9xjsrv_91bjpxvt/T/arduino-core-cache/core_Seeeduino_samd_seeed_XIAO_m0_442fda7ce8e3237e4329d558f95de192.a(SERCOM.cpp.o)
                0x0000000000002558                SERCOM::initFrame(SercomUartCharSize, SercomDataOrder, SercomParityMode, SercomNumberStopBit)
 .text._ZN6SERCOM8initPadsE15SercomUartTXPad11SercomRXPad
                0x0000000000002592       0x26 /Users/scott.long/Nextcloud/platformio/GroundControl/src/Input/../../../../../../../private/var/folders/_w/dqfylpbn3tj8rry9xjsrv_91bjpxvt/T/arduino-core-cache/core_Seeeduino_samd_seeed_XIAO_m0_442fda7ce8e3237e4329d558f95de192.a(SERCOM.cpp.o)
                0x0000000000002592                SERCOM::initPads(SercomUartTXPad, SercomRXPad)
 .text._ZN6SERCOM9resetUARTEv
                0x00000000000025b8       0x1a /Users/scott.long/Nextcloud/platformio/GroundControl/src/Input/../../../../../../../private/var/folders/_w/dqfylpbn3tj8rry9xjsrv_91bjpxvt/T/arduino-core-cache/core_Seeeduino_samd_seeed_XIAO_m0_442fda7ce8e3237e4329d558f95de192.a(SERCOM.cpp.o)
                0x00000000000025b8                SERCOM::resetUART()
 .text._ZN6SERCOM10enableUARTEv
                0x00000000000025d2       0x14 /Users/scott.long/Nextcloud/platformio/GroundControl/src/Input/../../../../../../../private/var/folders/_w/dqfylpbn3tj8rry9xjsrv_91bjpxvt/T/arduino-core-cache/core_Seeeduino_samd_seeed_XIAO_m0_442fda7ce8e3237e4329d558f95de192.a(SERCOM.cpp.o)
                0x00000000000025d2                SERCOM::enableUART()
 .text._ZN6SERCOM9flushUARTEv
                0x00000000000025e6       0x10 /Users/scott.long/Nextcloud/platformio/GroundControl/src/Input/../../../../../../../private/var/folders/_w/dqfylpbn3tj8rry9xjsrv_91bjpxvt/T/arduino-core-cache/core_Seeeduino_samd_seeed_XIAO_m0_442fda7ce8e3237e4329d558f95de192.a(SERCOM.cpp.o)
                0x00000000000025e6                SERCOM::flushUART()
 .text._ZN6SERCOM15clearStatusUARTEv
                0x00000000000025f6        0x8 /Users/scott.long/Nextcloud/platformio/GroundControl/src/Input/../../../../../../../private/var/folders/_w/dqfylpbn3tj8rry9xjsrv_91bjpxvt/T/arduino-core-cache/core_Seeeduino_samd_seeed_XIAO_m0_442fda7ce8e3237e4329d558f95de192.a(SERCOM.cpp.o)
                0x00000000000025f6                SERCOM::clearStatusUART()
 .text._ZN6SERCOM17availableDataUARTEv
                0x00000000000025fe        0xa /Users/scott.long/Nextcloud/platformio/GroundControl/src/Input/../../../../../../../private/var/folders/_w/dqfylpbn3tj8rry9xjsrv_91bjpxvt/T/arduino-core-cache/core_Seeeduino_samd_seeed_XIAO_m0_442fda7ce8e3237e4329d558f95de192.a(SERCOM.cpp.o)
                0x00000000000025fe                SERCOM::availableDataUART()
 .text._ZN6SERCOM11isUARTErrorEv
                0x0000000000002608        0x8 /Users/scott.long/Nextcloud/platformio/GroundControl/src/Input/../../../../../../../private/var/folders/_w/dqfylpbn3tj8rry9xjsrv_91bjpxvt/T/arduino-core-cache/core_Seeeduino_samd_seeed_XIAO_m0_442fda7ce8e3237e4329d558f95de192.a(SERCOM.cpp.o)
                0x0000000000002608                SERCOM::isUARTError()
 .text._ZN6SERCOM20acknowledgeUARTErrorEv
                0x0000000000002610        0xe /Users/scott.long/Nextcloud/platformio/GroundControl/src/Input/../../../../../../../private/var/folders/_w/dqfylpbn3tj8rry9xjsrv_91bjpxvt/T/arduino-core-cache/core_Seeeduino_samd_seeed_XIAO_m0_442fda7ce8e3237e4329d558f95de192.a(SERCOM.cpp.o)
                0x0000000000002610                SERCOM::acknowledgeUARTError()
 .text._ZN6SERCOM16isFrameErrorUARTEv
                0x000000000000261e        0xa /Users/scott.long/Nextcloud/platformio/GroundControl/src/Input/../../../../../../../private/var/folders/_w/dqfylpbn3tj8rry9xjsrv_91bjpxvt/T/arduino-core-cache/core_Seeeduino_samd_seeed_XIAO_m0_442fda7ce8e3237e4329d558f95de192.a(SERCOM.cpp.o)
                0x000000000000261e                SERCOM::isFrameErrorUART()
 .text._ZN6SERCOM19clearFrameErrorUARTEv
                0x0000000000002628        0xc /Users/scott.long/Nextcloud/platformio/GroundControl/src/Input/../../../../../../../private/var/folders/_w/dqfylpbn3tj8rry9xjsrv_91bjpxvt/T/arduino-core-cache/core_Seeeduino_samd_seeed_XIAO_m0_442fda7ce8e3237e4329d558f95de192.a(SERCOM.cpp.o)
                0x0000000000002628                SERCOM::clearFrameErrorUART()
 .text._ZN6SERCOM23isDataRegisterEmptyUARTEv
                0x0000000000002634        0xa /Users/scott.long/Nextcloud/platformio/GroundControl/src/Input/../../../../../../../private/var/folders/_w/dqfylpbn3tj8rry9xjsrv_91bjpxvt/T/arduino-core-cache/core_Seeeduino_samd_seeed_XIAO_m0_442fda7ce8e3237e4329d558f95de192.a(SERCOM.cpp.o)
                0x0000000000002634                SERCOM::isDataRegisterEmptyUART()
 .text._ZN6SERCOM12readDataUARTEv
                0x000000000000263e        0x8 /Users/scott.long/Nextcloud/platformio/GroundControl/src/Input/../../../../../../../private/var/folders/_w/dqfylpbn3tj8rry9xjsrv_91bjpxvt/T/arduino-core-cache/core_Seeeduino_samd_seeed_XIAO_m0_442fda7ce8e3237e4329d558f95de192.a(SERCOM.cpp.o)
                0x000000000000263e                SERCOM::readDataUART()
 .text._ZN6SERCOM13writeDataUARTEh
                0x0000000000002646       0x10 /Users/scott.long/Nextcloud/platformio/GroundControl/src/Input/../../../../../../../private/var/folders/_w/dqfylpbn3tj8rry9xjsrv_91bjpxvt/T/arduino-core-cache/core_Seeeduino_samd_seeed_XIAO_m0_442fda7ce8e3237e4329d558f95de192.a(SERCOM.cpp.o)
                0x0000000000002646                SERCOM::writeDataUART(unsigned char)
 .text._ZN6SERCOM36enableDataRegisterEmptyInterruptUARTEv
                0x0000000000002656        0x8 /Users/scott.long/Nextcloud/platformio/GroundControl/src/Input/../../../../../../../private/var/folders/_w/dqfylpbn3tj8rry9xjsrv_91bjpxvt/T/arduino-core-cache/core_Seeeduino_samd_seeed_XIAO_m0_442fda7ce8e3237e4329d558f95de192.a(SERCOM.cpp.o)
                0x0000000000002656                SERCOM::enableDataRegisterEmptyInterruptUART()
 .text._ZN6SERCOM37disableDataRegisterEmptyInterruptUARTEv
                0x000000000000265e        0x8 /Users/scott.long/Nextcloud/platformio/GroundControl/src/Input/../../../../../../../private/var/folders/_w/dqfylpbn3tj8rry9xjsrv_91bjpxvt/T/arduino-core-cache/core_Seeeduino_samd_seeed_XIAO_m0_442fda7ce8e3237e4329d558f95de192.a(SERCOM.cpp.o)
                0x000000000000265e                SERCOM::disableDataRegisterEmptyInterruptUART()
 .text._ZN6SERCOM9resetWIREEv
                0x0000000000002666       0x1a /Users/scott.long/Nextcloud/platformio/GroundControl/src/Input/../../../../../../../private/var/folders/_w/dqfylpbn3tj8rry9xjsrv_91bjpxvt/T/arduino-core-cache/core_Seeeduino_samd_seeed_XIAO_m0_442fda7ce8e3237e4329d558f95de192.a(SERCOM.cpp.o)
                0x0000000000002666                SERCOM::resetWIRE()
 .text._ZN6SERCOM10enableWIREEv
                0x0000000000002680       0x2a /Users/scott.long/Nextcloud/platformio/GroundControl/src/Input/../../../../../../../private/var/folders/_w/dqfylpbn3tj8rry9xjsrv_91bjpxvt/T/arduino-core-cache/core_Seeeduino_samd_seeed_XIAO_m0_442fda7ce8e3237e4329d558f95de192.a(SERCOM.cpp.o)
                0x0000000000002680                SERCOM::enableWIRE()
 .text._ZN6SERCOM18prepareNackBitWIREEv
                0x00000000000026aa       0x10 /Users/scott.long/Nextcloud/platformio/GroundControl/src/Input/../../../../../../../private/var/folders/_w/dqfylpbn3tj8rry9xjsrv_91bjpxvt/T/arduino-core-cache/core_Seeeduino_samd_seeed_XIAO_m0_442fda7ce8e3237e4329d558f95de192.a(SERCOM.cpp.o)
                0x00000000000026aa                SERCOM::prepareNackBitWIRE()
 *fill*         0x00000000000026ba        0x2 
 .text._ZN6SERCOM17prepareAckBitWIREEv
                0x00000000000026bc       0x14 /Users/scott.long/Nextcloud/platformio/GroundControl/src/Input/../../../../../../../private/var/folders/_w/dqfylpbn3tj8rry9xjsrv_91bjpxvt/T/arduino-core-cache/core_Seeeduino_samd_seeed_XIAO_m0_442fda7ce8e3237e4329d558f95de192.a(SERCOM.cpp.o)
                0x00000000000026bc                SERCOM::prepareAckBitWIRE()
 .text._ZN6SERCOM22prepareCommandBitsWireEh
                0x00000000000026d0       0x2c /Users/scott.long/Nextcloud/platformio/GroundControl/src/Input/../../../../../../../private/var/folders/_w/dqfylpbn3tj8rry9xjsrv_91bjpxvt/T/arduino-core-cache/core_Seeeduino_samd_seeed_XIAO_m0_442fda7ce8e3237e4329d558f95de192.a(SERCOM.cpp.o)
                0x00000000000026d0                SERCOM::prepareCommandBitsWire(unsigned char)
 .text._ZN6SERCOM17sendDataSlaveWIREEh
                0x00000000000026fc       0x1c /Users/scott.long/Nextcloud/platformio/GroundControl/src/Input/../../../../../../../private/var/folders/_w/dqfylpbn3tj8rry9xjsrv_91bjpxvt/T/arduino-core-cache/core_Seeeduino_samd_seeed_XIAO_m0_442fda7ce8e3237e4329d558f95de192.a(SERCOM.cpp.o)
                0x00000000000026fc                SERCOM::sendDataSlaveWIRE(unsigned char)
 .text._ZN6SERCOM11isSlaveWIREEv
                0x0000000000002718       0x12 /Users/scott.long/Nextcloud/platformio/GroundControl/src/Input/../../../../../../../private/var/folders/_w/dqfylpbn3tj8rry9xjsrv_91bjpxvt/T/arduino-core-cache/core_Seeeduino_samd_seeed_XIAO_m0_442fda7ce8e3237e4329d558f95de192.a(SERCOM.cpp.o)
                0x0000000000002718                SERCOM::isSlaveWIRE()
 .text._ZN6SERCOM15isDataReadyWIREEv
                0x000000000000272a        0xa /Users/scott.long/Nextcloud/platformio/GroundControl/src/Input/../../../../../../../private/var/folders/_w/dqfylpbn3tj8rry9xjsrv_91bjpxvt/T/arduino-core-cache/core_Seeeduino_samd_seeed_XIAO_m0_442fda7ce8e3237e4329d558f95de192.a(SERCOM.cpp.o)
                0x000000000000272a                SERCOM::isDataReadyWIRE()
 .text._ZN6SERCOM18isStopDetectedWIREEv
                0x0000000000002734        0xa /Users/scott.long/Nextcloud/platformio/GroundControl/src/Input/../../../../../../../private/var/folders/_w/dqfylpbn3tj8rry9xjsrv_91bjpxvt/T/arduino-core-cache/core_Seeeduino_samd_seeed_XIAO_m0_442fda7ce8e3237e4329d558f95de192.a(SERCOM.cpp.o)
                0x0000000000002734                SERCOM::isStopDetectedWIRE()
 .text._ZN6SERCOM21isRestartDetectedWIREEv
                0x000000000000273e        0xa /Users/scott.long/Nextcloud/platformio/GroundControl/src/Input/../../../../../../../private/var/folders/_w/dqfylpbn3tj8rry9xjsrv_91bjpxvt/T/arduino-core-cache/core_Seeeduino_samd_seeed_XIAO_m0_442fda7ce8e3237e4329d558f95de192.a(SERCOM.cpp.o)
                0x000000000000273e                SERCOM::isRestartDetectedWIRE()
 .text._ZN6SERCOM14isAddressMatchEv
                0x0000000000002748        0xa /Users/scott.long/Nextcloud/platformio/GroundControl/src/Input/../../../../../../../private/var/folders/_w/dqfylpbn3tj8rry9xjsrv_91bjpxvt/T/arduino-core-cache/core_Seeeduino_samd_seeed_XIAO_m0_442fda7ce8e3237e4329d558f95de192.a(SERCOM.cpp.o)
                0x0000000000002748                SERCOM::isAddressMatch()
 .text._ZN6SERCOM25isMasterReadOperationWIREEv
                0x0000000000002752        0xa /Users/scott.long/Nextcloud/platformio/GroundControl/src/Input/../../../../../../../private/var/folders/_w/dqfylpbn3tj8rry9xjsrv_91bjpxvt/T/arduino-core-cache/core_Seeeduino_samd_seeed_XIAO_m0_442fda7ce8e3237e4329d558f95de192.a(SERCOM.cpp.o)
                0x0000000000002752                SERCOM::isMasterReadOperationWIRE()
 .text._ZN6SERCOM12readDataWIREEv
                0x000000000000275c       0x1a /Users/scott.long/Nextcloud/platformio/GroundControl/src/Input/../../../../../../../private/var/folders/_w/dqfylpbn3tj8rry9xjsrv_91bjpxvt/T/arduino-core-cache/core_Seeeduino_samd_seeed_XIAO_m0_442fda7ce8e3237e4329d558f95de192.a(SERCOM.cpp.o)
                0x000000000000275c                SERCOM::readDataWIRE()
 *fill*         0x0000000000002776        0x2 
 .text._ZN6SERCOM14getSercomIndexEv
                0x0000000000002778       0x5c /Users/scott.long/Nextcloud/platformio/GroundControl/src/Input/../../../../../../../private/var/folders/_w/dqfylpbn3tj8rry9xjsrv_91bjpxvt/T/arduino-core-cache/core_Seeeduino_samd_seeed_XIAO_m0_442fda7ce8e3237e4329d558f95de192.a(SERCOM.cpp.o)
                0x0000000000002778                SERCOM::getSercomIndex()
 .text._ZN6SERCOM13initClockNVICEv
                0x00000000000027d4       0x90 /Users/scott.long/Nextcloud/platformio/GroundControl/src/Input/../../../../../../../private/var/folders/_w/dqfylpbn3tj8rry9xjsrv_91bjpxvt/T/arduino-core-cache/core_Seeeduino_samd_seeed_XIAO_m0_442fda7ce8e3237e4329d558f95de192.a(SERCOM.cpp.o)
                0x00000000000027d4                SERCOM::initClockNVIC()
 .text._ZN6SERCOM8initUARTE14SercomUartMode20SercomUartSampleRatem
                0x0000000000002864       0x6c /Users/scott.long/Nextcloud/platformio/GroundControl/src/Input/../../../../../../../private/var/folders/_w/dqfylpbn3tj8rry9xjsrv_91bjpxvt/T/arduino-core-cache/core_Seeeduino_samd_seeed_XIAO_m0_442fda7ce8e3237e4329d558f95de192.a(SERCOM.cpp.o)
                0x0000000000002864                SERCOM::initUART(SercomUartMode, SercomUartSampleRate, unsigned long)
 .text._ZN6SERCOM13initSlaveWIREEhb
                0x00000000000028d0       0x4a /Users/scott.long/Nextcloud/platformio/GroundControl/src/Input/../../../../../../../private/var/folders/_w/dqfylpbn3tj8rry9xjsrv_91bjpxvt/T/arduino-core-cache/core_Seeeduino_samd_seeed_XIAO_m0_442fda7ce8e3237e4329d558f95de192.a(SERCOM.cpp.o)
                0x00000000000028d0                SERCOM::initSlaveWIRE(unsigned char, bool)
 .text._ZN4UartcvbEv
                0x000000000000291a        0x4 /Users/scott.long/Nextcloud/platformio/GroundControl/src/Input/../../../../../../../private/var/folders/_w/dqfylpbn3tj8rry9xjsrv_91bjpxvt/T/arduino-core-cache/core_Seeeduino_samd_seeed_XIAO_m0_442fda7ce8e3237e4329d558f95de192.a(Uart.cpp.o)
                0x000000000000291a                Uart::operator bool()
 *fill*         0x000000000000291e        0x2 
 .text._ZN4Uart5beginEm
                0x0000000000002920       0x10 /Users/scott.long/Nextcloud/platformio/GroundControl/src/Input/../../../../../../../private/var/folders/_w/dqfylpbn3tj8rry9xjsrv_91bjpxvt/T/arduino-core-cache/core_Seeeduino_samd_seeed_XIAO_m0_442fda7ce8e3237e4329d558f95de192.a(Uart.cpp.o)
                0x0000000000002920                Uart::begin(unsigned long)
 .text._ZN4Uart4peekEv
                0x0000000000002930       0x1a /Users/scott.long/Nextcloud/platformio/GroundControl/src/Input/../../../../../../../private/var/folders/_w/dqfylpbn3tj8rry9xjsrv_91bjpxvt/T/arduino-core-cache/core_Seeeduino_samd_seeed_XIAO_m0_442fda7ce8e3237e4329d558f95de192.a(Uart.cpp.o)
                0x0000000000002930                Uart::peek()
 .text._ZN4Uart3endEv
                0x000000000000294a       0x20 /Users/scott.long/Nextcloud/platformio/GroundControl/src/Input/../../../../../../../private/var/folders/_w/dqfylpbn3tj8rry9xjsrv_91bjpxvt/T/arduino-core-cache/core_Seeeduino_samd_seeed_XIAO_m0_442fda7ce8e3237e4329d558f95de192.a(Uart.cpp.o)
                0x000000000000294a                Uart::end()
 .text._ZN4Uart16extractNbStopBitEt
                0x000000000000296a        0xc /Users/scott.long/Nextcloud/platformio/GroundControl/src/Input/../../../../../../../private/var/folders/_w/dqfylpbn3tj8rry9xjsrv_91bjpxvt/T/arduino-core-cache/core_Seeeduino_samd_seeed_XIAO_m0_442fda7ce8e3237e4329d558f95de192.a(Uart.cpp.o)
                0x000000000000296a                Uart::extractNbStopBit(unsigned short)
 .text._ZN4Uart15extractCharSizeEt
                0x0000000000002976       0x28 /Users/scott.long/Nextcloud/platformio/GroundControl/src/Input/../../../../../../../private/var/folders/_w/dqfylpbn3tj8rry9xjsrv_91bjpxvt/T/arduino-core-cache/core_Seeeduino_samd_seeed_XIAO_m0_442fda7ce8e3237e4329d558f95de192.a(Uart.cpp.o)
                0x0000000000002976                Uart::extractCharSize(unsigned short)
 .text._ZN4Uart13extractParityEt
                0x000000000000299e       0x14 /Users/scott.long/Nextcloud/platformio/GroundControl/src/Input/../../../../../../../private/var/folders/_w/dqfylpbn3tj8rry9xjsrv_91bjpxvt/T/arduino-core-cache/core_Seeeduino_samd_seeed_XIAO_m0_442fda7ce8e3237e4329d558f95de192.a(Uart.cpp.o)
                0x000000000000299e                Uart::extractParity(unsigned short)
 *fill*         0x00000000000029b2        0x2 
 .text._ZN4Uart5beginEmt
                0x00000000000029b4       0xf8 /Users/scott.long/Nextcloud/platformio/GroundControl/src/Input/../../../../../../../private/var/folders/_w/dqfylpbn3tj8rry9xjsrv_91bjpxvt/T/arduino-core-cache/core_Seeeduino_samd_seeed_XIAO_m0_442fda7ce8e3237e4329d558f95de192.a(Uart.cpp.o)
                0x00000000000029b4                Uart::begin(unsigned long, unsigned short)
 .text._ZN11RingBufferNILi256EEC2Ev
                0x0000000000002aac       0x1c /Users/scott.long/Nextcloud/platformio/GroundControl/src/Input/../../../../../../../private/var/folders/_w/dqfylpbn3tj8rry9xjsrv_91bjpxvt/T/arduino-core-cache/core_Seeeduino_samd_seeed_XIAO_m0_442fda7ce8e3237e4329d558f95de192.a(Uart.cpp.o)
                0x0000000000002aac                RingBufferN<256>::RingBufferN()
                0x0000000000002aac                RingBufferN<256>::RingBufferN()
 .text._ZN4UartC2EP6SERCOMhh11SercomRXPad15SercomUartTXPad
                0x0000000000002ac8       0x74 /Users/scott.long/Nextcloud/platformio/GroundControl/src/Input/../../../../../../../private/var/folders/_w/dqfylpbn3tj8rry9xjsrv_91bjpxvt/T/arduino-core-cache/core_Seeeduino_samd_seeed_XIAO_m0_442fda7ce8e3237e4329d558f95de192.a(Uart.cpp.o)
                0x0000000000002ac8                Uart::Uart(SERCOM*, unsigned char, unsigned char, SercomRXPad, SercomUartTXPad)
                0x0000000000002ac8                Uart::Uart(SERCOM*, unsigned char, unsigned char, SercomRXPad, SercomUartTXPad)
 .text._ZN11RingBufferNILi256EE17availableForStoreEv
                0x0000000000002b3c       0x20 /Users/scott.long/Nextcloud/platformio/GroundControl/src/Input/../../../../../../../private/var/folders/_w/dqfylpbn3tj8rry9xjsrv_91bjpxvt/T/arduino-core-cache/core_Seeeduino_samd_seeed_XIAO_m0_442fda7ce8e3237e4329d558f95de192.a(Uart.cpp.o)
                0x0000000000002b3c                RingBufferN<256>::availableForStore()
 .text._ZN4Uart17availableForWriteEv
                0x0000000000002b5c        0xc /Users/scott.long/Nextcloud/platformio/GroundControl/src/Input/../../../../../../../private/var/folders/_w/dqfylpbn3tj8rry9xjsrv_91bjpxvt/T/arduino-core-cache/core_Seeeduino_samd_seeed_XIAO_m0_442fda7ce8e3237e4329d558f95de192.a(Uart.cpp.o)
                0x0000000000002b5c                Uart::availableForWrite()
 .text._ZN4Uart4readEv
                0x0000000000002b68       0x4c /Users/scott.long/Nextcloud/platformio/GroundControl/src/Input/../../../../../../../private/var/folders/_w/dqfylpbn3tj8rry9xjsrv_91bjpxvt/T/arduino-core-cache/core_Seeeduino_samd_seeed_XIAO_m0_442fda7ce8e3237e4329d558f95de192.a(Uart.cpp.o)
                0x0000000000002b68                Uart::read()
 .text._ZN11RingBufferNILi256EE9availableEv
                0x0000000000002bb4       0x12 /Users/scott.long/Nextcloud/platformio/GroundControl/src/Input/../../../../../../../private/var/folders/_w/dqfylpbn3tj8rry9xjsrv_91bjpxvt/T/arduino-core-cache/core_Seeeduino_samd_seeed_XIAO_m0_442fda7ce8e3237e4329d558f95de192.a(Uart.cpp.o)
                0x0000000000002bb4                RingBufferN<256>::available()
 .text._ZN4Uart5flushEv
                0x0000000000002bc6       0x1a /Users/scott.long/Nextcloud/platformio/GroundControl/src/Input/../../../../../../../private/var/folders/_w/dqfylpbn3tj8rry9xjsrv_91bjpxvt/T/arduino-core-cache/core_Seeeduino_samd_seeed_XIAO_m0_442fda7ce8e3237e4329d558f95de192.a(Uart.cpp.o)
                0x0000000000002bc6                Uart::flush()
 .text._ZN4Uart9availableEv
                0x0000000000002be0        0xa /Users/scott.long/Nextcloud/platformio/GroundControl/src/Input/../../../../../../../private/var/folders/_w/dqfylpbn3tj8rry9xjsrv_91bjpxvt/T/arduino-core-cache/core_Seeeduino_samd_seeed_XIAO_m0_442fda7ce8e3237e4329d558f95de192.a(Uart.cpp.o)
                0x0000000000002be0                Uart::available()
 .text._ZN4Uart10IrqHandlerEv
                0x0000000000002bea       0xcc /Users/scott.long/Nextcloud/platformio/GroundControl/src/Input/../../../../../../../private/var/folders/_w/dqfylpbn3tj8rry9xjsrv_91bjpxvt/T/arduino-core-cache/core_Seeeduino_samd_seeed_XIAO_m0_442fda7ce8e3237e4329d558f95de192.a(Uart.cpp.o)
                0x0000000000002bea                Uart::IrqHandler()
 *fill*         0x0000000000002cb6        0x2 
 .text._ZN4Uart5writeEh
                0x0000000000002cb8       0xb4 /Users/scott.long/Nextcloud/platformio/GroundControl/src/Input/../../../../../../../private/var/folders/_w/dqfylpbn3tj8rry9xjsrv_91bjpxvt/T/arduino-core-cache/core_Seeeduino_samd_seeed_XIAO_m0_442fda7ce8e3237e4329d558f95de192.a(Uart.cpp.o)
                0x0000000000002cb8                Uart::write(unsigned char)
 .text.Dummy_Handler
                0x0000000000002d6c        0x2 /Users/scott.long/Nextcloud/platformio/GroundControl/src/Input/../../../../../../../private/var/folders/_w/dqfylpbn3tj8rry9xjsrv_91bjpxvt/T/arduino-core-cache/core_Seeeduino_samd_seeed_XIAO_m0_442fda7ce8e3237e4329d558f95de192.a(cortex_handlers.c.o)
                0x0000000000002d6c                SYSCTRL_Handler
                0x0000000000002d6c                HardFault_Handler
                0x0000000000002d6c                AC_Handler
                0x0000000000002d6c                PendSV_Handler
                0x0000000000002d6c                NMI_Handler
                0x0000000000002d6c                TC7_Handler
                0x0000000000002d6c                SERCOM1_Handler
                0x0000000000002d6c                ADC_Handler
                0x0000000000002d6c                TCC1_Handler
                0x0000000000002d6c                TCC0_Handler
                0x0000000000002d6c                RTC_Handler
                0x0000000000002d6c                EIC_Handler
                0x0000000000002d6c                TC6_Handler
                0x0000000000002d6c                WDT_Handler
                0x0000000000002d6c                TC4_Handler
                0x0000000000002d6c                TC3_Handler
                0x0000000000002d6c                Dummy_Handler
                0x0000000000002d6c                PM_Handler
                0x0000000000002d6c                SERCOM5_Handler
                0x0000000000002d6c                SVC_Handler
                0x0000000000002d6c                TCC2_Handler
                0x0000000000002d6c                EVSYS_Handler
                0x0000000000002d6c                SERCOM3_Handler
                0x0000000000002d6c                I2S_Handler
                0x0000000000002d6c                NVMCTRL_Handler
                0x0000000000002d6c                SERCOM0_Handler
                0x0000000000002d6c                DAC_Handler
                0x0000000000002d6c                PTC_Handler
                0x0000000000002d6c                DMAC_Handler
 *fill*         0x0000000000002d6e        0x2 
 .text.USB_Handler
                0x0000000000002d70       0x14 /Users/scott.long/Nextcloud/platformio/GroundControl/src/Input/../../../../../../../private/var/folders/_w/dqfylpbn3tj8rry9xjsrv_91bjpxvt/T/arduino-core-cache/core_Seeeduino_samd_seeed_XIAO_m0_442fda7ce8e3237e4329d558f95de192.a(cortex_handlers.c.o)
                0x0000000000002d70                USB_Handler
 .text.Reset_Handler
                0x0000000000002d84       0x54 /Users/scott.long/Nextcloud/platformio/GroundControl/src/Input/../../../../../../../private/var/folders/_w/dqfylpbn3tj8rry9xjsrv_91bjpxvt/T/arduino-core-cache/core_Seeeduino_samd_seeed_XIAO_m0_442fda7ce8e3237e4329d558f95de192.a(cortex_handlers.c.o)
                0x0000000000002d84                Reset_Handler
 .text.SysTick_Handler
                0x0000000000002dd8       0x10 /Users/scott.long/Nextcloud/platformio/GroundControl/src/Input/../../../../../../../private/var/folders/_w/dqfylpbn3tj8rry9xjsrv_91bjpxvt/T/arduino-core-cache/core_Seeeduino_samd_seeed_XIAO_m0_442fda7ce8e3237e4329d558f95de192.a(cortex_handlers.c.o)
                0x0000000000002dd8                SysTick_Handler
 .text.USB_SetHandler
                0x0000000000002de8        0xc /Users/scott.long/Nextcloud/platformio/GroundControl/src/Input/../../../../../../../private/var/folders/_w/dqfylpbn3tj8rry9xjsrv_91bjpxvt/T/arduino-core-cache/core_Seeeduino_samd_seeed_XIAO_m0_442fda7ce8e3237e4329d558f95de192.a(cortex_handlers.c.o)
                0x0000000000002de8                USB_SetHandler
 .text.micros   0x0000000000002df4       0x60 /Users/scott.long/Nextcloud/platformio/GroundControl/src/Input/../../../../../../../private/var/folders/_w/dqfylpbn3tj8rry9xjsrv_91bjpxvt/T/arduino-core-cache/core_Seeeduino_samd_seeed_XIAO_m0_442fda7ce8e3237e4329d558f95de192.a(delay.c.o)
                0x0000000000002df4                micros
 .text._real_delay
                0x0000000000002e54       0x30 /Users/scott.long/Nextcloud/platformio/GroundControl/src/Input/../../../../../../../private/var/folders/_w/dqfylpbn3tj8rry9xjsrv_91bjpxvt/T/arduino-core-cache/core_Seeeduino_samd_seeed_XIAO_m0_442fda7ce8e3237e4329d558f95de192.a(delay.c.o)
                0x0000000000002e54                delay
                0x0000000000002e54                _real_delay
 .text.SysTick_DefaultHandler
                0x0000000000002e84       0x14 /Users/scott.long/Nextcloud/platformio/GroundControl/src/Input/../../../../../../../private/var/folders/_w/dqfylpbn3tj8rry9xjsrv_91bjpxvt/T/arduino-core-cache/core_Seeeduino_samd_seeed_XIAO_m0_442fda7ce8e3237e4329d558f95de192.a(delay.c.o)
                0x0000000000002e84                SysTick_DefaultHandler
 .text.__empty  0x0000000000002e98        0x2 /Users/scott.long/Nextcloud/platformio/GroundControl/src/Input/../../../../../../../private/var/folders/_w/dqfylpbn3tj8rry9xjsrv_91bjpxvt/T/arduino-core-cache/core_Seeeduino_samd_seeed_XIAO_m0_442fda7ce8e3237e4329d558f95de192.a(hooks.c.o)
                0x0000000000002e98                yield
 .text.__false  0x0000000000002e9a        0x4 /Users/scott.long/Nextcloud/platformio/GroundControl/src/Input/../../../../../../../private/var/folders/_w/dqfylpbn3tj8rry9xjsrv_91bjpxvt/T/arduino-core-cache/core_Seeeduino_samd_seeed_XIAO_m0_442fda7ce8e3237e4329d558f95de192.a(hooks.c.o)
                0x0000000000002e9a                sysTickHook
 .text.ltoa     0x0000000000002e9e       0x72 /Users/scott.long/Nextcloud/platformio/GroundControl/src/Input/../../../../../../../private/var/folders/_w/dqfylpbn3tj8rry9xjsrv_91bjpxvt/T/arduino-core-cache/core_Seeeduino_samd_seeed_XIAO_m0_442fda7ce8e3237e4329d558f95de192.a(itoa.c.o)
                0x0000000000002e9e                ltoa
 .text.itoa     0x0000000000002f10        0x8 /Users/scott.long/Nextcloud/platformio/GroundControl/src/Input/../../../../../../../private/var/folders/_w/dqfylpbn3tj8rry9xjsrv_91bjpxvt/T/arduino-core-cache/core_Seeeduino_samd_seeed_XIAO_m0_442fda7ce8e3237e4329d558f95de192.a(itoa.c.o)
                0x0000000000002f10                itoa
 .text._Z11initVariantv
                0x0000000000002f18        0x2 /Users/scott.long/Nextcloud/platformio/GroundControl/src/Input/../../../../../../../private/var/folders/_w/dqfylpbn3tj8rry9xjsrv_91bjpxvt/T/arduino-core-cache/core_Seeeduino_samd_seeed_XIAO_m0_442fda7ce8e3237e4329d558f95de192.a(main.cpp.o)
                0x0000000000002f18                initVariant()
 *fill*         0x0000000000002f1a        0x2 
 .text._Z10_real_bodyv
                0x0000000000002f1c       0x20 /Users/scott.long/Nextcloud/platformio/GroundControl/src/Input/../../../../../../../private/var/folders/_w/dqfylpbn3tj8rry9xjsrv_91bjpxvt/T/arduino-core-cache/core_Seeeduino_samd_seeed_XIAO_m0_442fda7ce8e3237e4329d558f95de192.a(main.cpp.o)
                0x0000000000002f1c                _real_body()
 .text._Z10_wrap_bodyv
                0x0000000000002f3c        0x6 /Users/scott.long/Nextcloud/platformio/GroundControl/src/Input/../../../../../../../private/var/folders/_w/dqfylpbn3tj8rry9xjsrv_91bjpxvt/T/arduino-core-cache/core_Seeeduino_samd_seeed_XIAO_m0_442fda7ce8e3237e4329d558f95de192.a(main.cpp.o)
                0x0000000000002f3c                _wrap_body()
 *fill*         0x0000000000002f42        0x2 
 .text.startup.main
                0x0000000000002f44       0x30 /Users/scott.long/Nextcloud/platformio/GroundControl/src/Input/../../../../../../../private/var/folders/_w/dqfylpbn3tj8rry9xjsrv_91bjpxvt/T/arduino-core-cache/core_Seeeduino_samd_seeed_XIAO_m0_442fda7ce8e3237e4329d558f95de192.a(main.cpp.o)
                0x0000000000002f44                main
 .text.SystemInit
                0x0000000000002f74      0x160 /Users/scott.long/Nextcloud/platformio/GroundControl/src/Input/../../../../../../../private/var/folders/_w/dqfylpbn3tj8rry9xjsrv_91bjpxvt/T/arduino-core-cache/core_Seeeduino_samd_seeed_XIAO_m0_442fda7ce8e3237e4329d558f95de192.a(startup.c.o)
                0x0000000000002f74                SystemInit
 .text.init     0x00000000000030d4       0xe0 /Users/scott.long/Nextcloud/platformio/GroundControl/src/Input/../../../../../../../private/var/folders/_w/dqfylpbn3tj8rry9xjsrv_91bjpxvt/T/arduino-core-cache/core_Seeeduino_samd_seeed_XIAO_m0_442fda7ce8e3237e4329d558f95de192.a(wiring.c.o)
                0x00000000000030d4                init
 .text.analogReference
                0x00000000000031b4       0x88 /Users/scott.long/Nextcloud/platformio/GroundControl/src/Input/../../../../../../../private/var/folders/_w/dqfylpbn3tj8rry9xjsrv_91bjpxvt/T/arduino-core-cache/core_Seeeduino_samd_seeed_XIAO_m0_442fda7ce8e3237e4329d558f95de192.a(wiring_analog.c.o)
                0x00000000000031b4                analogReference
 .text.analogRead
                0x000000000000323c       0xc4 /Users/scott.long/Nextcloud/platformio/GroundControl/src/Input/../../../../../../../private/var/folders/_w/dqfylpbn3tj8rry9xjsrv_91bjpxvt/T/arduino-core-cache/core_Seeeduino_samd_seeed_XIAO_m0_442fda7ce8e3237e4329d558f95de192.a(wiring_analog.c.o)
                0x000000000000323c                analogRead
 .text.pinMode  0x0000000000003300       0x60 /Users/scott.long/Nextcloud/platformio/GroundControl/src/Input/../../../../../../../private/var/folders/_w/dqfylpbn3tj8rry9xjsrv_91bjpxvt/T/arduino-core-cache/core_Seeeduino_samd_seeed_XIAO_m0_442fda7ce8e3237e4329d558f95de192.a(wiring_digital.c.o)
                0x0000000000003300                pinMode
 .text.digitalWrite
                0x0000000000003360       0x58 /Users/scott.long/Nextcloud/platformio/GroundControl/src/Input/../../../../../../../private/var/folders/_w/dqfylpbn3tj8rry9xjsrv_91bjpxvt/T/arduino-core-cache/core_Seeeduino_samd_seeed_XIAO_m0_442fda7ce8e3237e4329d558f95de192.a(wiring_digital.c.o)
                0x0000000000003360                digitalWrite
 .text.digitalRead
                0x00000000000033b8       0x30 /Users/scott.long/Nextcloud/platformio/GroundControl/src/Input/../../../../../../../private/var/folders/_w/dqfylpbn3tj8rry9xjsrv_91bjpxvt/T/arduino-core-cache/core_Seeeduino_samd_seeed_XIAO_m0_442fda7ce8e3237e4329d558f95de192.a(wiring_digital.c.o)
                0x00000000000033b8                digitalRead
 .text.mapResolution
                0x00000000000033e8       0x12 /Users/scott.long/Nextcloud/platformio/GroundControl/src/Input/../../../../../../../private/var/folders/_w/dqfylpbn3tj8rry9xjsrv_91bjpxvt/T/arduino-core-cache/core_Seeeduino_samd_seeed_XIAO_m0_442fda7ce8e3237e4329d558f95de192.a(wiring_private.c.o)
                0x00000000000033e8                mapResolution
 *fill*         0x00000000000033fa        0x2 
 .text.pinPeripheral
                0x00000000000033fc       0xc4 /Users/scott.long/Nextcloud/platformio/GroundControl/src/Input/../../../../../../../private/var/folders/_w/dqfylpbn3tj8rry9xjsrv_91bjpxvt/T/arduino-core-cache/core_Seeeduino_samd_seeed_XIAO_m0_442fda7ce8e3237e4329d558f95de192.a(wiring_private.c.o)
                0x00000000000033fc                pinPeripheral
 .text._ZN5Print5writeEPKhj
                0x00000000000034c0       0x28 /Users/scott.long/Nextcloud/platformio/GroundControl/src/Input/../../../../../../../private/var/folders/_w/dqfylpbn3tj8rry9xjsrv_91bjpxvt/T/arduino-core-cache/core_Seeeduino_samd_seeed_XIAO_m0_442fda7ce8e3237e4329d558f95de192.a(Print.cpp.o)
                0x00000000000034c0                Print::write(unsigned char const*, unsigned int)
 .text.initiateReset
                0x00000000000034e8        0xc /Users/scott.long/Nextcloud/platformio/GroundControl/src/Input/../../../../../../../private/var/folders/_w/dqfylpbn3tj8rry9xjsrv_91bjpxvt/T/arduino-core-cache/core_Seeeduino_samd_seeed_XIAO_m0_442fda7ce8e3237e4329d558f95de192.a(Reset.cpp.o)
                0x00000000000034e8                initiateReset
 .text.cancelReset
                0x00000000000034f4       0x10 /Users/scott.long/Nextcloud/platformio/GroundControl/src/Input/../../../../../../../private/var/folders/_w/dqfylpbn3tj8rry9xjsrv_91bjpxvt/T/arduino-core-cache/core_Seeeduino_samd_seeed_XIAO_m0_442fda7ce8e3237e4329d558f95de192.a(Reset.cpp.o)
                0x00000000000034f4                cancelReset
 .text.tickReset
                0x0000000000003504       0x78 /Users/scott.long/Nextcloud/platformio/GroundControl/src/Input/../../../../../../../private/var/folders/_w/dqfylpbn3tj8rry9xjsrv_91bjpxvt/T/arduino-core-cache/core_Seeeduino_samd_seeed_XIAO_m0_442fda7ce8e3237e4329d558f95de192.a(Reset.cpp.o)
                0x0000000000003504                tickReset
 .text._ZN26DoubleBufferedEPOutHandlerD2Ev
                0x000000000000357c        0x2 /Users/scott.long/Nextcloud/platformio/GroundControl/src/Input/../../../../../../../private/var/folders/_w/dqfylpbn3tj8rry9xjsrv_91bjpxvt/T/arduino-core-cache/core_Seeeduino_samd_seeed_XIAO_m0_442fda7ce8e3237e4329d558f95de192.a(USBCore.cpp.o)
                0x000000000000357c                DoubleBufferedEPOutHandler::~DoubleBufferedEPOutHandler()
                0x000000000000357c                DoubleBufferedEPOutHandler::~DoubleBufferedEPOutHandler()
 .text._ZN26DoubleBufferedEPOutHandler4initEv
                0x000000000000357e        0x2 /Users/scott.long/Nextcloud/platformio/GroundControl/src/Input/../../../../../../../private/var/folders/_w/dqfylpbn3tj8rry9xjsrv_91bjpxvt/T/arduino-core-cache/core_Seeeduino_samd_seeed_XIAO_m0_442fda7ce8e3237e4329d558f95de192.a(USBCore.cpp.o)
                0x000000000000357e                DoubleBufferedEPOutHandler::init()
 .text._ZL5utox8mPc
                0x0000000000003580       0x24 /Users/scott.long/Nextcloud/platformio/GroundControl/src/Input/../../../../../../../private/var/folders/_w/dqfylpbn3tj8rry9xjsrv_91bjpxvt/T/arduino-core-cache/core_Seeeduino_samd_seeed_XIAO_m0_442fda7ce8e3237e4329d558f95de192.a(USBCore.cpp.o)
 .text._ZN26DoubleBufferedEPOutHandlerD0Ev
                0x00000000000035a4       0x10 /Users/scott.long/Nextcloud/platformio/GroundControl/src/Input/../../../../../../../private/var/folders/_w/dqfylpbn3tj8rry9xjsrv_91bjpxvt/T/arduino-core-cache/core_Seeeduino_samd_seeed_XIAO_m0_442fda7ce8e3237e4329d558f95de192.a(USBCore.cpp.o)
                0x00000000000035a4                DoubleBufferedEPOutHandler::~DoubleBufferedEPOutHandler()
 .text._ZN14USBDeviceClass6initEPEmm.part.8
                0x00000000000035b4       0xe0 /Users/scott.long/Nextcloud/platformio/GroundControl/src/Input/../../../../../../../private/var/folders/_w/dqfylpbn3tj8rry9xjsrv_91bjpxvt/T/arduino-core-cache/core_Seeeduino_samd_seeed_XIAO_m0_442fda7ce8e3237e4329d558f95de192.a(USBCore.cpp.o)
 .text._ZN7__GuardC2Ev
                0x0000000000003694        0xe /Users/scott.long/Nextcloud/platformio/GroundControl/src/Input/../../../../../../../private/var/folders/_w/dqfylpbn3tj8rry9xjsrv_91bjpxvt/T/arduino-core-cache/core_Seeeduino_samd_seeed_XIAO_m0_442fda7ce8e3237e4329d558f95de192.a(USBCore.cpp.o)
                0x0000000000003694                __Guard::__Guard()
                0x0000000000003694                __Guard::__Guard()
 .text._ZN7__GuardD2Ev
                0x00000000000036a2        0xe /Users/scott.long/Nextcloud/platformio/GroundControl/src/Input/../../../../../../../private/var/folders/_w/dqfylpbn3tj8rry9xjsrv_91bjpxvt/T/arduino-core-cache/core_Seeeduino_samd_seeed_XIAO_m0_442fda7ce8e3237e4329d558f95de192.a(USBCore.cpp.o)
                0x00000000000036a2                __Guard::~__Guard()
                0x00000000000036a2                __Guard::~__Guard()
 .text._ZNK26DoubleBufferedEPOutHandler10_availableEv
                0x00000000000036b0       0x6a /Users/scott.long/Nextcloud/platformio/GroundControl/src/Input/../../../../../../../private/var/folders/_w/dqfylpbn3tj8rry9xjsrv_91bjpxvt/T/arduino-core-cache/core_Seeeduino_samd_seeed_XIAO_m0_442fda7ce8e3237e4329d558f95de192.a(USBCore.cpp.o)
                0x00000000000036b0                DoubleBufferedEPOutHandler::_available() const
 *fill*         0x000000000000371a        0x2 
 .text._ZN26DoubleBufferedEPOutHandler7releaseEv
                0x000000000000371c       0x3c /Users/scott.long/Nextcloud/platformio/GroundControl/src/Input/../../../../../../../private/var/folders/_w/dqfylpbn3tj8rry9xjsrv_91bjpxvt/T/arduino-core-cache/core_Seeeduino_samd_seeed_XIAO_m0_442fda7ce8e3237e4329d558f95de192.a(USBCore.cpp.o)
                0x000000000000371c                DoubleBufferedEPOutHandler::release()
 .text._ZN26DoubleBufferedEPOutHandler14handleEndpointEv
                0x0000000000003758       0xdc /Users/scott.long/Nextcloud/platformio/GroundControl/src/Input/../../../../../../../private/var/folders/_w/dqfylpbn3tj8rry9xjsrv_91bjpxvt/T/arduino-core-cache/core_Seeeduino_samd_seeed_XIAO_m0_442fda7ce8e3237e4329d558f95de192.a(USBCore.cpp.o)
                0x0000000000003758                DoubleBufferedEPOutHandler::handleEndpoint()
 .text._ZN26DoubleBufferedEPOutHandler5_recvEv
                0x0000000000003834      0x184 /Users/scott.long/Nextcloud/platformio/GroundControl/src/Input/../../../../../../../private/var/folders/_w/dqfylpbn3tj8rry9xjsrv_91bjpxvt/T/arduino-core-cache/core_Seeeduino_samd_seeed_XIAO_m0_442fda7ce8e3237e4329d558f95de192.a(USBCore.cpp.o)
                0x0000000000003834                DoubleBufferedEPOutHandler::_recv()
 .text._ZN26DoubleBufferedEPOutHandler4peekEv
                0x00000000000039b8       0x22 /Users/scott.long/Nextcloud/platformio/GroundControl/src/Input/../../../../../../../private/var/folders/_w/dqfylpbn3tj8rry9xjsrv_91bjpxvt/T/arduino-core-cache/core_Seeeduino_samd_seeed_XIAO_m0_442fda7ce8e3237e4329d558f95de192.a(USBCore.cpp.o)
                0x00000000000039b8                DoubleBufferedEPOutHandler::peek()
 .text._ZN26DoubleBufferedEPOutHandler9availableEv
                0x00000000000039da       0x18 /Users/scott.long/Nextcloud/platformio/GroundControl/src/Input/../../../../../../../private/var/folders/_w/dqfylpbn3tj8rry9xjsrv_91bjpxvt/T/arduino-core-cache/core_Seeeduino_samd_seeed_XIAO_m0_442fda7ce8e3237e4329d558f95de192.a(USBCore.cpp.o)
                0x00000000000039da                DoubleBufferedEPOutHandler::available()
 .text._ZN26DoubleBufferedEPOutHandler4recvEPvm
                0x00000000000039f2       0x72 /Users/scott.long/Nextcloud/platformio/GroundControl/src/Input/../../../../../../../private/var/folders/_w/dqfylpbn3tj8rry9xjsrv_91bjpxvt/T/arduino-core-cache/core_Seeeduino_samd_seeed_XIAO_m0_442fda7ce8e3237e4329d558f95de192.a(USBCore.cpp.o)
                0x00000000000039f2                DoubleBufferedEPOutHandler::recv(void*, unsigned long)
 .text._ZN14USBDeviceClass14SendInterfacesEPm
                0x0000000000003a64       0x2c /Users/scott.long/Nextcloud/platformio/GroundControl/src/Input/../../../../../../../private/var/folders/_w/dqfylpbn3tj8rry9xjsrv_91bjpxvt/T/arduino-core-cache/core_Seeeduino_samd_seeed_XIAO_m0_442fda7ce8e3237e4329d558f95de192.a(USBCore.cpp.o)
                0x0000000000003a64                USBDeviceClass::SendInterfaces(unsigned long*)
 .text._ZN14USBDeviceClass14handleEndpointEh
                0x0000000000003a90       0x48 /Users/scott.long/Nextcloud/platformio/GroundControl/src/Input/../../../../../../../private/var/folders/_w/dqfylpbn3tj8rry9xjsrv_91bjpxvt/T/arduino-core-cache/core_Seeeduino_samd_seeed_XIAO_m0_442fda7ce8e3237e4329d558f95de192.a(USBCore.cpp.o)
                0x0000000000003a90                USBDeviceClass::handleEndpoint(unsigned char)
 .text._ZN14USBDeviceClass4initEv
                0x0000000000003ad8      0x110 /Users/scott.long/Nextcloud/platformio/GroundControl/src/Input/../../../../../../../private/var/folders/_w/dqfylpbn3tj8rry9xjsrv_91bjpxvt/T/arduino-core-cache/core_Seeeduino_samd_seeed_XIAO_m0_442fda7ce8e3237e4329d558f95de192.a(USBCore.cpp.o)
                0x0000000000003ad8                USBDeviceClass::init()
 .text._ZN14USBDeviceClass6attachEv
                0x0000000000003be8       0x34 /Users/scott.long/Nextcloud/platformio/GroundControl/src/Input/../../../../../../../private/var/folders/_w/dqfylpbn3tj8rry9xjsrv_91bjpxvt/T/arduino-core-cache/core_Seeeduino_samd_seeed_XIAO_m0_442fda7ce8e3237e4329d558f95de192.a(USBCore.cpp.o)
                0x0000000000003be8                USBDeviceClass::attach()
 .text._ZN14USBDeviceClass10setAddressEm
                0x0000000000003c1c       0x48 /Users/scott.long/Nextcloud/platformio/GroundControl/src/Input/../../../../../../../private/var/folders/_w/dqfylpbn3tj8rry9xjsrv_91bjpxvt/T/arduino-core-cache/core_Seeeduino_samd_seeed_XIAO_m0_442fda7ce8e3237e4329d558f95de192.a(USBCore.cpp.o)
                0x0000000000003c1c                USBDeviceClass::setAddress(unsigned long)
 .text._ZN14USBDeviceClass25handleClassInterfaceSetupER8USBSetup
                0x0000000000003c64       0x44 /Users/scott.long/Nextcloud/platformio/GroundControl/src/Input/../../../../../../../private/var/folders/_w/dqfylpbn3tj8rry9xjsrv_91bjpxvt/T/arduino-core-cache/core_Seeeduino_samd_seeed_XIAO_m0_442fda7ce8e3237e4329d558f95de192.a(USBCore.cpp.o)
                0x0000000000003c64                USBDeviceClass::handleClassInterfaceSetup(USBSetup&)
 .text._ZN14USBDeviceClass6initEPEmm
                0x0000000000003ca8      0x12c /Users/scott.long/Nextcloud/platformio/GroundControl/src/Input/../../../../../../../private/var/folders/_w/dqfylpbn3tj8rry9xjsrv_91bjpxvt/T/arduino-core-cache/core_Seeeduino_samd_seeed_XIAO_m0_442fda7ce8e3237e4329d558f95de192.a(USBCore.cpp.o)
                0x0000000000003ca8                USBDeviceClass::initEP(unsigned long, unsigned long)
 .text._ZN14USBDeviceClass13initEndpointsEv
                0x0000000000003dd4       0x24 /Users/scott.long/Nextcloud/platformio/GroundControl/src/Input/../../../../../../../private/var/folders/_w/dqfylpbn3tj8rry9xjsrv_91bjpxvt/T/arduino-core-cache/core_Seeeduino_samd_seeed_XIAO_m0_442fda7ce8e3237e4329d558f95de192.a(USBCore.cpp.o)
                0x0000000000003dd4                USBDeviceClass::initEndpoints()
 .text._ZN14USBDeviceClass5clearEm
                0x0000000000003df8       0x38 /Users/scott.long/Nextcloud/platformio/GroundControl/src/Input/../../../../../../../private/var/folders/_w/dqfylpbn3tj8rry9xjsrv_91bjpxvt/T/arduino-core-cache/core_Seeeduino_samd_seeed_XIAO_m0_442fda7ce8e3237e4329d558f95de192.a(USBCore.cpp.o)
                0x0000000000003df8                USBDeviceClass::clear(unsigned long)
 .text._ZN14USBDeviceClass9availableEm
                0x0000000000003e30       0x2c /Users/scott.long/Nextcloud/platformio/GroundControl/src/Input/../../../../../../../private/var/folders/_w/dqfylpbn3tj8rry9xjsrv_91bjpxvt/T/arduino-core-cache/core_Seeeduino_samd_seeed_XIAO_m0_442fda7ce8e3237e4329d558f95de192.a(USBCore.cpp.o)
                0x0000000000003e30                USBDeviceClass::available(unsigned long)
 .text._ZN14USBDeviceClass5flushEm
                0x0000000000003e5c       0x2c /Users/scott.long/Nextcloud/platformio/GroundControl/src/Input/../../../../../../../private/var/folders/_w/dqfylpbn3tj8rry9xjsrv_91bjpxvt/T/arduino-core-cache/core_Seeeduino_samd_seeed_XIAO_m0_442fda7ce8e3237e4329d558f95de192.a(USBCore.cpp.o)
                0x0000000000003e5c                USBDeviceClass::flush(unsigned long)
 .text._ZN14USBDeviceClass14armRecvCtrlOUTEm
                0x0000000000003e88       0x5c /Users/scott.long/Nextcloud/platformio/GroundControl/src/Input/../../../../../../../private/var/folders/_w/dqfylpbn3tj8rry9xjsrv_91bjpxvt/T/arduino-core-cache/core_Seeeduino_samd_seeed_XIAO_m0_442fda7ce8e3237e4329d558f95de192.a(USBCore.cpp.o)
                0x0000000000003e88                USBDeviceClass::armRecvCtrlOUT(unsigned long)
 .text._ZN14USBDeviceClass11recvControlEPvm
                0x0000000000003ee4       0x3c /Users/scott.long/Nextcloud/platformio/GroundControl/src/Input/../../../../../../../private/var/folders/_w/dqfylpbn3tj8rry9xjsrv_91bjpxvt/T/arduino-core-cache/core_Seeeduino_samd_seeed_XIAO_m0_442fda7ce8e3237e4329d558f95de192.a(USBCore.cpp.o)
                0x0000000000003ee4                USBDeviceClass::recvControl(void*, unsigned long)
 .text._ZN14USBDeviceClass7armRecvEm
                0x0000000000003f20       0x38 /Users/scott.long/Nextcloud/platformio/GroundControl/src/Input/../../../../../../../private/var/folders/_w/dqfylpbn3tj8rry9xjsrv_91bjpxvt/T/arduino-core-cache/core_Seeeduino_samd_seeed_XIAO_m0_442fda7ce8e3237e4329d558f95de192.a(USBCore.cpp.o)
                0x0000000000003f20                USBDeviceClass::armRecv(unsigned long)
 .text._ZN14USBDeviceClass4recvEmPvm
                0x0000000000003f58       0xd8 /Users/scott.long/Nextcloud/platformio/GroundControl/src/Input/../../../../../../../private/var/folders/_w/dqfylpbn3tj8rry9xjsrv_91bjpxvt/T/arduino-core-cache/core_Seeeduino_samd_seeed_XIAO_m0_442fda7ce8e3237e4329d558f95de192.a(USBCore.cpp.o)
                0x0000000000003f58                USBDeviceClass::recv(unsigned long, void*, unsigned long)
 .text._ZN14USBDeviceClass4recvEm
                0x0000000000004030       0x1c /Users/scott.long/Nextcloud/platformio/GroundControl/src/Input/../../../../../../../private/var/folders/_w/dqfylpbn3tj8rry9xjsrv_91bjpxvt/T/arduino-core-cache/core_Seeeduino_samd_seeed_XIAO_m0_442fda7ce8e3237e4329d558f95de192.a(USBCore.cpp.o)
                0x0000000000004030                USBDeviceClass::recv(unsigned long)
 .text._ZN14USBDeviceClass4sendEmPKvm
                0x000000000000404c      0x110 /Users/scott.long/Nextcloud/platformio/GroundControl/src/Input/../../../../../../../private/var/folders/_w/dqfylpbn3tj8rry9xjsrv_91bjpxvt/T/arduino-core-cache/core_Seeeduino_samd_seeed_XIAO_m0_442fda7ce8e3237e4329d558f95de192.a(USBCore.cpp.o)
                0x000000000000404c                USBDeviceClass::send(unsigned long, void const*, unsigned long)
 .text._ZN14USBDeviceClass7armSendEmPKvm
                0x000000000000415c       0x48 /Users/scott.long/Nextcloud/platformio/GroundControl/src/Input/../../../../../../../private/var/folders/_w/dqfylpbn3tj8rry9xjsrv_91bjpxvt/T/arduino-core-cache/core_Seeeduino_samd_seeed_XIAO_m0_442fda7ce8e3237e4329d558f95de192.a(USBCore.cpp.o)
                0x000000000000415c                USBDeviceClass::armSend(unsigned long, void const*, unsigned long)
 .text._ZN14USBDeviceClass11sendControlEPKvm
                0x00000000000041a4       0x54 /Users/scott.long/Nextcloud/platformio/GroundControl/src/Input/../../../../../../../private/var/folders/_w/dqfylpbn3tj8rry9xjsrv_91bjpxvt/T/arduino-core-cache/core_Seeeduino_samd_seeed_XIAO_m0_442fda7ce8e3237e4329d558f95de192.a(USBCore.cpp.o)
                0x00000000000041a4                USBDeviceClass::sendControl(void const*, unsigned long)
 .text._ZN14USBDeviceClass20sendStringDescriptorEPKhh
                0x00000000000041f8       0x68 /Users/scott.long/Nextcloud/platformio/GroundControl/src/Input/../../../../../../../private/var/folders/_w/dqfylpbn3tj8rry9xjsrv_91bjpxvt/T/arduino-core-cache/core_Seeeduino_samd_seeed_XIAO_m0_442fda7ce8e3237e4329d558f95de192.a(USBCore.cpp.o)
                0x00000000000041f8                USBDeviceClass::sendStringDescriptor(unsigned char const*, unsigned char)
 .text._ZN14USBDeviceClass17sendConfigurationEm
                0x0000000000004260       0x80 /Users/scott.long/Nextcloud/platformio/GroundControl/src/Input/../../../../../../../private/var/folders/_w/dqfylpbn3tj8rry9xjsrv_91bjpxvt/T/arduino-core-cache/core_Seeeduino_samd_seeed_XIAO_m0_442fda7ce8e3237e4329d558f95de192.a(USBCore.cpp.o)
                0x0000000000004260                USBDeviceClass::sendConfiguration(unsigned long)
 .text._ZN14USBDeviceClass14sendDescriptorER8USBSetup
                0x00000000000042e0       0xf0 /Users/scott.long/Nextcloud/platformio/GroundControl/src/Input/../../../../../../../private/var/folders/_w/dqfylpbn3tj8rry9xjsrv_91bjpxvt/T/arduino-core-cache/core_Seeeduino_samd_seeed_XIAO_m0_442fda7ce8e3237e4329d558f95de192.a(USBCore.cpp.o)
                0x00000000000042e0                USBDeviceClass::sendDescriptor(USBSetup&)
 .text._ZN14USBDeviceClass19handleStandardSetupER8USBSetup
                0x00000000000043d0      0x104 /Users/scott.long/Nextcloud/platformio/GroundControl/src/Input/../../../../../../../private/var/folders/_w/dqfylpbn3tj8rry9xjsrv_91bjpxvt/T/arduino-core-cache/core_Seeeduino_samd_seeed_XIAO_m0_442fda7ce8e3237e4329d558f95de192.a(USBCore.cpp.o)
                0x00000000000043d0                USBDeviceClass::handleStandardSetup(USBSetup&)
 .text._ZN14USBDeviceClass10ISRHandlerEv
                0x00000000000044d4      0x140 /Users/scott.long/Nextcloud/platformio/GroundControl/src/Input/../../../../../../../private/var/folders/_w/dqfylpbn3tj8rry9xjsrv_91bjpxvt/T/arduino-core-cache/core_Seeeduino_samd_seeed_XIAO_m0_442fda7ce8e3237e4329d558f95de192.a(USBCore.cpp.o)
                0x00000000000044d4                USBDeviceClass::ISRHandler()
 .text.UDD_Handler
                0x0000000000004614       0x10 /Users/scott.long/Nextcloud/platformio/GroundControl/src/Input/../../../../../../../private/var/folders/_w/dqfylpbn3tj8rry9xjsrv_91bjpxvt/T/arduino-core-cache/core_Seeeduino_samd_seeed_XIAO_m0_442fda7ce8e3237e4329d558f95de192.a(USBCore.cpp.o)
                0x0000000000004614                UDD_Handler
 .text.startup._GLOBAL__sub_I_usbd
                0x0000000000004624       0x10 /Users/scott.long/Nextcloud/platformio/GroundControl/src/Input/../../../../../../../private/var/folders/_w/dqfylpbn3tj8rry9xjsrv_91bjpxvt/T/arduino-core-cache/core_Seeeduino_samd_seeed_XIAO_m0_442fda7ce8e3237e4329d558f95de192.a(USBCore.cpp.o)
 .text._Znwj    0x0000000000004634        0x8 /Users/scott.long/Nextcloud/platformio/GroundControl/src/Input/../../../../../../../private/var/folders/_w/dqfylpbn3tj8rry9xjsrv_91bjpxvt/T/arduino-core-cache/core_Seeeduino_samd_seeed_XIAO_m0_442fda7ce8e3237e4329d558f95de192.a(new.cpp.o)
                0x0000000000004634                operator new(unsigned int)
 .text._ZdlPv   0x000000000000463c        0x8 /Users/scott.long/Nextcloud/platformio/GroundControl/src/Input/../../../../../../../private/var/folders/_w/dqfylpbn3tj8rry9xjsrv_91bjpxvt/T/arduino-core-cache/core_Seeeduino_samd_seeed_XIAO_m0_442fda7ce8e3237e4329d558f95de192.a(new.cpp.o)
                0x000000000000463c                operator delete(void*)
 .text._sbrk    0x0000000000004644       0x3c /Users/scott.long/Nextcloud/platformio/GroundControl/src/Input/../../../../../../../private/var/folders/_w/dqfylpbn3tj8rry9xjsrv_91bjpxvt/T/arduino-core-cache/core_Seeeduino_samd_seeed_XIAO_m0_442fda7ce8e3237e4329d558f95de192.a(new.cpp.o)
                0x0000000000004644                _sbrk
 .text._ZN7Serial_17availableForWriteEv
                0x0000000000004680        0x4 /Users/scott.long/Nextcloud/platformio/GroundControl/src/Input/../../../../../../../private/var/folders/_w/dqfylpbn3tj8rry9xjsrv_91bjpxvt/T/arduino-core-cache/core_Seeeduino_samd_seeed_XIAO_m0_442fda7ce8e3237e4329d558f95de192.a(CDC.cpp.o)
                0x0000000000004680                Serial_::availableForWrite()
 .text._ZN7Serial_5writeEh
                0x0000000000004684       0x14 /Users/scott.long/Nextcloud/platformio/GroundControl/src/Input/../../../../../../../private/var/folders/_w/dqfylpbn3tj8rry9xjsrv_91bjpxvt/T/arduino-core-cache/core_Seeeduino_samd_seeed_XIAO_m0_442fda7ce8e3237e4329d558f95de192.a(CDC.cpp.o)
                0x0000000000004684                Serial_::write(unsigned char)
 .text._ZN7Serial_9availableEv
                0x0000000000004698       0x1c /Users/scott.long/Nextcloud/platformio/GroundControl/src/Input/../../../../../../../private/var/folders/_w/dqfylpbn3tj8rry9xjsrv_91bjpxvt/T/arduino-core-cache/core_Seeeduino_samd_seeed_XIAO_m0_442fda7ce8e3237e4329d558f95de192.a(CDC.cpp.o)
                0x0000000000004698                Serial_::available()
 .text._ZN7Serial_5flushEv
                0x00000000000046b4        0xc /Users/scott.long/Nextcloud/platformio/GroundControl/src/Input/../../../../../../../private/var/folders/_w/dqfylpbn3tj8rry9xjsrv_91bjpxvt/T/arduino-core-cache/core_Seeeduino_samd_seeed_XIAO_m0_442fda7ce8e3237e4329d558f95de192.a(CDC.cpp.o)
                0x00000000000046b4                Serial_::flush()
 .text._ZN7Serial_5clearEv
                0x00000000000046c0        0xc /Users/scott.long/Nextcloud/platformio/GroundControl/src/Input/../../../../../../../private/var/folders/_w/dqfylpbn3tj8rry9xjsrv_91bjpxvt/T/arduino-core-cache/core_Seeeduino_samd_seeed_XIAO_m0_442fda7ce8e3237e4329d558f95de192.a(CDC.cpp.o)
                0x00000000000046c0                Serial_::clear()
 .text._ZN7Serial_4peekEv
                0x00000000000046cc       0x1c /Users/scott.long/Nextcloud/platformio/GroundControl/src/Input/../../../../../../../private/var/folders/_w/dqfylpbn3tj8rry9xjsrv_91bjpxvt/T/arduino-core-cache/core_Seeeduino_samd_seeed_XIAO_m0_442fda7ce8e3237e4329d558f95de192.a(CDC.cpp.o)
                0x00000000000046cc                Serial_::peek()
 .text._ZN7Serial_4readEv
                0x00000000000046e8       0x24 /Users/scott.long/Nextcloud/platformio/GroundControl/src/Input/../../../../../../../private/var/folders/_w/dqfylpbn3tj8rry9xjsrv_91bjpxvt/T/arduino-core-cache/core_Seeeduino_samd_seeed_XIAO_m0_442fda7ce8e3237e4329d558f95de192.a(CDC.cpp.o)
                0x00000000000046e8                Serial_::read()
 .text._ZN7Serial_5writeEPKhj
                0x000000000000470c       0x30 /Users/scott.long/Nextcloud/platformio/GroundControl/src/Input/../../../../../../../private/var/folders/_w/dqfylpbn3tj8rry9xjsrv_91bjpxvt/T/arduino-core-cache/core_Seeeduino_samd_seeed_XIAO_m0_442fda7ce8e3237e4329d558f95de192.a(CDC.cpp.o)
                0x000000000000470c                Serial_::write(unsigned char const*, unsigned int)
 .text._Z16CDC_GetInterfacePh
                0x000000000000473c       0x1c /Users/scott.long/Nextcloud/platformio/GroundControl/src/Input/../../../../../../../private/var/folders/_w/dqfylpbn3tj8rry9xjsrv_91bjpxvt/T/arduino-core-cache/core_Seeeduino_samd_seeed_XIAO_m0_442fda7ce8e3237e4329d558f95de192.a(CDC.cpp.o)
                0x000000000000473c                CDC_GetInterface(unsigned char*)
 .text._Z9CDC_SetupR8USBSetup
                0x0000000000004758       0x7c /Users/scott.long/Nextcloud/platformio/GroundControl/src/Input/../../../../../../../private/var/folders/_w/dqfylpbn3tj8rry9xjsrv_91bjpxvt/T/arduino-core-cache/core_Seeeduino_samd_seeed_XIAO_m0_442fda7ce8e3237e4329d558f95de192.a(CDC.cpp.o)
                0x0000000000004758                CDC_Setup(USBSetup&)
 .text.startup._GLOBAL__sub_I__Z17_CDC_GetInterfacev
                0x00000000000047d4       0x28 /Users/scott.long/Nextcloud/platformio/GroundControl/src/Input/../../../../../../../private/var/folders/_w/dqfylpbn3tj8rry9xjsrv_91bjpxvt/T/arduino-core-cache/core_Seeeduino_samd_seeed_XIAO_m0_442fda7ce8e3237e4329d558f95de192.a(CDC.cpp.o)
 .text._ZN13PluggableUSB_12getInterfaceEPh
                0x00000000000047fc       0x28 /Users/scott.long/Nextcloud/platformio/GroundControl/src/Input/../../../../../../../private/var/folders/_w/dqfylpbn3tj8rry9xjsrv_91bjpxvt/T/arduino-core-cache/core_Seeeduino_samd_seeed_XIAO_m0_442fda7ce8e3237e4329d558f95de192.a(PluggableUSB.cpp.o)
                0x00000000000047fc                PluggableUSB_::getInterface(unsigned char*)
 .text._ZN13PluggableUSB_13getDescriptorER8USBSetup
                0x0000000000004824       0x20 /Users/scott.long/Nextcloud/platformio/GroundControl/src/Input/../../../../../../../private/var/folders/_w/dqfylpbn3tj8rry9xjsrv_91bjpxvt/T/arduino-core-cache/core_Seeeduino_samd_seeed_XIAO_m0_442fda7ce8e3237e4329d558f95de192.a(PluggableUSB.cpp.o)
                0x0000000000004824                PluggableUSB_::getDescriptor(USBSetup&)
 .text._ZN13PluggableUSB_5setupER8USBSetup
                0x0000000000004844       0x20 /Users/scott.long/Nextcloud/platformio/GroundControl/src/Input/../../../../../../../private/var/folders/_w/dqfylpbn3tj8rry9xjsrv_91bjpxvt/T/arduino-core-cache/core_Seeeduino_samd_seeed_XIAO_m0_442fda7ce8e3237e4329d558f95de192.a(PluggableUSB.cpp.o)
                0x0000000000004844                PluggableUSB_::setup(USBSetup&)
 .text._ZN13PluggableUSB_14handleEndpointEi
                0x0000000000004864       0x20 /Users/scott.long/Nextcloud/platformio/GroundControl/src/Input/../../../../../../../private/var/folders/_w/dqfylpbn3tj8rry9xjsrv_91bjpxvt/T/arduino-core-cache/core_Seeeduino_samd_seeed_XIAO_m0_442fda7ce8e3237e4329d558f95de192.a(PluggableUSB.cpp.o)
                0x0000000000004864                PluggableUSB_::handleEndpoint(int)
 .text._Z12PluggableUSBv
                0x0000000000004884       0x24 /Users/scott.long/Nextcloud/platformio/GroundControl/src/Input/../../../../../../../private/var/folders/_w/dqfylpbn3tj8rry9xjsrv_91bjpxvt/T/arduino-core-cache/core_Seeeduino_samd_seeed_XIAO_m0_442fda7ce8e3237e4329d558f95de192.a(PluggableUSB.cpp.o)
                0x0000000000004884                PluggableUSB()
 .text._ZN20USBDevice_SAMD21G18x5resetEv
                0x00000000000048a8       0x2e /Users/scott.long/Nextcloud/platformio/GroundControl/src/Input/../../../../../../../private/var/folders/_w/dqfylpbn3tj8rry9xjsrv_91bjpxvt/T/arduino-core-cache/core_Seeeduino_samd_seeed_XIAO_m0_442fda7ce8e3237e4329d558f95de192.a(SAMD21_USBDevice.cpp.o)
                0x00000000000048a8                USBDevice_SAMD21G18x::reset()
 *fill*         0x00000000000048d6        0x2 
 .text._ZN20USBDevice_SAMD21G18x9calibrateEv
                0x00000000000048d8       0x60 /Users/scott.long/Nextcloud/platformio/GroundControl/src/Input/../../../../../../../private/var/folders/_w/dqfylpbn3tj8rry9xjsrv_91bjpxvt/T/arduino-core-cache/core_Seeeduino_samd_seeed_XIAO_m0_442fda7ce8e3237e4329d558f95de192.a(SAMD21_USBDevice.cpp.o)
                0x00000000000048d8                USBDevice_SAMD21G18x::calibrate()
 .text._ZdlPvj  0x0000000000004938        0x8 /Users/scott.long/Library/Arduino15/packages/Seeeduino/tools/arm-none-eabi-gcc/7-2017q4/bin/../lib/gcc/arm-none-eabi/7.2.1/../../../../arm-none-eabi/lib/thumb/v6-m/libstdc++_nano.a(del_ops.o)
                0x0000000000004938                operator delete(void*, unsigned int)
 .text          0x0000000000004940       0x14 /Users/scott.long/Library/Arduino15/packages/Seeeduino/tools/arm-none-eabi-gcc/7-2017q4/bin/../lib/gcc/arm-none-eabi/7.2.1/thumb/v6-m/libgcc.a(_thumb1_case_uqi.o)
                0x0000000000004940                __gnu_thumb1_case_uqi
 .text          0x0000000000004954      0x114 /Users/scott.long/Library/Arduino15/packages/Seeeduino/tools/arm-none-eabi-gcc/7-2017q4/bin/../lib/gcc/arm-none-eabi/7.2.1/thumb/v6-m/libgcc.a(_udivsi3.o)
                0x0000000000004954                __udivsi3
                0x0000000000004954                __aeabi_uidiv
                0x0000000000004a60                __aeabi_uidivmod
 .text          0x0000000000004a68      0x1d4 /Users/scott.long/Library/Arduino15/packages/Seeeduino/tools/arm-none-eabi-gcc/7-2017q4/bin/../lib/gcc/arm-none-eabi/7.2.1/thumb/v6-m/libgcc.a(_divsi3.o)
                0x0000000000004a68                __aeabi_idiv
                0x0000000000004a68                __divsi3
                0x0000000000004c34                __aeabi_idivmod
 .text          0x0000000000004c3c        0x4 /Users/scott.long/Library/Arduino15/packages/Seeeduino/tools/arm-none-eabi-gcc/7-2017q4/bin/../lib/gcc/arm-none-eabi/7.2.1/thumb/v6-m/libgcc.a(_dvmd_tls.o)
                0x0000000000004c3c                __aeabi_ldiv0
                0x0000000000004c3c                __aeabi_idiv0
 .text          0x0000000000004c40       0x7c /Users/scott.long/Library/Arduino15/packages/Seeeduino/tools/arm-none-eabi-gcc/7-2017q4/bin/../lib/gcc/arm-none-eabi/7.2.1/thumb/v6-m/libgcc.a(_arm_cmpdf2.o)
                0x0000000000004c40                __aeabi_cdrcmple
                0x0000000000004c50                __aeabi_cdcmple
                0x0000000000004c50                __aeabi_cdcmpeq
                0x0000000000004c60                __aeabi_dcmpeq
                0x0000000000004c6c                __aeabi_dcmplt
                0x0000000000004c80                __aeabi_dcmple
                0x0000000000004c94                __aeabi_dcmpgt
                0x0000000000004ca8                __aeabi_dcmpge
 .text          0x0000000000004cbc       0x3c /Users/scott.long/Library/Arduino15/packages/Seeeduino/tools/arm-none-eabi-gcc/7-2017q4/bin/../lib/gcc/arm-none-eabi/7.2.1/thumb/v6-m/libgcc.a(_fixunsdfsi.o)
                0x0000000000004cbc                __fixunsdfsi
                0x0000000000004cbc                __aeabi_d2uiz
 .text          0x0000000000004cf8      0x638 /Users/scott.long/Library/Arduino15/packages/Seeeduino/tools/arm-none-eabi-gcc/7-2017q4/bin/../lib/gcc/arm-none-eabi/7.2.1/thumb/v6-m/libgcc.a(adddf3.o)
                0x0000000000004cf8                __aeabi_dadd
 .text          0x0000000000005330      0x604 /Users/scott.long/Library/Arduino15/packages/Seeeduino/tools/arm-none-eabi-gcc/7-2017q4/bin/../lib/gcc/arm-none-eabi/7.2.1/thumb/v6-m/libgcc.a(divdf3.o)
                0x0000000000005330                __aeabi_ddiv
 .text          0x0000000000005934       0x78 /Users/scott.long/Library/Arduino15/packages/Seeeduino/tools/arm-none-eabi-gcc/7-2017q4/bin/../lib/gcc/arm-none-eabi/7.2.1/thumb/v6-m/libgcc.a(eqdf2.o)
                0x0000000000005934                __eqdf2
                0x0000000000005934                __nedf2
 .text          0x00000000000059ac       0xc8 /Users/scott.long/Library/Arduino15/packages/Seeeduino/tools/arm-none-eabi-gcc/7-2017q4/bin/../lib/gcc/arm-none-eabi/7.2.1/thumb/v6-m/libgcc.a(gedf2.o)
                0x00000000000059ac                __gtdf2
                0x00000000000059ac                __gedf2
 .text          0x0000000000005a74       0xd0 /Users/scott.long/Library/Arduino15/packages/Seeeduino/tools/arm-none-eabi-gcc/7-2017q4/bin/../lib/gcc/arm-none-eabi/7.2.1/thumb/v6-m/libgcc.a(ledf2.o)
                0x0000000000005a74                __ltdf2
                0x0000000000005a74                __ledf2
 .text          0x0000000000005b44      0x4e4 /Users/scott.long/Library/Arduino15/packages/Seeeduino/tools/arm-none-eabi-gcc/7-2017q4/bin/../lib/gcc/arm-none-eabi/7.2.1/thumb/v6-m/libgcc.a(muldf3.o)
                0x0000000000005b44                __aeabi_dmul
 .text          0x0000000000006028      0x690 /Users/scott.long/Library/Arduino15/packages/Seeeduino/tools/arm-none-eabi-gcc/7-2017q4/bin/../lib/gcc/arm-none-eabi/7.2.1/thumb/v6-m/libgcc.a(subdf3.o)
                0x0000000000006028                __aeabi_dsub
 .text          0x00000000000066b8       0x38 /Users/scott.long/Library/Arduino15/packages/Seeeduino/tools/arm-none-eabi-gcc/7-2017q4/bin/../lib/gcc/arm-none-eabi/7.2.1/thumb/v6-m/libgcc.a(unorddf2.o)
                0x00000000000066b8                __aeabi_dcmpun
 .text          0x00000000000066f0       0x6c /Users/scott.long/Library/Arduino15/packages/Seeeduino/tools/arm-none-eabi-gcc/7-2017q4/bin/../lib/gcc/arm-none-eabi/7.2.1/thumb/v6-m/libgcc.a(fixdfsi.o)
                0x00000000000066f0                __aeabi_d2iz
 .text          0x000000000000675c       0x64 /Users/scott.long/Library/Arduino15/packages/Seeeduino/tools/arm-none-eabi-gcc/7-2017q4/bin/../lib/gcc/arm-none-eabi/7.2.1/thumb/v6-m/libgcc.a(floatunsidf.o)
                0x000000000000675c                __aeabi_ui2d
 .text          0x00000000000067c0       0x3c /Users/scott.long/Library/Arduino15/packages/Seeeduino/tools/arm-none-eabi-gcc/7-2017q4/bin/../lib/gcc/arm-none-eabi/7.2.1/thumb/v6-m/libgcc.a(_clzsi2.o)
                0x00000000000067c0                __clzsi2
 .text.__libc_init_array
                0x00000000000067fc       0x48 /Users/scott.long/Library/Arduino15/packages/Seeeduino/tools/arm-none-eabi-gcc/7-2017q4/bin/../lib/gcc/arm-none-eabi/7.2.1/../../../../arm-none-eabi/lib/thumb/v6-m/libc_nano.a(lib_a-init.o)
                0x00000000000067fc                __libc_init_array
 .text.malloc   0x0000000000006844       0x14 /Users/scott.long/Library/Arduino15/packages/Seeeduino/tools/arm-none-eabi-gcc/7-2017q4/bin/../lib/gcc/arm-none-eabi/7.2.1/../../../../arm-none-eabi/lib/thumb/v6-m/libc_nano.a(lib_a-malloc.o)
                0x0000000000006844                malloc
 .text.free     0x0000000000006858       0x14 /Users/scott.long/Library/Arduino15/packages/Seeeduino/tools/arm-none-eabi-gcc/7-2017q4/bin/../lib/gcc/arm-none-eabi/7.2.1/../../../../arm-none-eabi/lib/thumb/v6-m/libc_nano.a(lib_a-malloc.o)
                0x0000000000006858                free
 .text.memcpy   0x000000000000686c       0x12 /Users/scott.long/Library/Arduino15/packages/Seeeduino/tools/arm-none-eabi-gcc/7-2017q4/bin/../lib/gcc/arm-none-eabi/7.2.1/../../../../arm-none-eabi/lib/thumb/v6-m/libc_nano.a(lib_a-memcpy-stub.o)
                0x000000000000686c                memcpy
 .text.memset   0x000000000000687e       0x10 /Users/scott.long/Library/Arduino15/packages/Seeeduino/tools/arm-none-eabi-gcc/7-2017q4/bin/../lib/gcc/arm-none-eabi/7.2.1/../../../../arm-none-eabi/lib/thumb/v6-m/libc_nano.a(lib_a-memset.o)
                0x000000000000687e                memset
 *fill*         0x000000000000688e        0x2 
 .text._free_r  0x0000000000006890       0x94 /Users/scott.long/Library/Arduino15/packages/Seeeduino/tools/arm-none-eabi-gcc/7-2017q4/bin/../lib/gcc/arm-none-eabi/7.2.1/../../../../arm-none-eabi/lib/thumb/v6-m/libc_nano.a(lib_a-nano-freer.o)
                0x0000000000006890                _free_r
 .text._malloc_r
                0x0000000000006924       0xbc /Users/scott.long/Library/Arduino15/packages/Seeeduino/tools/arm-none-eabi-gcc/7-2017q4/bin/../lib/gcc/arm-none-eabi/7.2.1/../../../../arm-none-eabi/lib/thumb/v6-m/libc_nano.a(lib_a-nano-mallocr.o)
                0x0000000000006924                _malloc_r
 .text.__cvt    0x00000000000069e0       0xc8 /Users/scott.long/Library/Arduino15/packages/Seeeduino/tools/arm-none-eabi-gcc/7-2017q4/bin/../lib/gcc/arm-none-eabi/7.2.1/../../../../arm-none-eabi/lib/thumb/v6-m/libc_nano.a(lib_a-nano-vfprintf_float.o)
                0x00000000000069e0                __cvt
 .text.__exponent
                0x0000000000006aa8       0x70 /Users/scott.long/Library/Arduino15/packages/Seeeduino/tools/arm-none-eabi-gcc/7-2017q4/bin/../lib/gcc/arm-none-eabi/7.2.1/../../../../arm-none-eabi/lib/thumb/v6-m/libc_nano.a(lib_a-nano-vfprintf_float.o)
                0x0000000000006aa8                __exponent
 .text._printf_float
                0x0000000000006b18      0x498 /Users/scott.long/Library/Arduino15/packages/Seeeduino/tools/arm-none-eabi-gcc/7-2017q4/bin/../lib/gcc/arm-none-eabi/7.2.1/../../../../arm-none-eabi/lib/thumb/v6-m/libc_nano.a(lib_a-nano-vfprintf_float.o)
                0x0000000000006b18                _printf_float
 .text._printf_common
                0x0000000000006fb0       0xda /Users/scott.long/Library/Arduino15/packages/Seeeduino/tools/arm-none-eabi-gcc/7-2017q4/bin/../lib/gcc/arm-none-eabi/7.2.1/../../../../arm-none-eabi/lib/thumb/v6-m/libc_nano.a(lib_a-nano-vfprintf_i.o)
                0x0000000000006fb0                _printf_common
 *fill*         0x000000000000708a        0x2 
 .text._printf_i
                0x000000000000708c      0x210 /Users/scott.long/Library/Arduino15/packages/Seeeduino/tools/arm-none-eabi-gcc/7-2017q4/bin/../lib/gcc/arm-none-eabi/7.2.1/../../../../arm-none-eabi/lib/thumb/v6-m/libc_nano.a(lib_a-nano-vfprintf_i.o)
                0x000000000000708c                _printf_i
 .text._scanf_float
                0x000000000000729c      0x3fc /Users/scott.long/Library/Arduino15/packages/Seeeduino/tools/arm-none-eabi-gcc/7-2017q4/bin/../lib/gcc/arm-none-eabi/7.2.1/../../../../arm-none-eabi/lib/thumb/v6-m/libc_nano.a(lib_a-nano-vfscanf_float.o)
                0x000000000000729c                _scanf_float
 .text._sbrk_r  0x0000000000007698       0x24 /Users/scott.long/Library/Arduino15/packages/Seeeduino/tools/arm-none-eabi-gcc/7-2017q4/bin/../lib/gcc/arm-none-eabi/7.2.1/../../../../arm-none-eabi/lib/thumb/v6-m/libc_nano.a(lib_a-sbrkr.o)
                0x0000000000007698                _sbrk_r
 .text.nanf     0x00000000000076bc        0x8 /Users/scott.long/Library/Arduino15/packages/Seeeduino/tools/arm-none-eabi-gcc/7-2017q4/bin/../lib/gcc/arm-none-eabi/7.2.1/../../../../arm-none-eabi/lib/thumb/v6-m/libc_nano.a(lib_a-sf_nan.o)
                0x00000000000076bc                nanf
 .text.sprintf  0x00000000000076c4       0x40 /Users/scott.long/Library/Arduino15/packages/Seeeduino/tools/arm-none-eabi-gcc/7-2017q4/bin/../lib/gcc/arm-none-eabi/7.2.1/../../../../arm-none-eabi/lib/thumb/v6-m/libc_nano.a(lib_a-sprintf.o)
                0x00000000000076c4                sprintf
                0x00000000000076c4                siprintf
 .text          0x0000000000007704        0xe /Users/scott.long/Library/Arduino15/packages/Seeeduino/tools/arm-none-eabi-gcc/7-2017q4/bin/../lib/gcc/arm-none-eabi/7.2.1/../../../../arm-none-eabi/lib/thumb/v6-m/libc_nano.a(lib_a-strlen.o)
                0x0000000000007704                strlen
 *fill*         0x0000000000007712        0x2 
 .text.unlikely.sulp
                0x0000000000007714       0x30 /Users/scott.long/Library/Arduino15/packages/Seeeduino/tools/arm-none-eabi-gcc/7-2017q4/bin/../lib/gcc/arm-none-eabi/7.2.1/../../../../arm-none-eabi/lib/thumb/v6-m/libc_nano.a(lib_a-strtod.o)
 .text._strtod_l
                0x0000000000007744      0xc50 /Users/scott.long/Library/Arduino15/packages/Seeeduino/tools/arm-none-eabi-gcc/7-2017q4/bin/../lib/gcc/arm-none-eabi/7.2.1/../../../../arm-none-eabi/lib/thumb/v6-m/libc_nano.a(lib_a-strtod.o)
                0x0000000000007744                _strtod_l
 .text._strtod_r
                0x0000000000008394       0x1c /Users/scott.long/Library/Arduino15/packages/Seeeduino/tools/arm-none-eabi-gcc/7-2017q4/bin/../lib/gcc/arm-none-eabi/7.2.1/../../../../arm-none-eabi/lib/thumb/v6-m/libc_nano.a(lib_a-strtod.o)
                0x0000000000008394                _strtod_r
 .text._strtol_l.isra.0
                0x00000000000083b0      0x104 /Users/scott.long/Library/Arduino15/packages/Seeeduino/tools/arm-none-eabi-gcc/7-2017q4/bin/../lib/gcc/arm-none-eabi/7.2.1/../../../../arm-none-eabi/lib/thumb/v6-m/libc_nano.a(lib_a-strtol.o)
 .text._strtol_r
                0x00000000000084b4       0x20 /Users/scott.long/Library/Arduino15/packages/Seeeduino/tools/arm-none-eabi-gcc/7-2017q4/bin/../lib/gcc/arm-none-eabi/7.2.1/../../../../arm-none-eabi/lib/thumb/v6-m/libc_nano.a(lib_a-strtol.o)
                0x00000000000084b4                _strtol_r
 .text.quorem   0x00000000000084d4      0x10c /Users/scott.long/Library/Arduino15/packages/Seeeduino/tools/arm-none-eabi-gcc/7-2017q4/bin/../lib/gcc/arm-none-eabi/7.2.1/../../../../arm-none-eabi/lib/thumb/v6-m/libc_nano.a(lib_a-dtoa.o)
 .text._dtoa_r  0x00000000000085e0      0xbc0 /Users/scott.long/Library/Arduino15/packages/Seeeduino/tools/arm-none-eabi-gcc/7-2017q4/bin/../lib/gcc/arm-none-eabi/7.2.1/../../../../arm-none-eabi/lib/thumb/v6-m/libc_nano.a(lib_a-dtoa.o)
                0x00000000000085e0                _dtoa_r
 .text.rshift   0x00000000000091a0       0x68 /Users/scott.long/Library/Arduino15/packages/Seeeduino/tools/arm-none-eabi-gcc/7-2017q4/bin/../lib/gcc/arm-none-eabi/7.2.1/../../../../arm-none-eabi/lib/thumb/v6-m/libc_nano.a(lib_a-gdtoa-gethex.o)
 .text.__hexdig_fun
                0x0000000000009208       0x2a /Users/scott.long/Library/Arduino15/packages/Seeeduino/tools/arm-none-eabi-gcc/7-2017q4/bin/../lib/gcc/arm-none-eabi/7.2.1/../../../../arm-none-eabi/lib/thumb/v6-m/libc_nano.a(lib_a-gdtoa-gethex.o)
                0x0000000000009208                __hexdig_fun
 .text.__gethex
                0x0000000000009232      0x456 /Users/scott.long/Library/Arduino15/packages/Seeeduino/tools/arm-none-eabi-gcc/7-2017q4/bin/../lib/gcc/arm-none-eabi/7.2.1/../../../../arm-none-eabi/lib/thumb/v6-m/libc_nano.a(lib_a-gdtoa-gethex.o)
                0x0000000000009232                __gethex
 .text.L_shift  0x0000000000009688       0x24 /Users/scott.long/Library/Arduino15/packages/Seeeduino/tools/arm-none-eabi-gcc/7-2017q4/bin/../lib/gcc/arm-none-eabi/7.2.1/../../../../arm-none-eabi/lib/thumb/v6-m/libc_nano.a(lib_a-gdtoa-hexnan.o)
 .text.__match  0x00000000000096ac       0x28 /Users/scott.long/Library/Arduino15/packages/Seeeduino/tools/arm-none-eabi-gcc/7-2017q4/bin/../lib/gcc/arm-none-eabi/7.2.1/../../../../arm-none-eabi/lib/thumb/v6-m/libc_nano.a(lib_a-gdtoa-hexnan.o)
                0x00000000000096ac                __match
 .text.__hexnan
                0x00000000000096d4      0x12e /Users/scott.long/Library/Arduino15/packages/Seeeduino/tools/arm-none-eabi-gcc/7-2017q4/bin/../lib/gcc/arm-none-eabi/7.2.1/../../../../arm-none-eabi/lib/thumb/v6-m/libc_nano.a(lib_a-gdtoa-hexnan.o)
                0x00000000000096d4                __hexnan
 .text.__locale_ctype_ptr_l
                0x0000000000009802        0x6 /Users/scott.long/Library/Arduino15/packages/Seeeduino/tools/arm-none-eabi-gcc/7-2017q4/bin/../lib/gcc/arm-none-eabi/7.2.1/../../../../arm-none-eabi/lib/thumb/v6-m/libc_nano.a(lib_a-locale.o)
                0x0000000000009802                __locale_ctype_ptr_l
 .text.__localeconv_l
                0x0000000000009808        0x4 /Users/scott.long/Library/Arduino15/packages/Seeeduino/tools/arm-none-eabi-gcc/7-2017q4/bin/../lib/gcc/arm-none-eabi/7.2.1/../../../../arm-none-eabi/lib/thumb/v6-m/libc_nano.a(lib_a-localeconv.o)
                0x0000000000009808                __localeconv_l
 .text._localeconv_r
                0x000000000000980c       0x18 /Users/scott.long/Library/Arduino15/packages/Seeeduino/tools/arm-none-eabi-gcc/7-2017q4/bin/../lib/gcc/arm-none-eabi/7.2.1/../../../../arm-none-eabi/lib/thumb/v6-m/libc_nano.a(lib_a-localeconv.o)
                0x000000000000980c                _localeconv_r
 .text.__ascii_mbtowc
                0x0000000000009824       0x24 /Users/scott.long/Library/Arduino15/packages/Seeeduino/tools/arm-none-eabi-gcc/7-2017q4/bin/../lib/gcc/arm-none-eabi/7.2.1/../../../../arm-none-eabi/lib/thumb/v6-m/libc_nano.a(lib_a-mbtowc_r.o)
                0x0000000000009824                __ascii_mbtowc
 .text.memchr   0x0000000000009848       0x16 /Users/scott.long/Library/Arduino15/packages/Seeeduino/tools/arm-none-eabi-gcc/7-2017q4/bin/../lib/gcc/arm-none-eabi/7.2.1/../../../../arm-none-eabi/lib/thumb/v6-m/libc_nano.a(lib_a-memchr-stub.o)
                0x0000000000009848                memchr
 .text.__malloc_lock
                0x000000000000985e        0x2 /Users/scott.long/Library/Arduino15/packages/Seeeduino/tools/arm-none-eabi-gcc/7-2017q4/bin/../lib/gcc/arm-none-eabi/7.2.1/../../../../arm-none-eabi/lib/thumb/v6-m/libc_nano.a(lib_a-mlock.o)
                0x000000000000985e                __malloc_lock
 .text.__malloc_unlock
                0x0000000000009860        0x2 /Users/scott.long/Library/Arduino15/packages/Seeeduino/tools/arm-none-eabi-gcc/7-2017q4/bin/../lib/gcc/arm-none-eabi/7.2.1/../../../../arm-none-eabi/lib/thumb/v6-m/libc_nano.a(lib_a-mlock.o)
                0x0000000000009860                __malloc_unlock
 .text._Balloc  0x0000000000009862       0x70 /Users/scott.long/Library/Arduino15/packages/Seeeduino/tools/arm-none-eabi-gcc/7-2017q4/bin/../lib/gcc/arm-none-eabi/7.2.1/../../../../arm-none-eabi/lib/thumb/v6-m/libc_nano.a(lib_a-mprec.o)
                0x0000000000009862                _Balloc
 .text._Bfree   0x00000000000098d2       0x32 /Users/scott.long/Library/Arduino15/packages/Seeeduino/tools/arm-none-eabi-gcc/7-2017q4/bin/../lib/gcc/arm-none-eabi/7.2.1/../../../../arm-none-eabi/lib/thumb/v6-m/libc_nano.a(lib_a-mprec.o)
                0x00000000000098d2                _Bfree
 .text.__multadd
                0x0000000000009904       0x7c /Users/scott.long/Library/Arduino15/packages/Seeeduino/tools/arm-none-eabi-gcc/7-2017q4/bin/../lib/gcc/arm-none-eabi/7.2.1/../../../../arm-none-eabi/lib/thumb/v6-m/libc_nano.a(lib_a-mprec.o)
                0x0000000000009904                __multadd
 .text.__s2b    0x0000000000009980       0x7c /Users/scott.long/Library/Arduino15/packages/Seeeduino/tools/arm-none-eabi-gcc/7-2017q4/bin/../lib/gcc/arm-none-eabi/7.2.1/../../../../arm-none-eabi/lib/thumb/v6-m/libc_nano.a(lib_a-mprec.o)
                0x0000000000009980                __s2b
 .text.__hi0bits
                0x00000000000099fc       0x34 /Users/scott.long/Library/Arduino15/packages/Seeeduino/tools/arm-none-eabi-gcc/7-2017q4/bin/../lib/gcc/arm-none-eabi/7.2.1/../../../../arm-none-eabi/lib/thumb/v6-m/libc_nano.a(lib_a-mprec.o)
                0x00000000000099fc                __hi0bits
 .text.__lo0bits
                0x0000000000009a30       0x5e /Users/scott.long/Library/Arduino15/packages/Seeeduino/tools/arm-none-eabi-gcc/7-2017q4/bin/../lib/gcc/arm-none-eabi/7.2.1/../../../../arm-none-eabi/lib/thumb/v6-m/libc_nano.a(lib_a-mprec.o)
                0x0000000000009a30                __lo0bits
 .text.__i2b    0x0000000000009a8e       0x12 /Users/scott.long/Library/Arduino15/packages/Seeeduino/tools/arm-none-eabi-gcc/7-2017q4/bin/../lib/gcc/arm-none-eabi/7.2.1/../../../../arm-none-eabi/lib/thumb/v6-m/libc_nano.a(lib_a-mprec.o)
                0x0000000000009a8e                __i2b
 .text.__multiply
                0x0000000000009aa0      0x11e /Users/scott.long/Library/Arduino15/packages/Seeeduino/tools/arm-none-eabi-gcc/7-2017q4/bin/../lib/gcc/arm-none-eabi/7.2.1/../../../../arm-none-eabi/lib/thumb/v6-m/libc_nano.a(lib_a-mprec.o)
                0x0000000000009aa0                __multiply
 *fill*         0x0000000000009bbe        0x2 
 .text.__pow5mult
                0x0000000000009bc0       0xa4 /Users/scott.long/Library/Arduino15/packages/Seeeduino/tools/arm-none-eabi-gcc/7-2017q4/bin/../lib/gcc/arm-none-eabi/7.2.1/../../../../arm-none-eabi/lib/thumb/v6-m/libc_nano.a(lib_a-mprec.o)
                0x0000000000009bc0                __pow5mult
 .text.__lshift
                0x0000000000009c64       0xa4 /Users/scott.long/Library/Arduino15/packages/Seeeduino/tools/arm-none-eabi-gcc/7-2017q4/bin/../lib/gcc/arm-none-eabi/7.2.1/../../../../arm-none-eabi/lib/thumb/v6-m/libc_nano.a(lib_a-mprec.o)
                0x0000000000009c64                __lshift
 .text.__mcmp   0x0000000000009d08       0x34 /Users/scott.long/Library/Arduino15/packages/Seeeduino/tools/arm-none-eabi-gcc/7-2017q4/bin/../lib/gcc/arm-none-eabi/7.2.1/../../../../arm-none-eabi/lib/thumb/v6-m/libc_nano.a(lib_a-mprec.o)
                0x0000000000009d08                __mcmp
 .text.__mdiff  0x0000000000009d3c       0xc8 /Users/scott.long/Library/Arduino15/packages/Seeeduino/tools/arm-none-eabi-gcc/7-2017q4/bin/../lib/gcc/arm-none-eabi/7.2.1/../../../../arm-none-eabi/lib/thumb/v6-m/libc_nano.a(lib_a-mprec.o)
                0x0000000000009d3c                __mdiff
 .text.__ulp    0x0000000000009e04       0x4c /Users/scott.long/Library/Arduino15/packages/Seeeduino/tools/arm-none-eabi-gcc/7-2017q4/bin/../lib/gcc/arm-none-eabi/7.2.1/../../../../arm-none-eabi/lib/thumb/v6-m/libc_nano.a(lib_a-mprec.o)
                0x0000000000009e04                __ulp
 .text.__b2d    0x0000000000009e50       0x98 /Users/scott.long/Library/Arduino15/packages/Seeeduino/tools/arm-none-eabi-gcc/7-2017q4/bin/../lib/gcc/arm-none-eabi/7.2.1/../../../../arm-none-eabi/lib/thumb/v6-m/libc_nano.a(lib_a-mprec.o)
                0x0000000000009e50                __b2d
 .text.__d2b    0x0000000000009ee8       0xa8 /Users/scott.long/Library/Arduino15/packages/Seeeduino/tools/arm-none-eabi-gcc/7-2017q4/bin/../lib/gcc/arm-none-eabi/7.2.1/../../../../arm-none-eabi/lib/thumb/v6-m/libc_nano.a(lib_a-mprec.o)
                0x0000000000009ee8                __d2b
 .text.__ratio  0x0000000000009f90       0x4e /Users/scott.long/Library/Arduino15/packages/Seeeduino/tools/arm-none-eabi-gcc/7-2017q4/bin/../lib/gcc/arm-none-eabi/7.2.1/../../../../arm-none-eabi/lib/thumb/v6-m/libc_nano.a(lib_a-mprec.o)
                0x0000000000009f90                __ratio
 .text.__copybits
                0x0000000000009fde       0x2c /Users/scott.long/Library/Arduino15/packages/Seeeduino/tools/arm-none-eabi-gcc/7-2017q4/bin/../lib/gcc/arm-none-eabi/7.2.1/../../../../arm-none-eabi/lib/thumb/v6-m/libc_nano.a(lib_a-mprec.o)
                0x0000000000009fde                __copybits
 .text.__any_on
                0x000000000000a00a       0x44 /Users/scott.long/Library/Arduino15/packages/Seeeduino/tools/arm-none-eabi-gcc/7-2017q4/bin/../lib/gcc/arm-none-eabi/7.2.1/../../../../arm-none-eabi/lib/thumb/v6-m/libc_nano.a(lib_a-mprec.o)
                0x000000000000a00a                __any_on
 .text._calloc_r
                0x000000000000a04e       0x1c /Users/scott.long/Library/Arduino15/packages/Seeeduino/tools/arm-none-eabi-gcc/7-2017q4/bin/../lib/gcc/arm-none-eabi/7.2.1/../../../../arm-none-eabi/lib/thumb/v6-m/libc_nano.a(lib_a-nano-callocr.o)
                0x000000000000a04e                _calloc_r
 *fill*         0x000000000000a06a        0x2 
 .text.__ssputs_r
                0x000000000000a06c       0xc4 /Users/scott.long/Library/Arduino15/packages/Seeeduino/tools/arm-none-eabi-gcc/7-2017q4/bin/../lib/gcc/arm-none-eabi/7.2.1/../../../../arm-none-eabi/lib/thumb/v6-m/libc_nano.a(lib_a-nano-svfprintf.o)
                0x000000000000a06c                __ssputs_r
 .text._svfprintf_r
                0x000000000000a130      0x1fc /Users/scott.long/Library/Arduino15/packages/Seeeduino/tools/arm-none-eabi-gcc/7-2017q4/bin/../lib/gcc/arm-none-eabi/7.2.1/../../../../arm-none-eabi/lib/thumb/v6-m/libc_nano.a(lib_a-nano-svfprintf.o)
                0x000000000000a130                _svfprintf_r
                0x000000000000a130                _svfiprintf_r
 .text.strncmp  0x000000000000a32c       0x22 /Users/scott.long/Library/Arduino15/packages/Seeeduino/tools/arm-none-eabi-gcc/7-2017q4/bin/../lib/gcc/arm-none-eabi/7.2.1/../../../../arm-none-eabi/lib/thumb/v6-m/libc_nano.a(lib_a-strncmp.o)
                0x000000000000a32c                strncmp
 .text.__ascii_wctomb
                0x000000000000a34e       0x18 /Users/scott.long/Library/Arduino15/packages/Seeeduino/tools/arm-none-eabi-gcc/7-2017q4/bin/../lib/gcc/arm-none-eabi/7.2.1/../../../../arm-none-eabi/lib/thumb/v6-m/libc_nano.a(lib_a-wctomb_r.o)
                0x000000000000a34e                __ascii_wctomb
 .text.memmove  0x000000000000a366       0x26 /Users/scott.long/Library/Arduino15/packages/Seeeduino/tools/arm-none-eabi-gcc/7-2017q4/bin/../lib/gcc/arm-none-eabi/7.2.1/../../../../arm-none-eabi/lib/thumb/v6-m/libc_nano.a(lib_a-memmove.o)
                0x000000000000a366                memmove
 .text._realloc_r
                0x000000000000a38c       0x4c /Users/scott.long/Library/Arduino15/packages/Seeeduino/tools/arm-none-eabi-gcc/7-2017q4/bin/../lib/gcc/arm-none-eabi/7.2.1/../../../../arm-none-eabi/lib/thumb/v6-m/libc_nano.a(lib_a-nano-reallocr.o)
                0x000000000000a38c                _realloc_r
 .text._malloc_usable_size_r
                0x000000000000a3d8       0x10 /Users/scott.long/Library/Arduino15/packages/Seeeduino/tools/arm-none-eabi-gcc/7-2017q4/bin/../lib/gcc/arm-none-eabi/7.2.1/../../../../arm-none-eabi/lib/thumb/v6-m/libc_nano.a(lib_a-nano-msizer.o)
                0x000000000000a3d8                _malloc_usable_size_r