Archive member included to satisfy reference by file (symbol)

/home/lsm/Documents/PlatformIO/Projects/GroundControl/src/Input/../../../../../../../../tmp/arduino-core-cache/core_Seeeduino_samd_seeed_XIAO_m0_d84d79728d435d104f9af73772dabf44.a(Retarget.cpp.o)
                              (__wrap__write)
/home/lsm/Documents/PlatformIO/Projects/GroundControl/src/Input/../../../../../../../../tmp/arduino-core-cache/core_Seeeduino_samd_seeed_XIAO_m0_d84d79728d435d104f9af73772dabf44.a(SERCOM.cpp.o)
                              /home/lsm/Documents/PlatformIO/Projects/GroundControl/src/Input/core/variant.cpp.o (SERCOM::SERCOM(Sercom*))
/home/lsm/Documents/PlatformIO/Projects/GroundControl/src/Input/../../../../../../../../tmp/arduino-core-cache/core_Seeeduino_samd_seeed_XIAO_m0_d84d79728d435d104f9af73772dabf44.a(Uart.cpp.o)
                              /home/lsm/Documents/PlatformIO/Projects/GroundControl/src/Input/core/variant.cpp.o (Uart::Uart(SERCOM*, unsigned char, unsigned char, SercomRXPad, SercomUartTXPad))
/home/lsm/Documents/PlatformIO/Projects/GroundControl/src/Input/../../../../../../../../tmp/arduino-core-cache/core_Seeeduino_samd_seeed_XIAO_m0_d84d79728d435d104f9af73772dabf44.a(cortex_handlers.c.o)
                              (Reset_Handler)
/home/lsm/Documents/PlatformIO/Projects/GroundControl/src/Input/../../../../../../../../tmp/arduino-core-cache/core_Seeeduino_samd_seeed_XIAO_m0_d84d79728d435d104f9af73772dabf44.a(delay.c.o)
                              /home/lsm/Documents/PlatformIO/Projects/GroundControl/src/Input/../../../../../../../../tmp/arduino-core-cache/core_Seeeduino_samd_seeed_XIAO_m0_d84d79728d435d104f9af73772dabf44.a(cortex_handlers.c.o) (SysTick_DefaultHandler)
/home/lsm/Documents/PlatformIO/Projects/GroundControl/src/Input/../../../../../../../../tmp/arduino-core-cache/core_Seeeduino_samd_seeed_XIAO_m0_d84d79728d435d104f9af73772dabf44.a(hooks.c.o)
                              /home/lsm/Documents/PlatformIO/Projects/GroundControl/src/Input/../../../../../../../../tmp/arduino-core-cache/core_Seeeduino_samd_seeed_XIAO_m0_d84d79728d435d104f9af73772dabf44.a(delay.c.o) (yield)
/home/lsm/Documents/PlatformIO/Projects/GroundControl/src/Input/../../../../../../../../tmp/arduino-core-cache/core_Seeeduino_samd_seeed_XIAO_m0_d84d79728d435d104f9af73772dabf44.a(itoa.c.o)
                              /home/lsm/Documents/PlatformIO/Projects/GroundControl/src/Input/sketch/main.cpp.o (itoa)
/home/lsm/Documents/PlatformIO/Projects/GroundControl/src/Input/../../../../../../../../tmp/arduino-core-cache/core_Seeeduino_samd_seeed_XIAO_m0_d84d79728d435d104f9af73772dabf44.a(main.cpp.o)
                              /home/lsm/.arduino15/packages/Seeeduino/tools/arm-none-eabi-gcc/7-2017q4/bin/../lib/gcc/arm-none-eabi/7.2.1/../../../../arm-none-eabi/lib/thumb/v6-m/crt0.o (main)
/home/lsm/Documents/PlatformIO/Projects/GroundControl/src/Input/../../../../../../../../tmp/arduino-core-cache/core_Seeeduino_samd_seeed_XIAO_m0_d84d79728d435d104f9af73772dabf44.a(startup.c.o)
                              /home/lsm/Documents/PlatformIO/Projects/GroundControl/src/Input/../../../../../../../../tmp/arduino-core-cache/core_Seeeduino_samd_seeed_XIAO_m0_d84d79728d435d104f9af73772dabf44.a(cortex_handlers.c.o) (SystemInit)
/home/lsm/Documents/PlatformIO/Projects/GroundControl/src/Input/../../../../../../../../tmp/arduino-core-cache/core_Seeeduino_samd_seeed_XIAO_m0_d84d79728d435d104f9af73772dabf44.a(wiring.c.o)
                              /home/lsm/Documents/PlatformIO/Projects/GroundControl/src/Input/../../../../../../../../tmp/arduino-core-cache/core_Seeeduino_samd_seeed_XIAO_m0_d84d79728d435d104f9af73772dabf44.a(main.cpp.o) (init)
/home/lsm/Documents/PlatformIO/Projects/GroundControl/src/Input/../../../../../../../../tmp/arduino-core-cache/core_Seeeduino_samd_seeed_XIAO_m0_d84d79728d435d104f9af73772dabf44.a(wiring_analog.c.o)
                              /home/lsm/Documents/PlatformIO/Projects/GroundControl/src/Input/../../../../../../../../tmp/arduino-core-cache/core_Seeeduino_samd_seeed_XIAO_m0_d84d79728d435d104f9af73772dabf44.a(wiring.c.o) (analogReference)
/home/lsm/Documents/PlatformIO/Projects/GroundControl/src/Input/../../../../../../../../tmp/arduino-core-cache/core_Seeeduino_samd_seeed_XIAO_m0_d84d79728d435d104f9af73772dabf44.a(wiring_digital.c.o)
                              /home/lsm/Documents/PlatformIO/Projects/GroundControl/src/Input/../../../../../../../../tmp/arduino-core-cache/core_Seeeduino_samd_seeed_XIAO_m0_d84d79728d435d104f9af73772dabf44.a(Uart.cpp.o) (pinMode)
/home/lsm/Documents/PlatformIO/Projects/GroundControl/src/Input/../../../../../../../../tmp/arduino-core-cache/core_Seeeduino_samd_seeed_XIAO_m0_d84d79728d435d104f9af73772dabf44.a(wiring_private.c.o)
[...]
Memory Configuration

Name             Origin             Length             Attributes
FLASH            0x0000000000002000 0x000000000003e000 xr
RAM              0x0000000020000000 0x0000000000008000 xrw
*default*        0x0000000000000000 0xffffffffffffffff

Linker script and memory map

LOAD /home/lsm/.arduino15/packages/Seeeduino/tools/arm-none-eabi-gcc/7-2017q4/bin/../lib/gcc/arm-none-eabi/7.2.1/thumb/v6-m/crti.o
LOAD /home/lsm/.arduino15/packages/Seeeduino/tools/arm-none-eabi-gcc/7-2017q4/bin/../lib/gcc/arm-none-eabi/7.2.1/thumb/v6-m/crtbegin.o
LOAD /home/lsm/.arduino15/packages/Seeeduino/tools/arm-none-eabi-gcc/7-2017q4/bin/../lib/gcc/arm-none-eabi/7.2.1/../../../../arm-none-eabi/lib/thumb/v6-m/crt0.o
LOAD /home/lsm/Documents/PlatformIO/Projects/GroundControl/src/Input/sketch/i2cInputs.ino.cpp.o
LOAD /home/lsm/Documents/PlatformIO/Projects/GroundControl/src/Input/sketch/main.cpp.o
LOAD /home/lsm/Documents/PlatformIO/Projects/GroundControl/src/Input/libraries/Wire/Wire.cpp.o
LOAD /home/lsm/Documents/PlatformIO/Projects/GroundControl/src/Input/core/variant.cpp.o
START GROUP
LOAD /home/lsm/.arduino15/packages/Seeeduino/tools/CMSIS/5.7.0/CMSIS/DSP/Lib/GCC//libarm_cortexM0l_math.a
LOAD /home/lsm/.arduino15/packages/Seeeduino/tools/arm-none-eabi-gcc/7-2017q4/bin/../lib/gcc/arm-none-eabi/7.2.1/../../../../arm-none-eabi/lib/thumb/v6-m/libm.a
LOAD /home/lsm/Documents/PlatformIO/Projects/GroundControl/src/Input/../../../../../../../../tmp/arduino-core-cache/core_Seeeduino_samd_seeed_XIAO_m0_d84d79728d435d104f9af73772dabf44.a
END GROUP
LOAD /home/lsm/.arduino15/packages/Seeeduino/tools/arm-none-eabi-gcc/7-2017q4/bin/../lib/gcc/arm-none-eabi/7.2.1/../../../../arm-none-eabi/lib/thumb/v6-m/libstdc++_nano.a
LOAD /home/lsm/.arduino15/packages/Seeeduino/tools/arm-none-eabi-gcc/7-2017q4/bin/../lib/gcc/arm-none-eabi/7.2.1/../../../../arm-none-eabi/lib/thumb/v6-m/libm.a
START GROUP
LOAD /home/lsm/.arduino15/packages/Seeeduino/tools/arm-none-eabi-gcc/7-2017q4/bin/../lib/gcc/arm-none-eabi/7.2.1/thumb/v6-m/libgcc.a
LOAD /home/lsm/.arduino15/packages/Seeeduino/tools/arm-none-eabi-gcc/7-2017q4/bin/../lib/gcc/arm-none-eabi/7.2.1/../../../../arm-none-eabi/lib/thumb/v6-m/libc_nano.a
END GROUP
START GROUP
LOAD /home/lsm/.arduino15/packages/Seeeduino/tools/arm-none-eabi-gcc/7-2017q4/bin/../lib/gcc/arm-none-eabi/7.2.1/thumb/v6-m/libgcc.a
LOAD /home/lsm/.arduino15/packages/Seeeduino/tools/arm-none-eabi-gcc/7-2017q4/bin/../lib/gcc/arm-none-eabi/7.2.1/../../../../arm-none-eabi/lib/thumb/v6-m/libc_nano.a
LOAD /home/lsm/.arduino15/packages/Seeeduino/tools/arm-none-eabi-gcc/7-2017q4/bin/../lib/gcc/arm-none-eabi/7.2.1/../../../../arm-none-eabi/lib/thumb/v6-m/libnosys.a
END GROUP
START GROUP
LOAD /home/lsm/.arduino15/packages/Seeeduino/tools/arm-none-eabi-gcc/7-2017q4/bin/../lib/gcc/arm-none-eabi/7.2.1/thumb/v6-m/libgcc.a
LOAD /home/lsm/.arduino15/packages/Seeeduino/tools/arm-none-eabi-gcc/7-2017q4/bin/../lib/gcc/arm-none-eabi/7.2.1/../../../../arm-none-eabi/lib/thumb/v6-m/libc_nano.a
LOAD /home/lsm/.arduino15/packages/Seeeduino/tools/arm-none-eabi-gcc/7-2017q4/bin/../lib/gcc/arm-none-eabi/7.2.1/../../../../arm-none-eabi/lib/thumb/v6-m/libnosys.a
END GROUP
LOAD /home/lsm/.arduino15/packages/Seeeduino/tools/arm-none-eabi-gcc/7-2017q4/bin/../lib/gcc/arm-none-eabi/7.2.1/thumb/v6-m/crtend.o
LOAD /home/lsm/.arduino15/packages/Seeeduino/tools/arm-none-eabi-gcc/7-2017q4/bin/../lib/gcc/arm-none-eabi/7.2.1/thumb/v6-m/crtn.o

.text           0x0000000000002000     0x8bc4
                0x0000000000002000                __text_start__ = .
 *(.isr_vector)
 .isr_vector    0x0000000000002000       0xb4 /home/lsm/Documents/PlatformIO/Projects/GroundControl/src/Input/../../../../../../../../tmp/arduino-core-cache/core_Seeeduino_samd_seeed_XIAO_m0_d84d79728d435d104f9af73772dabf44.a(cortex_handlers.c.o)
                0x0000000000002000                exception_table
 *(.text*)
 .text          0x00000000000020b4       0x48 /home/lsm/.arduino15/packages/Seeeduino/tools/arm-none-eabi-gcc/7-2017q4/bin/../lib/gcc/arm-none-eabi/7.2.1/thumb/v6-m/crtbegin.o
 .text._ZN5Print5writeEPKc
                0x00000000000020fc       0x1c /home/lsm/Documents/PlatformIO/Projects/GroundControl/src/Input/sketch/main.cpp.o
                0x00000000000020fc                Print::write(char const*)
 .text._Z7postI2cv
                0x0000000000002118       0xd0 /home/lsm/Documents/PlatformIO/Projects/GroundControl/src/Input/sketch/main.cpp.o
                0x0000000000002118                postI2c()
 .text.setup    0x00000000000021e8       0x20 /home/lsm/Documents/PlatformIO/Projects/GroundControl/src/Input/sketch/main.cpp.o
                0x00000000000021e8                setup
 .text.loop     0x0000000000002208        0x2 /home/lsm/Documents/PlatformIO/Projects/GroundControl/src/Input/sketch/main.cpp.o
                0x0000000000002208                loop
 .text._ZN5Print17availableForWriteEv
                0x000000000000220a        0x4 /home/lsm/Documents/PlatformIO/Projects/GroundControl/src/Input/libraries/Wire/Wire.cpp.o
                0x000000000000220a                Print::availableForWrite()
 .text._ZN7TwoWire5writeEPKhj
                0x000000000000220e       0x24 /home/lsm/Documents/PlatformIO/Projects/GroundControl/src/Input/libraries/Wire/Wire.cpp.o
                0x000000000000220e                TwoWire::write(unsigned char const*, unsigned int)
 .text._ZN7TwoWire5flushEv
                0x0000000000002232        0x2 /home/lsm/Documents/PlatformIO/Projects/GroundControl/src/Input/libraries/Wire/Wire.cpp.o
                0x0000000000002232                TwoWire::flush()
 .text._ZN7TwoWire4peekEv
                0x0000000000002234       0x1a /home/lsm/Documents/PlatformIO/Projects/GroundControl/src/Input/libraries/Wire/Wire.cpp.o
                0x0000000000002234                TwoWire::peek()
 .text._ZN7TwoWire9availableEv
                0x000000000000224e       0x12 /home/lsm/Documents/PlatformIO/Projects/GroundControl/src/Input/libraries/Wire/Wire.cpp.o
                0x000000000000224e                TwoWire::available()
 .text._ZN7TwoWireC2EP6SERCOMhh
                0x0000000000002260       0x60 /home/lsm/Documents/PlatformIO/Projects/GroundControl/src/Input/libraries/Wire/Wire.cpp.o
                0x0000000000002260                TwoWire::TwoWire(SERCOM*, unsigned char, unsigned char)
                0x0000000000002260                TwoWire::TwoWire(SERCOM*, unsigned char, unsigned char)
 .text._ZN7TwoWire5beginEhb
                0x00000000000022c0       0x38 /home/lsm/Documents/PlatformIO/Projects/GroundControl/src/Input/libraries/Wire/Wire.cpp.o
                0x00000000000022c0                TwoWire::begin(unsigned char, bool)
 .text._ZN7TwoWire9onRequestEPFvvE
                0x00000000000022f8        0x8 /home/lsm/Documents/PlatformIO/Projects/GroundControl/src/Input/libraries/Wire/Wire.cpp.o
                0x00000000000022f8                TwoWire::onRequest(void (*)())
 .text._ZN11RingBufferNILi256EE10store_charEh
                0x0000000000002300       0x1a /home/lsm/Documents/PlatformIO/Projects/GroundControl/src/Input/libraries/Wire/Wire.cpp.o
                0x0000000000002300                RingBufferN<256>::store_char(unsigned char)
 .text._ZN7TwoWire5writeEh
                0x000000000000231a       0x2a /home/lsm/Documents/PlatformIO/Projects/GroundControl/src/Input/libraries/Wire/Wire.cpp.o
                0x000000000000231a                TwoWire::write(unsigned char)
 .text._ZN11RingBufferNILi256EE9read_charEv
                0x0000000000002344       0x20 /home/lsm/Documents/PlatformIO/Projects/GroundControl/src/Input/libraries/Wire/Wire.cpp.o
                0x0000000000002344                RingBufferN<256>::read_char()
 .text._ZN7TwoWire4readEv
                0x0000000000002364        0xa /home/lsm/Documents/PlatformIO/Projects/GroundControl/src/Input/libraries/Wire/Wire.cpp.o
                0x0000000000002364                TwoWire::read()
 .text._ZN7TwoWire9onServiceEv
                0x000000000000236e      0x11c /home/lsm/Documents/PlatformIO/Projects/GroundControl/src/Input/libraries/Wire/Wire.cpp.o
                0x000000000000236e                TwoWire::onService()
 *fill*         0x000000000000248a        0x2 
 .text.SERCOM2_Handler
                0x000000000000248c       0x10 /home/lsm/Documents/PlatformIO/Projects/GroundControl/src/Input/libraries/Wire/Wire.cpp.o
                0x000000000000248c                SERCOM2_Handler
 .text.startup._GLOBAL__sub_I__ZN7TwoWireC2EP6SERCOMhh
                0x000000000000249c       0x18 /home/lsm/Documents/PlatformIO/Projects/GroundControl/src/Input/libraries/Wire/Wire.cpp.o
 .text.SERCOM4_Handler
                0x00000000000024b4       0x10 /home/lsm/Documents/PlatformIO/Projects/GroundControl/src/Input/core/variant.cpp.o
                0x00000000000024b4                SERCOM4_Handler
 .text.startup._GLOBAL__sub_I_g_APinDescription
                0x00000000000024c4       0x80 /home/lsm/Documents/PlatformIO/Projects/GroundControl/src/Input/core/variant.cpp.o
 .text.__wrap__write
                0x0000000000002544        0x4 /home/lsm/Documents/PlatformIO/Projects/GroundControl/src/Input/../../../../../../../../tmp/arduino-core-cache/core_Seeeduino_samd_seeed_XIAO_m0_d84d79728d435d104f9af73772dabf44.a(Retarget.cpp.o)
                0x0000000000002544                __wrap__write
 .text._ZN6SERCOMC2EP6Sercom
                0x0000000000002548        0x4 /home/lsm/Documents/PlatformIO/Projects/GroundControl/src/Input/../../../../../../../../tmp/arduino-core-cache/core_Seeeduino_samd_seeed_XIAO_m0_d84d79728d435d104f9af73772dabf44.a(SERCOM.cpp.o)
                0x0000000000002548                SERCOM::SERCOM(Sercom*)
                0x0000000000002548                SERCOM::SERCOM(Sercom*)
 .text._ZN6SERCOM9initFrameE18SercomUartCharSize15SercomDataOrder16SercomParityMode19SercomNumberStopBit
                0x000000000000254c       0x3a /home/lsm/Documents/PlatformIO/Projects/GroundControl/src/Input/../../../../../../../../tmp/arduino-core-cache/core_Seeeduino_samd_seeed_XIAO_m0_d84d79728d435d104f9af73772dabf44.a(SERCOM.cpp.o)
                0x000000000000254c                SERCOM::initFrame(SercomUartCharSize, SercomDataOrder, SercomParityMode, SercomNumberStopBit)
 .text._ZN6SERCOM8initPadsE15SercomUartTXPad11SercomRXPad
                0x0000000000002586       0x26 /home/lsm/Documents/PlatformIO/Projects/GroundControl/src/Input/../../../../../../../../tmp/arduino-core-cache/core_Seeeduino_samd_seeed_XIAO_m0_d84d79728d435d104f9af73772dabf44.a(SERCOM.cpp.o)
                0x0000000000002586                SERCOM::initPads(SercomUartTXPad, SercomRXPad)
 .text._ZN6SERCOM9resetUARTEv
                0x00000000000025ac       0x1a /home/lsm/Documents/PlatformIO/Projects/GroundControl/src/Input/../../../../../../../../tmp/arduino-core-cache/core_Seeeduino_samd_seeed_XIAO_m0_d84d79728d435d104f9af73772dabf44.a(SERCOM.cpp.o)
                0x00000000000025ac                SERCOM::resetUART()
 .text._ZN6SERCOM10enableUARTEv
                0x00000000000025c6       0x14 /home/lsm/Documents/PlatformIO/Projects/GroundControl/src/Input/../../../../../../../../tmp/arduino-core-cache/core_Seeeduino_samd_seeed_XIAO_m0_d84d79728d435d104f9af73772dabf44.a(SERCOM.cpp.o)
                0x00000000000025c6                SERCOM::enableUART()
 .text._ZN6SERCOM9flushUARTEv
                0x00000000000025da       0x10 /home/lsm/Documents/PlatformIO/Projects/GroundControl/src/Input/../../../../../../../../tmp/arduino-core-cache/core_Seeeduino_samd_seeed_XIAO_m0_d84d79728d435d104f9af73772dabf44.a(SERCOM.cpp.o)
                0x00000000000025da                SERCOM::flushUART()
 .text._ZN6SERCOM15clearStatusUARTEv
                0x00000000000025ea        0x8 /home/lsm/Documents/PlatformIO/Projects/GroundControl/src/Input/../../../../../../../../tmp/arduino-core-cache/core_Seeeduino_samd_seeed_XIAO_m0_d84d79728d435d104f9af73772dabf44.a(SERCOM.cpp.o)
                0x00000000000025ea                SERCOM::clearStatusUART()
 .text._ZN6SERCOM17availableDataUARTEv
                0x00000000000025f2        0xa /home/lsm/Documents/PlatformIO/Projects/GroundControl/src/Input/../../../../../../../../tmp/arduino-core-cache/core_Seeeduino_samd_seeed_XIAO_m0_d84d79728d435d104f9af73772dabf44.a(SERCOM.cpp.o)
                0x00000000000025f2                SERCOM::availableDataUART()
 .text._ZN6SERCOM11isUARTErrorEv
                0x00000000000025fc        0x8 /home/lsm/Documents/PlatformIO/Projects/GroundControl/src/Input/../../../../../../../../tmp/arduino-core-cache/core_Seeeduino_samd_seeed_XIAO_m0_d84d79728d435d104f9af73772dabf44.a(SERCOM.cpp.o)
                0x00000000000025fc                SERCOM::isUARTError()
 .text._ZN6SERCOM20acknowledgeUARTErrorEv
                0x0000000000002604        0xe /home/lsm/Documents/PlatformIO/Projects/GroundControl/src/Input/../../../../../../../../tmp/arduino-core-cache/core_Seeeduino_samd_seeed_XIAO_m0_d84d79728d435d104f9af73772dabf44.a(SERCOM.cpp.o)
                0x0000000000002604                SERCOM::acknowledgeUARTError()
 .text._ZN6SERCOM16isFrameErrorUARTEv
                0x0000000000002612        0xa /home/lsm/Documents/PlatformIO/Projects/GroundControl/src/Input/../../../../../../../../tmp/arduino-core-cache/core_Seeeduino_samd_seeed_XIAO_m0_d84d79728d435d104f9af73772dabf44.a(SERCOM.cpp.o)
                0x0000000000002612                SERCOM::isFrameErrorUART()
 .text._ZN6SERCOM19clearFrameErrorUARTEv
                0x000000000000261c        0xc /home/lsm/Documents/PlatformIO/Projects/GroundControl/src/Input/../../../../../../../../tmp/arduino-core-cache/core_Seeeduino_samd_seeed_XIAO_m0_d84d79728d435d104f9af73772dabf44.a(SERCOM.cpp.o)
                0x000000000000261c                SERCOM::clearFrameErrorUART()
 .text._ZN6SERCOM23isDataRegisterEmptyUARTEv
                0x0000000000002628        0xa /home/lsm/Documents/PlatformIO/Projects/GroundControl/src/Input/../../../../../../../../tmp/arduino-core-cache/core_Seeeduino_samd_seeed_XIAO_m0_d84d79728d435d104f9af73772dabf44.a(SERCOM.cpp.o)
                0x0000000000002628                SERCOM::isDataRegisterEmptyUART()
 .text._ZN6SERCOM12readDataUARTEv
                0x0000000000002632        0x8 /home/lsm/Documents/PlatformIO/Projects/GroundControl/src/Input/../../../../../../../../tmp/arduino-core-cache/core_Seeeduino_samd_seeed_XIAO_m0_d84d79728d435d104f9af73772dabf44.a(SERCOM.cpp.o)
                0x0000000000002632                SERCOM::readDataUART()
 .text._ZN6SERCOM13writeDataUARTEh
                0x000000000000263a       0x10 /home/lsm/Documents/PlatformIO/Projects/GroundControl/src/Input/../../../../../../../../tmp/arduino-core-cache/core_Seeeduino_samd_seeed_XIAO_m0_d84d79728d435d104f9af73772dabf44.a(SERCOM.cpp.o)
                0x000000000000263a                SERCOM::writeDataUART(unsigned char)
 .text._ZN6SERCOM36enableDataRegisterEmptyInterruptUARTEv
                0x000000000000264a        0x8 /home/lsm/Documents/PlatformIO/Projects/GroundControl/src/Input/../../../../../../../../tmp/arduino-core-cache/core_Seeeduino_samd_seeed_XIAO_m0_d84d79728d435d104f9af73772dabf44.a(SERCOM.cpp.o)
                0x000000000000264a                SERCOM::enableDataRegisterEmptyInterruptUART()
 .text._ZN6SERCOM37disableDataRegisterEmptyInterruptUARTEv
                0x0000000000002652        0x8 /home/lsm/Documents/PlatformIO/Projects/GroundControl/src/Input/../../../../../../../../tmp/arduino-core-cache/core_Seeeduino_samd_seeed_XIAO_m0_d84d79728d435d104f9af73772dabf44.a(SERCOM.cpp.o)
                0x0000000000002652                SERCOM::disableDataRegisterEmptyInterruptUART()
 .text._ZN6SERCOM9resetWIREEv
                0x000000000000265a       0x1a /home/lsm/Documents/PlatformIO/Projects/GroundControl/src/Input/../../../../../../../../tmp/arduino-core-cache/core_Seeeduino_samd_seeed_XIAO_m0_d84d79728d435d104f9af73772dabf44.a(SERCOM.cpp.o)
                0x000000000000265a                SERCOM::resetWIRE()
 .text._ZN6SERCOM10enableWIREEv
                0x0000000000002674       0x2a /home/lsm/Documents/PlatformIO/Projects/GroundControl/src/Input/../../../../../../../../tmp/arduino-core-cache/core_Seeeduino_samd_seeed_XIAO_m0_d84d79728d435d104f9af73772dabf44.a(SERCOM.cpp.o)
                0x0000000000002674                SERCOM::enableWIRE()
 .text._ZN6SERCOM18prepareNackBitWIREEv
                0x000000000000269e       0x10 /home/lsm/Documents/PlatformIO/Projects/GroundControl/src/Input/../../../../../../../../tmp/arduino-core-cache/core_Seeeduino_samd_seeed_XIAO_m0_d84d79728d435d104f9af73772dabf44.a(SERCOM.cpp.o)
                0x000000000000269e                SERCOM::prepareNackBitWIRE()
 *fill*         0x00000000000026ae        0x2 
 .text._ZN6SERCOM17prepareAckBitWIREEv
                0x00000000000026b0       0x14 /home/lsm/Documents/PlatformIO/Projects/GroundControl/src/Input/../../../../../../../../tmp/arduino-core-cache/core_Seeeduino_samd_seeed_XIAO_m0_d84d79728d435d104f9af73772dabf44.a(SERCOM.cpp.o)
                0x00000000000026b0                SERCOM::prepareAckBitWIRE()
 .text._ZN6SERCOM22prepareCommandBitsWireEh
                0x00000000000026c4       0x2c /home/lsm/Documents/PlatformIO/Projects/GroundControl/src/Input/../../../../../../../../tmp/arduino-core-cache/core_Seeeduino_samd_seeed_XIAO_m0_d84d79728d435d104f9af73772dabf44.a(SERCOM.cpp.o)
                0x00000000000026c4                SERCOM::prepareCommandBitsWire(unsigned char)
 .text._ZN6SERCOM17sendDataSlaveWIREEh
                0x00000000000026f0       0x1c /home/lsm/Documents/PlatformIO/Projects/GroundControl/src/Input/../../../../../../../../tmp/arduino-core-cache/core_Seeeduino_samd_seeed_XIAO_m0_d84d79728d435d104f9af73772dabf44.a(SERCOM.cpp.o)
                0x00000000000026f0                SERCOM::sendDataSlaveWIRE(unsigned char)
 .text._ZN6SERCOM11isSlaveWIREEv
                0x000000000000270c       0x12 /home/lsm/Documents/PlatformIO/Projects/GroundControl/src/Input/../../../../../../../../tmp/arduino-core-cache/core_Seeeduino_samd_seeed_XIAO_m0_d84d79728d435d104f9af73772dabf44.a(SERCOM.cpp.o)
                0x000000000000270c                SERCOM::isSlaveWIRE()
 .text._ZN6SERCOM15isDataReadyWIREEv
                0x000000000000271e        0xa /home/lsm/Documents/PlatformIO/Projects/GroundControl/src/Input/../../../../../../../../tmp/arduino-core-cache/core_Seeeduino_samd_seeed_XIAO_m0_d84d79728d435d104f9af73772dabf44.a(SERCOM.cpp.o)
                0x000000000000271e                SERCOM::isDataReadyWIRE()
 .text._ZN6SERCOM18isStopDetectedWIREEv
                0x0000000000002728        0xa /home/lsm/Documents/PlatformIO/Projects/GroundControl/src/Input/../../../../../../../../tmp/arduino-core-cache/core_Seeeduino_samd_seeed_XIAO_m0_d84d79728d435d104f9af73772dabf44.a(SERCOM.cpp.o)
                0x0000000000002728                SERCOM::isStopDetectedWIRE()
 .text._ZN6SERCOM21isRestartDetectedWIREEv
                0x0000000000002732        0xa /home/lsm/Documents/PlatformIO/Projects/GroundControl/src/Input/../../../../../../../../tmp/arduino-core-cache/core_Seeeduino_samd_seeed_XIAO_m0_d84d79728d435d104f9af73772dabf44.a(SERCOM.cpp.o)
                0x0000000000002732                SERCOM::isRestartDetectedWIRE()
 .text._ZN6SERCOM14isAddressMatchEv
                0x000000000000273c        0xa /home/lsm/Documents/PlatformIO/Projects/GroundControl/src/Input/../../../../../../../../tmp/arduino-core-cache/core_Seeeduino_samd_seeed_XIAO_m0_d84d79728d435d104f9af73772dabf44.a(SERCOM.cpp.o)
                0x000000000000273c                SERCOM::isAddressMatch()
 .text._ZN6SERCOM25isMasterReadOperationWIREEv
                0x0000000000002746        0xa /home/lsm/Documents/PlatformIO/Projects/GroundControl/src/Input/../../../../../../../../tmp/arduino-core-cache/core_Seeeduino_samd_seeed_XIAO_m0_d84d79728d435d104f9af73772dabf44.a(SERCOM.cpp.o)
                0x0000000000002746                SERCOM::isMasterReadOperationWIRE()
 .text._ZN6SERCOM12readDataWIREEv
                0x0000000000002750       0x1a /home/lsm/Documents/PlatformIO/Projects/GroundControl/src/Input/../../../../../../../../tmp/arduino-core-cache/core_Seeeduino_samd_seeed_XIAO_m0_d84d79728d435d104f9af73772dabf44.a(SERCOM.cpp.o)
                0x0000000000002750                SERCOM::readDataWIRE()
 *fill*         0x000000000000276a        0x2 
 .text._ZN6SERCOM14getSercomIndexEv
                0x000000000000276c       0x5c /home/lsm/Documents/PlatformIO/Projects/GroundControl/src/Input/../../../../../../../../tmp/arduino-core-cache/core_Seeeduino_samd_seeed_XIAO_m0_d84d79728d435d104f9af73772dabf44.a(SERCOM.cpp.o)
                0x000000000000276c                SERCOM::getSercomIndex()
 .text._ZN6SERCOM13initClockNVICEv
                0x00000000000027c8       0x90 /home/lsm/Documents/PlatformIO/Projects/GroundControl/src/Input/../../../../../../../../tmp/arduino-core-cache/core_Seeeduino_samd_seeed_XIAO_m0_d84d79728d435d104f9af73772dabf44.a(SERCOM.cpp.o)
                0x00000000000027c8                SERCOM::initClockNVIC()
 .text._ZN6SERCOM8initUARTE14SercomUartMode20SercomUartSampleRatem
                0x0000000000002858       0x6c /home/lsm/Documents/PlatformIO/Projects/GroundControl/src/Input/../../../../../../../../tmp/arduino-core-cache/core_Seeeduino_samd_seeed_XIAO_m0_d84d79728d435d104f9af73772dabf44.a(SERCOM.cpp.o)
                0x0000000000002858                SERCOM::initUART(SercomUartMode, SercomUartSampleRate, unsigned long)
 .text._ZN6SERCOM13initSlaveWIREEhb
                0x00000000000028c4       0x4a /home/lsm/Documents/PlatformIO/Projects/GroundControl/src/Input/../../../../../../../../tmp/arduino-core-cache/core_Seeeduino_samd_seeed_XIAO_m0_d84d79728d435d104f9af73772dabf44.a(SERCOM.cpp.o)
                0x00000000000028c4                SERCOM::initSlaveWIRE(unsigned char, bool)
 .text._ZN4UartcvbEv
                0x000000000000290e        0x4 /home/lsm/Documents/PlatformIO/Projects/GroundControl/src/Input/../../../../../../../../tmp/arduino-core-cache/core_Seeeduino_samd_seeed_XIAO_m0_d84d79728d435d104f9af73772dabf44.a(Uart.cpp.o)
                0x000000000000290e                Uart::operator bool()
 *fill*         0x0000000000002912        0x2 
 .text._ZN4Uart5beginEm
                0x0000000000002914       0x10 /home/lsm/Documents/PlatformIO/Projects/GroundControl/src/Input/../../../../../../../../tmp/arduino-core-cache/core_Seeeduino_samd_seeed_XIAO_m0_d84d79728d435d104f9af73772dabf44.a(Uart.cpp.o)
                0x0000000000002914                Uart::begin(unsigned long)
 .text._ZN4Uart4peekEv
                0x0000000000002924       0x1a /home/lsm/Documents/PlatformIO/Projects/GroundControl/src/Input/../../../../../../../../tmp/arduino-core-cache/core_Seeeduino_samd_seeed_XIAO_m0_d84d79728d435d104f9af73772dabf44.a(Uart.cpp.o)
                0x0000000000002924                Uart::peek()
 .text._ZN4Uart3endEv
                0x000000000000293e       0x20 /home/lsm/Documents/PlatformIO/Projects/GroundControl/src/Input/../../../../../../../../tmp/arduino-core-cache/core_Seeeduino_samd_seeed_XIAO_m0_d84d79728d435d104f9af73772dabf44.a(Uart.cpp.o)
                0x000000000000293e                Uart::end()
 .text._ZN4Uart16extractNbStopBitEt
                0x000000000000295e        0xc /home/lsm/Documents/PlatformIO/Projects/GroundControl/src/Input/../../../../../../../../tmp/arduino-core-cache/core_Seeeduino_samd_seeed_XIAO_m0_d84d79728d435d104f9af73772dabf44.a(Uart.cpp.o)
                0x000000000000295e                Uart::extractNbStopBit(unsigned short)
 .text._ZN4Uart15extractCharSizeEt
                0x000000000000296a       0x28 /home/lsm/Documents/PlatformIO/Projects/GroundControl/src/Input/../../../../../../../../tmp/arduino-core-cache/core_Seeeduino_samd_seeed_XIAO_m0_d84d79728d435d104f9af73772dabf44.a(Uart.cpp.o)
                0x000000000000296a                Uart::extractCharSize(unsigned short)
 .text._ZN4Uart13extractParityEt
                0x0000000000002992       0x14 /home/lsm/Documents/PlatformIO/Projects/GroundControl/src/Input/../../../../../../../../tmp/arduino-core-cache/core_Seeeduino_samd_seeed_XIAO_m0_d84d79728d435d104f9af73772dabf44.a(Uart.cpp.o)
                0x0000000000002992                Uart::extractParity(unsigned short)
 *fill*         0x00000000000029a6        0x2 
 .text._ZN4Uart5beginEmt
                0x00000000000029a8       0xf8 /home/lsm/Documents/PlatformIO/Projects/GroundControl/src/Input/../../../../../../../../tmp/arduino-core-cache/core_Seeeduino_samd_seeed_XIAO_m0_d84d79728d435d104f9af73772dabf44.a(Uart.cpp.o)
                0x00000000000029a8                Uart::begin(unsigned long, unsigned short)
 .text._ZN11RingBufferNILi256EEC2Ev
                0x0000000000002aa0       0x1c /home/lsm/Documents/PlatformIO/Projects/GroundControl/src/Input/../../../../../../../../tmp/arduino-core-cache/core_Seeeduino_samd_seeed_XIAO_m0_d84d79728d435d104f9af73772dabf44.a(Uart.cpp.o)
                0x0000000000002aa0                RingBufferN<256>::RingBufferN()
                0x0000000000002aa0                RingBufferN<256>::RingBufferN()
 .text._ZN4UartC2EP6SERCOMhh11SercomRXPad15SercomUartTXPad
                0x0000000000002abc       0x74 /home/lsm/Documents/PlatformIO/Projects/GroundControl/src/Input/../../../../../../../../tmp/arduino-core-cache/core_Seeeduino_samd_seeed_XIAO_m0_d84d79728d435d104f9af73772dabf44.a(Uart.cpp.o)
                0x0000000000002abc                Uart::Uart(SERCOM*, unsigned char, unsigned char, SercomRXPad, SercomUartTXPad)
                0x0000000000002abc                Uart::Uart(SERCOM*, unsigned char, unsigned char, SercomRXPad, SercomUartTXPad)
 .text._ZN11RingBufferNILi256EE17availableForStoreEv
                0x0000000000002b30       0x20 /home/lsm/Documents/PlatformIO/Projects/GroundControl/src/Input/../../../../../../../../tmp/arduino-core-cache/core_Seeeduino_samd_seeed_XIAO_m0_d84d79728d435d104f9af73772dabf44.a(Uart.cpp.o)
                0x0000000000002b30                RingBufferN<256>::availableForStore()
 .text._ZN4Uart17availableForWriteEv
                0x0000000000002b50        0xc /home/lsm/Documents/PlatformIO/Projects/GroundControl/src/Input/../../../../../../../../tmp/arduino-core-cache/core_Seeeduino_samd_seeed_XIAO_m0_d84d79728d435d104f9af73772dabf44.a(Uart.cpp.o)
                0x0000000000002b50                Uart::availableForWrite()
 .text._ZN4Uart4readEv
                0x0000000000002b5c       0x4c /home/lsm/Documents/PlatformIO/Projects/GroundControl/src/Input/../../../../../../../../tmp/arduino-core-cache/core_Seeeduino_samd_seeed_XIAO_m0_d84d79728d435d104f9af73772dabf44.a(Uart.cpp.o)
                0x0000000000002b5c                Uart::read()
 .text._ZN11RingBufferNILi256EE9availableEv
                0x0000000000002ba8       0x12 /home/lsm/Documents/PlatformIO/Projects/GroundControl/src/Input/../../../../../../../../tmp/arduino-core-cache/core_Seeeduino_samd_seeed_XIAO_m0_d84d79728d435d104f9af73772dabf44.a(Uart.cpp.o)
                0x0000000000002ba8                RingBufferN<256>::available()
 .text._ZN4Uart5flushEv
                0x0000000000002bba       0x1a /home/lsm/Documents/PlatformIO/Projects/GroundControl/src/Input/../../../../../../../../tmp/arduino-core-cache/core_Seeeduino_samd_seeed_XIAO_m0_d84d79728d435d104f9af73772dabf44.a(Uart.cpp.o)
                0x0000000000002bba                Uart::flush()
 .text._ZN4Uart9availableEv
                0x0000000000002bd4        0xa /home/lsm/Documents/PlatformIO/Projects/GroundControl/src/Input/../../../../../../../../tmp/arduino-core-cache/core_Seeeduino_samd_seeed_XIAO_m0_d84d79728d435d104f9af73772dabf44.a(Uart.cpp.o)
                0x0000000000002bd4                Uart::available()
 .text._ZN4Uart10IrqHandlerEv
                0x0000000000002bde       0xcc /home/lsm/Documents/PlatformIO/Projects/GroundControl/src/Input/../../../../../../../../tmp/arduino-core-cache/core_Seeeduino_samd_seeed_XIAO_m0_d84d79728d435d104f9af73772dabf44.a(Uart.cpp.o)
                0x0000000000002bde                Uart::IrqHandler()
 *fill*         0x0000000000002caa        0x2 
 .text._ZN4Uart5writeEh
                0x0000000000002cac       0xb4 /home/lsm/Documents/PlatformIO/Projects/GroundControl/src/Input/../../../../../../../../tmp/arduino-core-cache/core_Seeeduino_samd_seeed_XIAO_m0_d84d79728d435d104f9af73772dabf44.a(Uart.cpp.o)
                0x0000000000002cac                Uart::write(unsigned char)
 .text.Dummy_Handler
                0x0000000000002d60        0x2 /home/lsm/Documents/PlatformIO/Projects/GroundControl/src/Input/../../../../../../../../tmp/arduino-core-cache/core_Seeeduino_samd_seeed_XIAO_m0_d84d79728d435d104f9af73772dabf44.a(cortex_handlers.c.o)
                0x0000000000002d60                DMAC_Handler
                0x0000000000002d60                HardFault_Handler
                0x0000000000002d60                AC_Handler
                0x0000000000002d60                PendSV_Handler
                0x0000000000002d60                NMI_Handler
                0x0000000000002d60                TC7_Handler
                0x0000000000002d60                SERCOM1_Handler
                0x0000000000002d60                ADC_Handler
                0x0000000000002d60                TCC1_Handler
                0x0000000000002d60                TCC0_Handler
                0x0000000000002d60                RTC_Handler
                0x0000000000002d60                EIC_Handler
                0x0000000000002d60                TC6_Handler
                0x0000000000002d60                WDT_Handler
                0x0000000000002d60                TC4_Handler
                0x0000000000002d60                TC3_Handler
                0x0000000000002d60                Dummy_Handler
                0x0000000000002d60                PM_Handler
                0x0000000000002d60                SERCOM5_Handler
                0x0000000000002d60                SVC_Handler
                0x0000000000002d60                TCC2_Handler
                0x0000000000002d60                EVSYS_Handler
                0x0000000000002d60                SERCOM3_Handler
                0x0000000000002d60                I2S_Handler
                0x0000000000002d60                NVMCTRL_Handler
                0x0000000000002d60                SERCOM0_Handler
                0x0000000000002d60                DAC_Handler
                0x0000000000002d60                PTC_Handler
                0x0000000000002d60                SYSCTRL_Handler
 *fill*         0x0000000000002d62        0x2 
 .text.USB_Handler
                0x0000000000002d64       0x14 /home/lsm/Documents/PlatformIO/Projects/GroundControl/src/Input/../../../../../../../../tmp/arduino-core-cache/core_Seeeduino_samd_seeed_XIAO_m0_d84d79728d435d104f9af73772dabf44.a(cortex_handlers.c.o)
                0x0000000000002d64                USB_Handler
 .text.Reset_Handler
                0x0000000000002d78       0x54 /home/lsm/Documents/PlatformIO/Projects/GroundControl/src/Input/../../../../../../../../tmp/arduino-core-cache/core_Seeeduino_samd_seeed_XIAO_m0_d84d79728d435d104f9af73772dabf44.a(cortex_handlers.c.o)
                0x0000000000002d78                Reset_Handler
 .text.SysTick_Handler
                0x0000000000002dcc       0x10 /home/lsm/Documents/PlatformIO/Projects/GroundControl/src/Input/../../../../../../../../tmp/arduino-core-cache/core_Seeeduino_samd_seeed_XIAO_m0_d84d79728d435d104f9af73772dabf44.a(cortex_handlers.c.o)
                0x0000000000002dcc                SysTick_Handler
 .text.USB_SetHandler
                0x0000000000002ddc        0xc /home/lsm/Documents/PlatformIO/Projects/GroundControl/src/Input/../../../../../../../../tmp/arduino-core-cache/core_Seeeduino_samd_seeed_XIAO_m0_d84d79728d435d104f9af73772dabf44.a(cortex_handlers.c.o)
                0x0000000000002ddc                USB_SetHandler
 .text.micros   0x0000000000002de8       0x60 /home/lsm/Documents/PlatformIO/Projects/GroundControl/src/Input/../../../../../../../../tmp/arduino-core-cache/core_Seeeduino_samd_seeed_XIAO_m0_d84d79728d435d104f9af73772dabf44.a(delay.c.o)
                0x0000000000002de8                micros
 .text._real_delay
                0x0000000000002e48       0x30 /home/lsm/Documents/PlatformIO/Projects/GroundControl/src/Input/../../../../../../../../tmp/arduino-core-cache/core_Seeeduino_samd_seeed_XIAO_m0_d84d79728d435d104f9af73772dabf44.a(delay.c.o)
                0x0000000000002e48                delay
                0x0000000000002e48                _real_delay
 .text.SysTick_DefaultHandler
                0x0000000000002e78       0x14 /home/lsm/Documents/PlatformIO/Projects/GroundControl/src/Input/../../../../../../../../tmp/arduino-core-cache/core_Seeeduino_samd_seeed_XIAO_m0_d84d79728d435d104f9af73772dabf44.a(delay.c.o)
                0x0000000000002e78                SysTick_DefaultHandler
 .text.__empty  0x0000000000002e8c        0x2 /home/lsm/Documents/PlatformIO/Projects/GroundControl/src/Input/../../../../../../../../tmp/arduino-core-cache/core_Seeeduino_samd_seeed_XIAO_m0_d84d79728d435d104f9af73772dabf44.a(hooks.c.o)
                0x0000000000002e8c                yield
 .text.__false  0x0000000000002e8e        0x4 /home/lsm/Documents/PlatformIO/Projects/GroundControl/src/Input/../../../../../../../../tmp/arduino-core-cache/core_Seeeduino_samd_seeed_XIAO_m0_d84d79728d435d104f9af73772dabf44.a(hooks.c.o)
                0x0000000000002e8e                sysTickHook
 .text.ltoa     0x0000000000002e92       0x72 /home/lsm/Documents/PlatformIO/Projects/GroundControl/src/Input/../../../../../../../../tmp/arduino-core-cache/core_Seeeduino_samd_seeed_XIAO_m0_d84d79728d435d104f9af73772dabf44.a(itoa.c.o)
                0x0000000000002e92                ltoa
 .text.itoa     0x0000000000002f04        0x8 /home/lsm/Documents/PlatformIO/Projects/GroundControl/src/Input/../../../../../../../../tmp/arduino-core-cache/core_Seeeduino_samd_seeed_XIAO_m0_d84d79728d435d104f9af73772dabf44.a(itoa.c.o)
                0x0000000000002f04                itoa
 .text._Z11initVariantv
                0x0000000000002f0c        0x2 /home/lsm/Documents/PlatformIO/Projects/GroundControl/src/Input/../../../../../../../../tmp/arduino-core-cache/core_Seeeduino_samd_seeed_XIAO_m0_d84d79728d435d104f9af73772dabf44.a(main.cpp.o)
                0x0000000000002f0c                initVariant()
 *fill*         0x0000000000002f0e        0x2 
 .text._Z10_real_bodyv
                0x0000000000002f10       0x20 /home/lsm/Documents/PlatformIO/Projects/GroundControl/src/Input/../../../../../../../../tmp/arduino-core-cache/core_Seeeduino_samd_seeed_XIAO_m0_d84d79728d435d104f9af73772dabf44.a(main.cpp.o)
                0x0000000000002f10                _real_body()
 .text._Z10_wrap_bodyv
                0x0000000000002f30        0x6 /home/lsm/Documents/PlatformIO/Projects/GroundControl/src/Input/../../../../../../../../tmp/arduino-core-cache/core_Seeeduino_samd_seeed_XIAO_m0_d84d79728d435d104f9af73772dabf44.a(main.cpp.o)
                0x0000000000002f30                _wrap_body()
 *fill*         0x0000000000002f36        0x2 
 .text.startup.main
                0x0000000000002f38       0x30 /home/lsm/Documents/PlatformIO/Projects/GroundControl/src/Input/../../../../../../../../tmp/arduino-core-cache/core_Seeeduino_samd_seeed_XIAO_m0_d84d79728d435d104f9af73772dabf44.a(main.cpp.o)
                0x0000000000002f38                main
 .text.SystemInit
                0x0000000000002f68      0x160 /home/lsm/Documents/PlatformIO/Projects/GroundControl/src/Input/../../../../../../../../tmp/arduino-core-cache/core_Seeeduino_samd_seeed_XIAO_m0_d84d79728d435d104f9af73772dabf44.a(startup.c.o)
                0x0000000000002f68                SystemInit
 .text.init     0x00000000000030c8       0xe0 /home/lsm/Documents/PlatformIO/Projects/GroundControl/src/Input/../../../../../../../../tmp/arduino-core-cache/core_Seeeduino_samd_seeed_XIAO_m0_d84d79728d435d104f9af73772dabf44.a(wiring.c.o)
                0x00000000000030c8                init
 .text.analogReference
                0x00000000000031a8       0x88 /home/lsm/Documents/PlatformIO/Projects/GroundControl/src/Input/../../../../../../../../tmp/arduino-core-cache/core_Seeeduino_samd_seeed_XIAO_m0_d84d79728d435d104f9af73772dabf44.a(wiring_analog.c.o)
                0x00000000000031a8                analogReference
 .text.analogRead
                0x0000000000003230       0xc4 /home/lsm/Documents/PlatformIO/Projects/GroundControl/src/Input/../../../../../../../../tmp/arduino-core-cache/core_Seeeduino_samd_seeed_XIAO_m0_d84d79728d435d104f9af73772dabf44.a(wiring_analog.c.o)
                0x0000000000003230                analogRead
 .text.pinMode  0x00000000000032f4       0x60 /home/lsm/Documents/PlatformIO/Projects/GroundControl/src/Input/../../../../../../../../tmp/arduino-core-cache/core_Seeeduino_samd_seeed_XIAO_m0_d84d79728d435d104f9af73772dabf44.a(wiring_digital.c.o)
                0x00000000000032f4                pinMode
 .text.digitalWrite
                0x0000000000003354       0x58 /home/lsm/Documents/PlatformIO/Projects/GroundControl/src/Input/../../../../../../../../tmp/arduino-core-cache/core_Seeeduino_samd_seeed_XIAO_m0_d84d79728d435d104f9af73772dabf44.a(wiring_digital.c.o)
                0x0000000000003354                digitalWrite
 .text.digitalRead
                0x00000000000033ac       0x30 /home/lsm/Documents/PlatformIO/Projects/GroundControl/src/Input/../../../../../../../../tmp/arduino-core-cache/core_Seeeduino_samd_seeed_XIAO_m0_d84d79728d435d104f9af73772dabf44.a(wiring_digital.c.o)
                0x00000000000033ac                digitalRead
 .text.mapResolution
                0x00000000000033dc       0x12 /home/lsm/Documents/PlatformIO/Projects/GroundControl/src/Input/../../../../../../../../tmp/arduino-core-cache/core_Seeeduino_samd_seeed_XIAO_m0_d84d79728d435d104f9af73772dabf44.a(wiring_private.c.o)
                0x00000000000033dc                mapResolution
 *fill*         0x00000000000033ee        0x2 
 .text.pinPeripheral
                0x00000000000033f0       0xc4 /home/lsm/Documents/PlatformIO/Projects/GroundControl/src/Input/../../../../../../../../tmp/arduino-core-cache/core_Seeeduino_samd_seeed_XIAO_m0_d84d79728d435d104f9af73772dabf44.a(wiring_private.c.o)
                0x00000000000033f0                pinPeripheral
 .text._ZN5Print5writeEPKhj
                0x00000000000034b4       0x28 /home/lsm/Documents/PlatformIO/Projects/GroundControl/src/Input/../../../../../../../../tmp/arduino-core-cache/core_Seeeduino_samd_seeed_XIAO_m0_d84d79728d435d104f9af73772dabf44.a(Print.cpp.o)
                0x00000000000034b4                Print::write(unsigned char const*, unsigned int)
 .text.initiateReset
                0x00000000000034dc        0xc /home/lsm/Documents/PlatformIO/Projects/GroundControl/src/Input/../../../../../../../../tmp/arduino-core-cache/core_Seeeduino_samd_seeed_XIAO_m0_d84d79728d435d104f9af73772dabf44.a(Reset.cpp.o)
                0x00000000000034dc                initiateReset
 .text.cancelReset
                0x00000000000034e8       0x10 /home/lsm/Documents/PlatformIO/Projects/GroundControl/src/Input/../../../../../../../../tmp/arduino-core-cache/core_Seeeduino_samd_seeed_XIAO_m0_d84d79728d435d104f9af73772dabf44.a(Reset.cpp.o)
                0x00000000000034e8                cancelReset
 .text.tickReset
                0x00000000000034f8       0x78 /home/lsm/Documents/PlatformIO/Projects/GroundControl/src/Input/../../../../../../../../tmp/arduino-core-cache/core_Seeeduino_samd_seeed_XIAO_m0_d84d79728d435d104f9af73772dabf44.a(Reset.cpp.o)
                0x00000000000034f8                tickReset
 .text._ZN26DoubleBufferedEPOutHandlerD2Ev
                0x0000000000003570        0x2 /home/lsm/Documents/PlatformIO/Projects/GroundControl/src/Input/../../../../../../../../tmp/arduino-core-cache/core_Seeeduino_samd_seeed_XIAO_m0_d84d79728d435d104f9af73772dabf44.a(USBCore.cpp.o)
                0x0000000000003570                DoubleBufferedEPOutHandler::~DoubleBufferedEPOutHandler()
                0x0000000000003570                DoubleBufferedEPOutHandler::~DoubleBufferedEPOutHandler()
 .text._ZN26DoubleBufferedEPOutHandler4initEv
                0x0000000000003572        0x2 /home/lsm/Documents/PlatformIO/Projects/GroundControl/src/Input/../../../../../../../../tmp/arduino-core-cache/core_Seeeduino_samd_seeed_XIAO_m0_d84d79728d435d104f9af73772dabf44.a(USBCore.cpp.o)
                0x0000000000003572                DoubleBufferedEPOutHandler::init()
 .text._ZL5utox8mPc
                0x0000000000003574       0x24 /home/lsm/Documents/PlatformIO/Projects/GroundControl/src/Input/../../../../../../../../tmp/arduino-core-cache/core_Seeeduino_samd_seeed_XIAO_m0_d84d79728d435d104f9af73772dabf44.a(USBCore.cpp.o)
 .text._ZN26DoubleBufferedEPOutHandlerD0Ev
                0x0000000000003598       0x10 /home/lsm/Documents/PlatformIO/Projects/GroundControl/src/Input/../../../../../../../../tmp/arduino-core-cache/core_Seeeduino_samd_seeed_XIAO_m0_d84d79728d435d104f9af73772dabf44.a(USBCore.cpp.o)
                0x0000000000003598                DoubleBufferedEPOutHandler::~DoubleBufferedEPOutHandler()
 .text._ZN14USBDeviceClass6initEPEmm.part.8
                0x00000000000035a8       0xe0 /home/lsm/Documents/PlatformIO/Projects/GroundControl/src/Input/../../../../../../../../tmp/arduino-core-cache/core_Seeeduino_samd_seeed_XIAO_m0_d84d79728d435d104f9af73772dabf44.a(USBCore.cpp.o)
 .text._ZN7__GuardC2Ev
                0x0000000000003688        0xe /home/lsm/Documents/PlatformIO/Projects/GroundControl/src/Input/../../../../../../../../tmp/arduino-core-cache/core_Seeeduino_samd_seeed_XIAO_m0_d84d79728d435d104f9af73772dabf44.a(USBCore.cpp.o)
                0x0000000000003688                __Guard::__Guard()
                0x0000000000003688                __Guard::__Guard()
 .text._ZN7__GuardD2Ev
                0x0000000000003696        0xe /home/lsm/Documents/PlatformIO/Projects/GroundControl/src/Input/../../../../../../../../tmp/arduino-core-cache/core_Seeeduino_samd_seeed_XIAO_m0_d84d79728d435d104f9af73772dabf44.a(USBCore.cpp.o)
                0x0000000000003696                __Guard::~__Guard()
                0x0000000000003696                __Guard::~__Guard()
 .text._ZNK26DoubleBufferedEPOutHandler10_availableEv
                0x00000000000036a4       0x6a /home/lsm/Documents/PlatformIO/Projects/GroundControl/src/Input/../../../../../../../../tmp/arduino-core-cache/core_Seeeduino_samd_seeed_XIAO_m0_d84d79728d435d104f9af73772dabf44.a(USBCore.cpp.o)
                0x00000000000036a4                DoubleBufferedEPOutHandler::_available() const
 *fill*         0x000000000000370e        0x2 
 .text._ZN26DoubleBufferedEPOutHandler7releaseEv
                0x0000000000003710       0x3c /home/lsm/Documents/PlatformIO/Projects/GroundControl/src/Input/../../../../../../../../tmp/arduino-core-cache/core_Seeeduino_samd_seeed_XIAO_m0_d84d79728d435d104f9af73772dabf44.a(USBCore.cpp.o)
                0x0000000000003710                DoubleBufferedEPOutHandler::release()
 .text._ZN26DoubleBufferedEPOutHandler14handleEndpointEv
                0x000000000000374c       0xdc /home/lsm/Documents/PlatformIO/Projects/GroundControl/src/Input/../../../../../../../../tmp/arduino-core-cache/core_Seeeduino_samd_seeed_XIAO_m0_d84d79728d435d104f9af73772dabf44.a(USBCore.cpp.o)
                0x000000000000374c                DoubleBufferedEPOutHandler::handleEndpoint()
 .text._ZN26DoubleBufferedEPOutHandler5_recvEv
                0x0000000000003828      0x184 /home/lsm/Documents/PlatformIO/Projects/GroundControl/src/Input/../../../../../../../../tmp/arduino-core-cache/core_Seeeduino_samd_seeed_XIAO_m0_d84d79728d435d104f9af73772dabf44.a(USBCore.cpp.o)
                0x0000000000003828                DoubleBufferedEPOutHandler::_recv()
 .text._ZN26DoubleBufferedEPOutHandler4peekEv
                0x00000000000039ac       0x22 /home/lsm/Documents/PlatformIO/Projects/GroundControl/src/Input/../../../../../../../../tmp/arduino-core-cache/core_Seeeduino_samd_seeed_XIAO_m0_d84d79728d435d104f9af73772dabf44.a(USBCore.cpp.o)
                0x00000000000039ac                DoubleBufferedEPOutHandler::peek()
 .text._ZN26DoubleBufferedEPOutHandler9availableEv
                0x00000000000039ce       0x18 /home/lsm/Documents/PlatformIO/Projects/GroundControl/src/Input/../../../../../../../../tmp/arduino-core-cache/core_Seeeduino_samd_seeed_XIAO_m0_d84d79728d435d104f9af73772dabf44.a(USBCore.cpp.o)
                0x00000000000039ce                DoubleBufferedEPOutHandler::available()
 .text._ZN26DoubleBufferedEPOutHandler4recvEPvm
                0x00000000000039e6       0x72 /home/lsm/Documents/PlatformIO/Projects/GroundControl/src/Input/../../../../../../../../tmp/arduino-core-cache/core_Seeeduino_samd_seeed_XIAO_m0_d84d79728d435d104f9af73772dabf44.a(USBCore.cpp.o)
                0x00000000000039e6                DoubleBufferedEPOutHandler::recv(void*, unsigned long)
 .text._ZN14USBDeviceClass14SendInterfacesEPm
                0x0000000000003a58       0x2c /home/lsm/Documents/PlatformIO/Projects/GroundControl/src/Input/../../../../../../../../tmp/arduino-core-cache/core_Seeeduino_samd_seeed_XIAO_m0_d84d79728d435d104f9af73772dabf44.a(USBCore.cpp.o)
                0x0000000000003a58                USBDeviceClass::SendInterfaces(unsigned long*)
 .text._ZN14USBDeviceClass14handleEndpointEh
                0x0000000000003a84       0x48 /home/lsm/Documents/PlatformIO/Projects/GroundControl/src/Input/../../../../../../../../tmp/arduino-core-cache/core_Seeeduino_samd_seeed_XIAO_m0_d84d79728d435d104f9af73772dabf44.a(USBCore.cpp.o)
                0x0000000000003a84                USBDeviceClass::handleEndpoint(unsigned char)
 .text._ZN14USBDeviceClass4initEv
                0x0000000000003acc      0x110 /home/lsm/Documents/PlatformIO/Projects/GroundControl/src/Input/../../../../../../../../tmp/arduino-core-cache/core_Seeeduino_samd_seeed_XIAO_m0_d84d79728d435d104f9af73772dabf44.a(USBCore.cpp.o)
                0x0000000000003acc                USBDeviceClass::init()
 .text._ZN14USBDeviceClass6attachEv
                0x0000000000003bdc       0x34 /home/lsm/Documents/PlatformIO/Projects/GroundControl/src/Input/../../../../../../../../tmp/arduino-core-cache/core_Seeeduino_samd_seeed_XIAO_m0_d84d79728d435d104f9af73772dabf44.a(USBCore.cpp.o)
                0x0000000000003bdc                USBDeviceClass::attach()
 .text._ZN14USBDeviceClass10setAddressEm
                0x0000000000003c10       0x48 /home/lsm/Documents/PlatformIO/Projects/GroundControl/src/Input/../../../../../../../../tmp/arduino-core-cache/core_Seeeduino_samd_seeed_XIAO_m0_d84d79728d435d104f9af73772dabf44.a(USBCore.cpp.o)
                0x0000000000003c10                USBDeviceClass::setAddress(unsigned long)
 .text._ZN14USBDeviceClass25handleClassInterfaceSetupER8USBSetup
                0x0000000000003c58       0x44 /home/lsm/Documents/PlatformIO/Projects/GroundControl/src/Input/../../../../../../../../tmp/arduino-core-cache/core_Seeeduino_samd_seeed_XIAO_m0_d84d79728d435d104f9af73772dabf44.a(USBCore.cpp.o)
                0x0000000000003c58                USBDeviceClass::handleClassInterfaceSetup(USBSetup&)
 .text._ZN14USBDeviceClass6initEPEmm
                0x0000000000003c9c      0x12c /home/lsm/Documents/PlatformIO/Projects/GroundControl/src/Input/../../../../../../../../tmp/arduino-core-cache/core_Seeeduino_samd_seeed_XIAO_m0_d84d79728d435d104f9af73772dabf44.a(USBCore.cpp.o)
                0x0000000000003c9c                USBDeviceClass::initEP(unsigned long, unsigned long)
 .text._ZN14USBDeviceClass13initEndpointsEv
                0x0000000000003dc8       0x24 /home/lsm/Documents/PlatformIO/Projects/GroundControl/src/Input/../../../../../../../../tmp/arduino-core-cache/core_Seeeduino_samd_seeed_XIAO_m0_d84d79728d435d104f9af73772dabf44.a(USBCore.cpp.o)
                0x0000000000003dc8                USBDeviceClass::initEndpoints()
 .text._ZN14USBDeviceClass5clearEm
                0x0000000000003dec       0x38 /home/lsm/Documents/PlatformIO/Projects/GroundControl/src/Input/../../../../../../../../tmp/arduino-core-cache/core_Seeeduino_samd_seeed_XIAO_m0_d84d79728d435d104f9af73772dabf44.a(USBCore.cpp.o)
                0x0000000000003dec                USBDeviceClass::clear(unsigned long)
 .text._ZN14USBDeviceClass9availableEm
                0x0000000000003e24       0x2c /home/lsm/Documents/PlatformIO/Projects/GroundControl/src/Input/../../../../../../../../tmp/arduino-core-cache/core_Seeeduino_samd_seeed_XIAO_m0_d84d79728d435d104f9af73772dabf44.a(USBCore.cpp.o)
                0x0000000000003e24                USBDeviceClass::available(unsigned long)
 .text._ZN14USBDeviceClass5flushEm
                0x0000000000003e50       0x2c /home/lsm/Documents/PlatformIO/Projects/GroundControl/src/Input/../../../../../../../../tmp/arduino-core-cache/core_Seeeduino_samd_seeed_XIAO_m0_d84d79728d435d104f9af73772dabf44.a(USBCore.cpp.o)
                0x0000000000003e50                USBDeviceClass::flush(unsigned long)
 .text._ZN14USBDeviceClass14armRecvCtrlOUTEm
                0x0000000000003e7c       0x5c /home/lsm/Documents/PlatformIO/Projects/GroundControl/src/Input/../../../../../../../../tmp/arduino-core-cache/core_Seeeduino_samd_seeed_XIAO_m0_d84d79728d435d104f9af73772dabf44.a(USBCore.cpp.o)
                0x0000000000003e7c                USBDeviceClass::armRecvCtrlOUT(unsigned long)
 .text._ZN14USBDeviceClass11recvControlEPvm
                0x0000000000003ed8       0x3c /home/lsm/Documents/PlatformIO/Projects/GroundControl/src/Input/../../../../../../../../tmp/arduino-core-cache/core_Seeeduino_samd_seeed_XIAO_m0_d84d79728d435d104f9af73772dabf44.a(USBCore.cpp.o)
                0x0000000000003ed8                USBDeviceClass::recvControl(void*, unsigned long)
 .text._ZN14USBDeviceClass7armRecvEm
                0x0000000000003f14       0x38 /home/lsm/Documents/PlatformIO/Projects/GroundControl/src/Input/../../../../../../../../tmp/arduino-core-cache/core_Seeeduino_samd_seeed_XIAO_m0_d84d79728d435d104f9af73772dabf44.a(USBCore.cpp.o)
                0x0000000000003f14                USBDeviceClass::armRecv(unsigned long)
 .text._ZN14USBDeviceClass4recvEmPvm
                0x0000000000003f4c       0xd8 /home/lsm/Documents/PlatformIO/Projects/GroundControl/src/Input/../../../../../../../../tmp/arduino-core-cache/core_Seeeduino_samd_seeed_XIAO_m0_d84d79728d435d104f9af73772dabf44.a(USBCore.cpp.o)
                0x0000000000003f4c                USBDeviceClass::recv(unsigned long, void*, unsigned long)
 .text._ZN14USBDeviceClass4recvEm
                0x0000000000004024       0x1c /home/lsm/Documents/PlatformIO/Projects/GroundControl/src/Input/../../../../../../../../tmp/arduino-core-cache/core_Seeeduino_samd_seeed_XIAO_m0_d84d79728d435d104f9af73772dabf44.a(USBCore.cpp.o)
                0x0000000000004024                USBDeviceClass::recv(unsigned long)
 .text._ZN14USBDeviceClass4sendEmPKvm
                0x0000000000004040      0x110 /home/lsm/Documents/PlatformIO/Projects/GroundControl/src/Input/../../../../../../../../tmp/arduino-core-cache/core_Seeeduino_samd_seeed_XIAO_m0_d84d79728d435d104f9af73772dabf44.a(USBCore.cpp.o)
                0x0000000000004040                USBDeviceClass::send(unsigned long, void const*, unsigned long)
 .text._ZN14USBDeviceClass7armSendEmPKvm
                0x0000000000004150       0x48 /home/lsm/Documents/PlatformIO/Projects/GroundControl/src/Input/../../../../../../../../tmp/arduino-core-cache/core_Seeeduino_samd_seeed_XIAO_m0_d84d79728d435d104f9af73772dabf44.a(USBCore.cpp.o)
                0x0000000000004150                USBDeviceClass::armSend(unsigned long, void const*, unsigned long)
 .text._ZN14USBDeviceClass11sendControlEPKvm
                0x0000000000004198       0x54 /home/lsm/Documents/PlatformIO/Projects/GroundControl/src/Input/../../../../../../../../tmp/arduino-core-cache/core_Seeeduino_samd_seeed_XIAO_m0_d84d79728d435d104f9af73772dabf44.a(USBCore.cpp.o)
                0x0000000000004198                USBDeviceClass::sendControl(void const*, unsigned long)
 .text._ZN14USBDeviceClass20sendStringDescriptorEPKhh
                0x00000000000041ec       0x68 /home/lsm/Documents/PlatformIO/Projects/GroundControl/src/Input/../../../../../../../../tmp/arduino-core-cache/core_Seeeduino_samd_seeed_XIAO_m0_d84d79728d435d104f9af73772dabf44.a(USBCore.cpp.o)
                0x00000000000041ec                USBDeviceClass::sendStringDescriptor(unsigned char const*, unsigned char)
 .text._ZN14USBDeviceClass17sendConfigurationEm
                0x0000000000004254       0x80 /home/lsm/Documents/PlatformIO/Projects/GroundControl/src/Input/../../../../../../../../tmp/arduino-core-cache/core_Seeeduino_samd_seeed_XIAO_m0_d84d79728d435d104f9af73772dabf44.a(USBCore.cpp.o)
                0x0000000000004254                USBDeviceClass::sendConfiguration(unsigned long)
 .text._ZN14USBDeviceClass14sendDescriptorER8USBSetup
                0x00000000000042d4       0xf0 /home/lsm/Documents/PlatformIO/Projects/GroundControl/src/Input/../../../../../../../../tmp/arduino-core-cache/core_Seeeduino_samd_seeed_XIAO_m0_d84d79728d435d104f9af73772dabf44.a(USBCore.cpp.o)
                0x00000000000042d4                USBDeviceClass::sendDescriptor(USBSetup&)
 .text._ZN14USBDeviceClass19handleStandardSetupER8USBSetup
                0x00000000000043c4      0x104 /home/lsm/Documents/PlatformIO/Projects/GroundControl/src/Input/../../../../../../../../tmp/arduino-core-cache/core_Seeeduino_samd_seeed_XIAO_m0_d84d79728d435d104f9af73772dabf44.a(USBCore.cpp.o)
                0x00000000000043c4                USBDeviceClass::handleStandardSetup(USBSetup&)
 .text._ZN14USBDeviceClass10ISRHandlerEv
                0x00000000000044c8      0x140 /home/lsm/Documents/PlatformIO/Projects/GroundControl/src/Input/../../../../../../../../tmp/arduino-core-cache/core_Seeeduino_samd_seeed_XIAO_m0_d84d79728d435d104f9af73772dabf44.a(USBCore.cpp.o)
                0x00000000000044c8                USBDeviceClass::ISRHandler()
 .text.UDD_Handler
                0x0000000000004608       0x10 /home/lsm/Documents/PlatformIO/Projects/GroundControl/src/Input/../../../../../../../../tmp/arduino-core-cache/core_Seeeduino_samd_seeed_XIAO_m0_d84d79728d435d104f9af73772dabf44.a(USBCore.cpp.o)
                0x0000000000004608                UDD_Handler
 .text.startup._GLOBAL__sub_I_usbd
                0x0000000000004618       0x10 /home/lsm/Documents/PlatformIO/Projects/GroundControl/src/Input/../../../../../../../../tmp/arduino-core-cache/core_Seeeduino_samd_seeed_XIAO_m0_d84d79728d435d104f9af73772dabf44.a(USBCore.cpp.o)
 .text._Znwj    0x0000000000004628        0x8 /home/lsm/Documents/PlatformIO/Projects/GroundControl/src/Input/../../../../../../../../tmp/arduino-core-cache/core_Seeeduino_samd_seeed_XIAO_m0_d84d79728d435d104f9af73772dabf44.a(new.cpp.o)
                0x0000000000004628                operator new(unsigned int)
 .text._ZdlPv   0x0000000000004630        0x8 /home/lsm/Documents/PlatformIO/Projects/GroundControl/src/Input/../../../../../../../../tmp/arduino-core-cache/core_Seeeduino_samd_seeed_XIAO_m0_d84d79728d435d104f9af73772dabf44.a(new.cpp.o)
                0x0000000000004630                operator delete(void*)
 .text._sbrk    0x0000000000004638       0x3c /home/lsm/Documents/PlatformIO/Projects/GroundControl/src/Input/../../../../../../../../tmp/arduino-core-cache/core_Seeeduino_samd_seeed_XIAO_m0_d84d79728d435d104f9af73772dabf44.a(new.cpp.o)
                0x0000000000004638                _sbrk
 .text._ZN7Serial_17availableForWriteEv
                0x0000000000004674        0x4 /home/lsm/Documents/PlatformIO/Projects/GroundControl/src/Input/../../../../../../../../tmp/arduino-core-cache/core_Seeeduino_samd_seeed_XIAO_m0_d84d79728d435d104f9af73772dabf44.a(CDC.cpp.o)
                0x0000000000004674                Serial_::availableForWrite()
 .text._ZN7Serial_5writeEh
                0x0000000000004678       0x14 /home/lsm/Documents/PlatformIO/Projects/GroundControl/src/Input/../../../../../../../../tmp/arduino-core-cache/core_Seeeduino_samd_seeed_XIAO_m0_d84d79728d435d104f9af73772dabf44.a(CDC.cpp.o)
                0x0000000000004678                Serial_::write(unsigned char)
 .text._ZN7Serial_9availableEv
                0x000000000000468c       0x1c /home/lsm/Documents/PlatformIO/Projects/GroundControl/src/Input/../../../../../../../../tmp/arduino-core-cache/core_Seeeduino_samd_seeed_XIAO_m0_d84d79728d435d104f9af73772dabf44.a(CDC.cpp.o)
                0x000000000000468c                Serial_::available()
 .text._ZN7Serial_5flushEv
                0x00000000000046a8        0xc /home/lsm/Documents/PlatformIO/Projects/GroundControl/src/Input/../../../../../../../../tmp/arduino-core-cache/core_Seeeduino_samd_seeed_XIAO_m0_d84d79728d435d104f9af73772dabf44.a(CDC.cpp.o)
                0x00000000000046a8                Serial_::flush()
 .text._ZN7Serial_5clearEv
                0x00000000000046b4        0xc /home/lsm/Documents/PlatformIO/Projects/GroundControl/src/Input/../../../../../../../../tmp/arduino-core-cache/core_Seeeduino_samd_seeed_XIAO_m0_d84d79728d435d104f9af73772dabf44.a(CDC.cpp.o)
                0x00000000000046b4                Serial_::clear()
 .text._ZN7Serial_4peekEv
                0x00000000000046c0       0x1c /home/lsm/Documents/PlatformIO/Projects/GroundControl/src/Input/../../../../../../../../tmp/arduino-core-cache/core_Seeeduino_samd_seeed_XIAO_m0_d84d79728d435d104f9af73772dabf44.a(CDC.cpp.o)
                0x00000000000046c0                Serial_::peek()
 .text._ZN7Serial_4readEv
                0x00000000000046dc       0x24 /home/lsm/Documents/PlatformIO/Projects/GroundControl/src/Input/../../../../../../../../tmp/arduino-core-cache/core_Seeeduino_samd_seeed_XIAO_m0_d84d79728d435d104f9af73772dabf44.a(CDC.cpp.o)
                0x00000000000046dc                Serial_::read()
 .text._ZN7Serial_5writeEPKhj
                0x0000000000004700       0x30 /home/lsm/Documents/PlatformIO/Projects/GroundControl/src/Input/../../../../../../../../tmp/arduino-core-cache/core_Seeeduino_samd_seeed_XIAO_m0_d84d79728d435d104f9af73772dabf44.a(CDC.cpp.o)
                0x0000000000004700                Serial_::write(unsigned char const*, unsigned int)
 .text._Z16CDC_GetInterfacePh
                0x0000000000004730       0x1c /home/lsm/Documents/PlatformIO/Projects/GroundControl/src/Input/../../../../../../../../tmp/arduino-core-cache/core_Seeeduino_samd_seeed_XIAO_m0_d84d79728d435d104f9af73772dabf44.a(CDC.cpp.o)
                0x0000000000004730                CDC_GetInterface(unsigned char*)
 .text._Z9CDC_SetupR8USBSetup
                0x000000000000474c       0x7c /home/lsm/Documents/PlatformIO/Projects/GroundControl/src/Input/../../../../../../../../tmp/arduino-core-cache/core_Seeeduino_samd_seeed_XIAO_m0_d84d79728d435d104f9af73772dabf44.a(CDC.cpp.o)
                0x000000000000474c                CDC_Setup(USBSetup&)
 .text.startup._GLOBAL__sub_I__Z17_CDC_GetInterfacev
                0x00000000000047c8       0x28 /home/lsm/Documents/PlatformIO/Projects/GroundControl/src/Input/../../../../../../../../tmp/arduino-core-cache/core_Seeeduino_samd_seeed_XIAO_m0_d84d79728d435d104f9af73772dabf44.a(CDC.cpp.o)
 .text._ZN13PluggableUSB_12getInterfaceEPh
                0x00000000000047f0       0x28 /home/lsm/Documents/PlatformIO/Projects/GroundControl/src/Input/../../../../../../../../tmp/arduino-core-cache/core_Seeeduino_samd_seeed_XIAO_m0_d84d79728d435d104f9af73772dabf44.a(PluggableUSB.cpp.o)
                0x00000000000047f0                PluggableUSB_::getInterface(unsigned char*)
 .text._ZN13PluggableUSB_13getDescriptorER8USBSetup
                0x0000000000004818       0x20 /home/lsm/Documents/PlatformIO/Projects/GroundControl/src/Input/../../../../../../../../tmp/arduino-core-cache/core_Seeeduino_samd_seeed_XIAO_m0_d84d79728d435d104f9af73772dabf44.a(PluggableUSB.cpp.o)
                0x0000000000004818                PluggableUSB_::getDescriptor(USBSetup&)
 .text._ZN13PluggableUSB_5setupER8USBSetup
                0x0000000000004838       0x20 /home/lsm/Documents/PlatformIO/Projects/GroundControl/src/Input/../../../../../../../../tmp/arduino-core-cache/core_Seeeduino_samd_seeed_XIAO_m0_d84d79728d435d104f9af73772dabf44.a(PluggableUSB.cpp.o)
                0x0000000000004838                PluggableUSB_::setup(USBSetup&)
 .text._ZN13PluggableUSB_14handleEndpointEi
                0x0000000000004858       0x20 /home/lsm/Documents/PlatformIO/Projects/GroundControl/src/Input/../../../../../../../../tmp/arduino-core-cache/core_Seeeduino_samd_seeed_XIAO_m0_d84d79728d435d104f9af73772dabf44.a(PluggableUSB.cpp.o)
                0x0000000000004858                PluggableUSB_::handleEndpoint(int)
 .text._Z12PluggableUSBv
                0x0000000000004878       0x24 /home/lsm/Documents/PlatformIO/Projects/GroundControl/src/Input/../../../../../../../../tmp/arduino-core-cache/core_Seeeduino_samd_seeed_XIAO_m0_d84d79728d435d104f9af73772dabf44.a(PluggableUSB.cpp.o)
                0x0000000000004878                PluggableUSB()
 .text._ZN20USBDevice_SAMD21G18x5resetEv
                0x000000000000489c       0x2e /home/lsm/Documents/PlatformIO/Projects/GroundControl/src/Input/../../../../../../../../tmp/arduino-core-cache/core_Seeeduino_samd_seeed_XIAO_m0_d84d79728d435d104f9af73772dabf44.a(SAMD21_USBDevice.cpp.o)
                0x000000000000489c                USBDevice_SAMD21G18x::reset()
 *fill*         0x00000000000048ca        0x2 
 .text._ZN20USBDevice_SAMD21G18x9calibrateEv
                0x00000000000048cc       0x60 /home/lsm/Documents/PlatformIO/Projects/GroundControl/src/Input/../../../../../../../../tmp/arduino-core-cache/core_Seeeduino_samd_seeed_XIAO_m0_d84d79728d435d104f9af73772dabf44.a(SAMD21_USBDevice.cpp.o)
                0x00000000000048cc                USBDevice_SAMD21G18x::calibrate()
 .text._ZdlPvj  0x000000000000492c        0x8 /home/lsm/.arduino15/packages/Seeeduino/tools/arm-none-eabi-gcc/7-2017q4/bin/../lib/gcc/arm-none-eabi/7.2.1/../../../../arm-none-eabi/lib/thumb/v6-m/libstdc++_nano.a(del_ops.o)
                0x000000000000492c                operator delete(void*, unsigned int)
 .text          0x0000000000004934       0x14 /home/lsm/.arduino15/packages/Seeeduino/tools/arm-none-eabi-gcc/7-2017q4/bin/../lib/gcc/arm-none-eabi/7.2.1/thumb/v6-m/libgcc.a(_thumb1_case_uqi.o)
                0x0000000000004934                __gnu_thumb1_case_uqi
 .text          0x0000000000004948      0x114 /home/lsm/.arduino15/packages/Seeeduino/tools/arm-none-eabi-gcc/7-2017q4/bin/../lib/gcc/arm-none-eabi/7.2.1/thumb/v6-m/libgcc.a(_udivsi3.o)
                0x0000000000004948                __udivsi3
                0x0000000000004948                __aeabi_uidiv
                0x0000000000004a54                __aeabi_uidivmod
 .text          0x0000000000004a5c      0x1d4 /home/lsm/.arduino15/packages/Seeeduino/tools/arm-none-eabi-gcc/7-2017q4/bin/../lib/gcc/arm-none-eabi/7.2.1/thumb/v6-m/libgcc.a(_divsi3.o)
                0x0000000000004a5c                __aeabi_idiv
                0x0000000000004a5c                __divsi3
                0x0000000000004c28                __aeabi_idivmod
 .text          0x0000000000004c30        0x4 /home/lsm/.arduino15/packages/Seeeduino/tools/arm-none-eabi-gcc/7-2017q4/bin/../lib/gcc/arm-none-eabi/7.2.1/thumb/v6-m/libgcc.a(_dvmd_tls.o)
                0x0000000000004c30                __aeabi_ldiv0
                0x0000000000004c30                __aeabi_idiv0
 .text          0x0000000000004c34       0x7c /home/lsm/.arduino15/packages/Seeeduino/tools/arm-none-eabi-gcc/7-2017q4/bin/../lib/gcc/arm-none-eabi/7.2.1/thumb/v6-m/libgcc.a(_arm_cmpdf2.o)
                0x0000000000004c34                __aeabi_cdrcmple
                0x0000000000004c44                __aeabi_cdcmple
                0x0000000000004c44                __aeabi_cdcmpeq
                0x0000000000004c54                __aeabi_dcmpeq
                0x0000000000004c60                __aeabi_dcmplt
                0x0000000000004c74                __aeabi_dcmple
                0x0000000000004c88                __aeabi_dcmpgt
                0x0000000000004c9c                __aeabi_dcmpge
 .text          0x0000000000004cb0       0x3c /home/lsm/.arduino15/packages/Seeeduino/tools/arm-none-eabi-gcc/7-2017q4/bin/../lib/gcc/arm-none-eabi/7.2.1/thumb/v6-m/libgcc.a(_fixunsdfsi.o)
                0x0000000000004cb0                __fixunsdfsi
                0x0000000000004cb0                __aeabi_d2uiz
 .text          0x0000000000004cec      0x638 /home/lsm/.arduino15/packages/Seeeduino/tools/arm-none-eabi-gcc/7-2017q4/bin/../lib/gcc/arm-none-eabi/7.2.1/thumb/v6-m/libgcc.a(adddf3.o)
                0x0000000000004cec                __aeabi_dadd
 .text          0x0000000000005324      0x604 /home/lsm/.arduino15/packages/Seeeduino/tools/arm-none-eabi-gcc/7-2017q4/bin/../lib/gcc/arm-none-eabi/7.2.1/thumb/v6-m/libgcc.a(divdf3.o)
                0x0000000000005324                __aeabi_ddiv
 .text          0x0000000000005928       0x78 /home/lsm/.arduino15/packages/Seeeduino/tools/arm-none-eabi-gcc/7-2017q4/bin/../lib/gcc/arm-none-eabi/7.2.1/thumb/v6-m/libgcc.a(eqdf2.o)
                0x0000000000005928                __eqdf2
                0x0000000000005928                __nedf2
 .text          0x00000000000059a0       0xc8 /home/lsm/.arduino15/packages/Seeeduino/tools/arm-none-eabi-gcc/7-2017q4/bin/../lib/gcc/arm-none-eabi/7.2.1/thumb/v6-m/libgcc.a(gedf2.o)
                0x00000000000059a0                __gtdf2
                0x00000000000059a0                __gedf2
 .text          0x0000000000005a68       0xd0 /home/lsm/.arduino15/packages/Seeeduino/tools/arm-none-eabi-gcc/7-2017q4/bin/../lib/gcc/arm-none-eabi/7.2.1/thumb/v6-m/libgcc.a(ledf2.o)
                0x0000000000005a68                __ltdf2
                0x0000000000005a68                __ledf2
 .text          0x0000000000005b38      0x4e4 /home/lsm/.arduino15/packages/Seeeduino/tools/arm-none-eabi-gcc/7-2017q4/bin/../lib/gcc/arm-none-eabi/7.2.1/thumb/v6-m/libgcc.a(muldf3.o)
                0x0000000000005b38                __aeabi_dmul
 .text          0x000000000000601c      0x690 /home/lsm/.arduino15/packages/Seeeduino/tools/arm-none-eabi-gcc/7-2017q4/bin/../lib/gcc/arm-none-eabi/7.2.1/thumb/v6-m/libgcc.a(subdf3.o)
                0x000000000000601c                __aeabi_dsub
 .text          0x00000000000066ac       0x38 /home/lsm/.arduino15/packages/Seeeduino/tools/arm-none-eabi-gcc/7-2017q4/bin/../lib/gcc/arm-none-eabi/7.2.1/thumb/v6-m/libgcc.a(unorddf2.o)
                0x00000000000066ac                __aeabi_dcmpun
 .text          0x00000000000066e4       0x6c /home/lsm/.arduino15/packages/Seeeduino/tools/arm-none-eabi-gcc/7-2017q4/bin/../lib/gcc/arm-none-eabi/7.2.1/thumb/v6-m/libgcc.a(fixdfsi.o)
                0x00000000000066e4                __aeabi_d2iz
 .text          0x0000000000006750       0x64 /home/lsm/.arduino15/packages/Seeeduino/tools/arm-none-eabi-gcc/7-2017q4/bin/../lib/gcc/arm-none-eabi/7.2.1/thumb/v6-m/libgcc.a(floatunsidf.o)
                0x0000000000006750                __aeabi_ui2d
 .text          0x00000000000067b4       0x3c /home/lsm/.arduino15/packages/Seeeduino/tools/arm-none-eabi-gcc/7-2017q4/bin/../lib/gcc/arm-none-eabi/7.2.1/thumb/v6-m/libgcc.a(_clzsi2.o)
                0x00000000000067b4                __clzsi2
 .text.__libc_init_array
                0x00000000000067f0       0x48 /home/lsm/.arduino15/packages/Seeeduino/tools/arm-none-eabi-gcc/7-2017q4/bin/../lib/gcc/arm-none-eabi/7.2.1/../../../../arm-none-eabi/lib/thumb/v6-m/libc_nano.a(lib_a-init.o)
                0x00000000000067f0                __libc_init_array
 .text.malloc   0x0000000000006838       0x14 /home/lsm/.arduino15/packages/Seeeduino/tools/arm-none-eabi-gcc/7-2017q4/bin/../lib/gcc/arm-none-eabi/7.2.1/../../../../arm-none-eabi/lib/thumb/v6-m/libc_nano.a(lib_a-malloc.o)
                0x0000000000006838                malloc
 .text.free     0x000000000000684c       0x14 /home/lsm/.arduino15/packages/Seeeduino/tools/arm-none-eabi-gcc/7-2017q4/bin/../lib/gcc/arm-none-eabi/7.2.1/../../../../arm-none-eabi/lib/thumb/v6-m/libc_nano.a(lib_a-malloc.o)
                0x000000000000684c                free
 .text.memcpy   0x0000000000006860       0x12 /home/lsm/.arduino15/packages/Seeeduino/tools/arm-none-eabi-gcc/7-2017q4/bin/../lib/gcc/arm-none-eabi/7.2.1/../../../../arm-none-eabi/lib/thumb/v6-m/libc_nano.a(lib_a-memcpy-stub.o)
                0x0000000000006860                memcpy
 .text.memset   0x0000000000006872       0x10 /home/lsm/.arduino15/packages/Seeeduino/tools/arm-none-eabi-gcc/7-2017q4/bin/../lib/gcc/arm-none-eabi/7.2.1/../../../../arm-none-eabi/lib/thumb/v6-m/libc_nano.a(lib_a-memset.o)
                0x0000000000006872                memset
 *fill*         0x0000000000006882        0x2 
 .text._free_r  0x0000000000006884       0x94 /home/lsm/.arduino15/packages/Seeeduino/tools/arm-none-eabi-gcc/7-2017q4/bin/../lib/gcc/arm-none-eabi/7.2.1/../../../../arm-none-eabi/lib/thumb/v6-m/libc_nano.a(lib_a-nano-freer.o)
                0x0000000000006884                _free_r
 .text._malloc_r
                0x0000000000006918       0xbc /home/lsm/.arduino15/packages/Seeeduino/tools/arm-none-eabi-gcc/7-2017q4/bin/../lib/gcc/arm-none-eabi/7.2.1/../../../../arm-none-eabi/lib/thumb/v6-m/libc_nano.a(lib_a-nano-mallocr.o)
                0x0000000000006918                _malloc_r
 .text.__cvt    0x00000000000069d4       0xc8 /home/lsm/.arduino15/packages/Seeeduino/tools/arm-none-eabi-gcc/7-2017q4/bin/../lib/gcc/arm-none-eabi/7.2.1/../../../../arm-none-eabi/lib/thumb/v6-m/libc_nano.a(lib_a-nano-vfprintf_float.o)
                0x00000000000069d4                __cvt
 .text.__exponent
                0x0000000000006a9c       0x70 /home/lsm/.arduino15/packages/Seeeduino/tools/arm-none-eabi-gcc/7-2017q4/bin/../lib/gcc/arm-none-eabi/7.2.1/../../../../arm-none-eabi/lib/thumb/v6-m/libc_nano.a(lib_a-nano-vfprintf_float.o)
                0x0000000000006a9c                __exponent
 .text._printf_float
                0x0000000000006b0c      0x498 /home/lsm/.arduino15/packages/Seeeduino/tools/arm-none-eabi-gcc/7-2017q4/bin/../lib/gcc/arm-none-eabi/7.2.1/../../../../arm-none-eabi/lib/thumb/v6-m/libc_nano.a(lib_a-nano-vfprintf_float.o)
                0x0000000000006b0c                _printf_float
 .text._printf_common
                0x0000000000006fa4       0xda /home/lsm/.arduino15/packages/Seeeduino/tools/arm-none-eabi-gcc/7-2017q4/bin/../lib/gcc/arm-none-eabi/7.2.1/../../../../arm-none-eabi/lib/thumb/v6-m/libc_nano.a(lib_a-nano-vfprintf_i.o)
                0x0000000000006fa4                _printf_common
 *fill*         0x000000000000707e        0x2 
 .text._printf_i
                0x0000000000007080      0x210 /home/lsm/.arduino15/packages/Seeeduino/tools/arm-none-eabi-gcc/7-2017q4/bin/../lib/gcc/arm-none-eabi/7.2.1/../../../../arm-none-eabi/lib/thumb/v6-m/libc_nano.a(lib_a-nano-vfprintf_i.o)
                0x0000000000007080                _printf_i
 .text._scanf_float
                0x0000000000007290      0x3fc /home/lsm/.arduino15/packages/Seeeduino/tools/arm-none-eabi-gcc/7-2017q4/bin/../lib/gcc/arm-none-eabi/7.2.1/../../../../arm-none-eabi/lib/thumb/v6-m/libc_nano.a(lib_a-nano-vfscanf_float.o)
                0x0000000000007290                _scanf_float
 .text._sbrk_r  0x000000000000768c       0x24 /home/lsm/.arduino15/packages/Seeeduino/tools/arm-none-eabi-gcc/7-2017q4/bin/../lib/gcc/arm-none-eabi/7.2.1/../../../../arm-none-eabi/lib/thumb/v6-m/libc_nano.a(lib_a-sbrkr.o)
                0x000000000000768c                _sbrk_r
 .text.nanf     0x00000000000076b0        0x8 /home/lsm/.arduino15/packages/Seeeduino/tools/arm-none-eabi-gcc/7-2017q4/bin/../lib/gcc/arm-none-eabi/7.2.1/../../../../arm-none-eabi/lib/thumb/v6-m/libc_nano.a(lib_a-sf_nan.o)
                0x00000000000076b0                nanf
 .text.sprintf  0x00000000000076b8       0x40 /home/lsm/.arduino15/packages/Seeeduino/tools/arm-none-eabi-gcc/7-2017q4/bin/../lib/gcc/arm-none-eabi/7.2.1/../../../../arm-none-eabi/lib/thumb/v6-m/libc_nano.a(lib_a-sprintf.o)
                0x00000000000076b8                sprintf
                0x00000000000076b8                siprintf
 .text          0x00000000000076f8        0xe /home/lsm/.arduino15/packages/Seeeduino/tools/arm-none-eabi-gcc/7-2017q4/bin/../lib/gcc/arm-none-eabi/7.2.1/../../../../arm-none-eabi/lib/thumb/v6-m/libc_nano.a(lib_a-strlen.o)
                0x00000000000076f8                strlen
 *fill*         0x0000000000007706        0x2 
 .text.unlikely.sulp
                0x0000000000007708       0x30 /home/lsm/.arduino15/packages/Seeeduino/tools/arm-none-eabi-gcc/7-2017q4/bin/../lib/gcc/arm-none-eabi/7.2.1/../../../../arm-none-eabi/lib/thumb/v6-m/libc_nano.a(lib_a-strtod.o)
 .text._strtod_l
                0x0000000000007738      0xc50 /home/lsm/.arduino15/packages/Seeeduino/tools/arm-none-eabi-gcc/7-2017q4/bin/../lib/gcc/arm-none-eabi/7.2.1/../../../../arm-none-eabi/lib/thumb/v6-m/libc_nano.a(lib_a-strtod.o)
                0x0000000000007738                _strtod_l
 .text._strtod_r
                0x0000000000008388       0x1c /home/lsm/.arduino15/packages/Seeeduino/tools/arm-none-eabi-gcc/7-2017q4/bin/../lib/gcc/arm-none-eabi/7.2.1/../../../../arm-none-eabi/lib/thumb/v6-m/libc_nano.a(lib_a-strtod.o)
                0x0000000000008388                _strtod_r
 .text._strtol_l.isra.0
                0x00000000000083a4      0x104 /home/lsm/.arduino15/packages/Seeeduino/tools/arm-none-eabi-gcc/7-2017q4/bin/../lib/gcc/arm-none-eabi/7.2.1/../../../../arm-none-eabi/lib/thumb/v6-m/libc_nano.a(lib_a-strtol.o)
 .text._strtol_r
                0x00000000000084a8       0x20 /home/lsm/.arduino15/packages/Seeeduino/tools/arm-none-eabi-gcc/7-2017q4/bin/../lib/gcc/arm-none-eabi/7.2.1/../../../../arm-none-eabi/lib/thumb/v6-m/libc_nano.a(lib_a-strtol.o)
                0x00000000000084a8                _strtol_r
 .text.quorem   0x00000000000084c8      0x10c /home/lsm/.arduino15/packages/Seeeduino/tools/arm-none-eabi-gcc/7-2017q4/bin/../lib/gcc/arm-none-eabi/7.2.1/../../../../arm-none-eabi/lib/thumb/v6-m/libc_nano.a(lib_a-dtoa.o)
 .text._dtoa_r  0x00000000000085d4      0xbc0 /home/lsm/.arduino15/packages/Seeeduino/tools/arm-none-eabi-gcc/7-2017q4/bin/../lib/gcc/arm-none-eabi/7.2.1/../../../../arm-none-eabi/lib/thumb/v6-m/libc_nano.a(lib_a-dtoa.o)
                0x00000000000085d4                _dtoa_r
 .text.rshift   0x0000000000009194       0x68 /home/lsm/.arduino15/packages/Seeeduino/tools/arm-none-eabi-gcc/7-2017q4/bin/../lib/gcc/arm-none-eabi/7.2.1/../../../../arm-none-eabi/lib/thumb/v6-m/libc_nano.a(lib_a-gdtoa-gethex.o)
 .text.__hexdig_fun
                0x00000000000091fc       0x2a /home/lsm/.arduino15/packages/Seeeduino/tools/arm-none-eabi-gcc/7-2017q4/bin/../lib/gcc/arm-none-eabi/7.2.1/../../../../arm-none-eabi/lib/thumb/v6-m/libc_nano.a(lib_a-gdtoa-gethex.o)
                0x00000000000091fc                __hexdig_fun
 .text.__gethex
                0x0000000000009226      0x456 /home/lsm/.arduino15/packages/Seeeduino/tools/arm-none-eabi-gcc/7-2017q4/bin/../lib/gcc/arm-none-eabi/7.2.1/../../../../arm-none-eabi/lib/thumb/v6-m/libc_nano.a(lib_a-gdtoa-gethex.o)
                0x0000000000009226                __gethex
 .text.L_shift  0x000000000000967c       0x24 /home/lsm/.arduino15/packages/Seeeduino/tools/arm-none-eabi-gcc/7-2017q4/bin/../lib/gcc/arm-none-eabi/7.2.1/../../../../arm-none-eabi/lib/thumb/v6-m/libc_nano.a(lib_a-gdtoa-hexnan.o)
 .text.__match  0x00000000000096a0       0x28 /home/lsm/.arduino15/packages/Seeeduino/tools/arm-none-eabi-gcc/7-2017q4/bin/../lib/gcc/arm-none-eabi/7.2.1/../../../../arm-none-eabi/lib/thumb/v6-m/libc_nano.a(lib_a-gdtoa-hexnan.o)
                0x00000000000096a0                __match
 .text.__hexnan
                0x00000000000096c8      0x12e /home/lsm/.arduino15/packages/Seeeduino/tools/arm-none-eabi-gcc/7-2017q4/bin/../lib/gcc/arm-none-eabi/7.2.1/../../../../arm-none-eabi/lib/thumb/v6-m/libc_nano.a(lib_a-gdtoa-hexnan.o)
                0x00000000000096c8                __hexnan
 .text.__locale_ctype_ptr_l
                0x00000000000097f6        0x6 /home/lsm/.arduino15/packages/Seeeduino/tools/arm-none-eabi-gcc/7-2017q4/bin/../lib/gcc/arm-none-eabi/7.2.1/../../../../arm-none-eabi/lib/thumb/v6-m/libc_nano.a(lib_a-locale.o)
                0x00000000000097f6                __locale_ctype_ptr_l
 .text.__localeconv_l
                0x00000000000097fc        0x4 /home/lsm/.arduino15/packages/Seeeduino/tools/arm-none-eabi-gcc/7-2017q4/bin/../lib/gcc/arm-none-eabi/7.2.1/../../../../arm-none-eabi/lib/thumb/v6-m/libc_nano.a(lib_a-localeconv.o)
                0x00000000000097fc                __localeconv_l
 .text._localeconv_r
                0x0000000000009800       0x18 /home/lsm/.arduino15/packages/Seeeduino/tools/arm-none-eabi-gcc/7-2017q4/bin/../lib/gcc/arm-none-eabi/7.2.1/../../../../arm-none-eabi/lib/thumb/v6-m/libc_nano.a(lib_a-localeconv.o)
                0x0000000000009800                _localeconv_r
 .text.__ascii_mbtowc
                0x0000000000009818       0x24 /home/lsm/.arduino15/packages/Seeeduino/tools/arm-none-eabi-gcc/7-2017q4/bin/../lib/gcc/arm-none-eabi/7.2.1/../../../../arm-none-eabi/lib/thumb/v6-m/libc_nano.a(lib_a-mbtowc_r.o)
                0x0000000000009818                __ascii_mbtowc
 .text.memchr   0x000000000000983c       0x16 /home/lsm/.arduino15/packages/Seeeduino/tools/arm-none-eabi-gcc/7-2017q4/bin/../lib/gcc/arm-none-eabi/7.2.1/../../../../arm-none-eabi/lib/thumb/v6-m/libc_nano.a(lib_a-memchr-stub.o)
                0x000000000000983c                memchr
 .text.__malloc_lock
                0x0000000000009852        0x2 /home/lsm/.arduino15/packages/Seeeduino/tools/arm-none-eabi-gcc/7-2017q4/bin/../lib/gcc/arm-none-eabi/7.2.1/../../../../arm-none-eabi/lib/thumb/v6-m/libc_nano.a(lib_a-mlock.o)
                0x0000000000009852                __malloc_lock
 .text.__malloc_unlock
                0x0000000000009854        0x2 /home/lsm/.arduino15/packages/Seeeduino/tools/arm-none-eabi-gcc/7-2017q4/bin/../lib/gcc/arm-none-eabi/7.2.1/../../../../arm-none-eabi/lib/thumb/v6-m/libc_nano.a(lib_a-mlock.o)
                0x0000000000009854                __malloc_unlock
 .text._Balloc  0x0000000000009856       0x70 /home/lsm/.arduino15/packages/Seeeduino/tools/arm-none-eabi-gcc/7-2017q4/bin/../lib/gcc/arm-none-eabi/7.2.1/../../../../arm-none-eabi/lib/thumb/v6-m/libc_nano.a(lib_a-mprec.o)
                0x0000000000009856                _Balloc
 .text._Bfree   0x00000000000098c6       0x32 /home/lsm/.arduino15/packages/Seeeduino/tools/arm-none-eabi-gcc/7-2017q4/bin/../lib/gcc/arm-none-eabi/7.2.1/../../../../arm-none-eabi/lib/thumb/v6-m/libc_nano.a(lib_a-mprec.o)
                0x00000000000098c6                _Bfree
 .text.__multadd
                0x00000000000098f8       0x7c /home/lsm/.arduino15/packages/Seeeduino/tools/arm-none-eabi-gcc/7-2017q4/bin/../lib/gcc/arm-none-eabi/7.2.1/../../../../arm-none-eabi/lib/thumb/v6-m/libc_nano.a(lib_a-mprec.o)
                0x00000000000098f8                __multadd
 .text.__s2b    0x0000000000009974       0x7c /home/lsm/.arduino15/packages/Seeeduino/tools/arm-none-eabi-gcc/7-2017q4/bin/../lib/gcc/arm-none-eabi/7.2.1/../../../../arm-none-eabi/lib/thumb/v6-m/libc_nano.a(lib_a-mprec.o)
                0x0000000000009974                __s2b
 .text.__hi0bits
                0x00000000000099f0       0x34 /home/lsm/.arduino15/packages/Seeeduino/tools/arm-none-eabi-gcc/7-2017q4/bin/../lib/gcc/arm-none-eabi/7.2.1/../../../../arm-none-eabi/lib/thumb/v6-m/libc_nano.a(lib_a-mprec.o)
                0x00000000000099f0                __hi0bits
 .text.__lo0bits
                0x0000000000009a24       0x5e /home/lsm/.arduino15/packages/Seeeduino/tools/arm-none-eabi-gcc/7-2017q4/bin/../lib/gcc/arm-none-eabi/7.2.1/../../../../arm-none-eabi/lib/thumb/v6-m/libc_nano.a(lib_a-mprec.o)
                0x0000000000009a24                __lo0bits
 .text.__i2b    0x0000000000009a82       0x12 /home/lsm/.arduino15/packages/Seeeduino/tools/arm-none-eabi-gcc/7-2017q4/bin/../lib/gcc/arm-none-eabi/7.2.1/../../../../arm-none-eabi/lib/thumb/v6-m/libc_nano.a(lib_a-mprec.o)
                0x0000000000009a82                __i2b
 .text.__multiply
                0x0000000000009a94      0x11e /home/lsm/.arduino15/packages/Seeeduino/tools/arm-none-eabi-gcc/7-2017q4/bin/../lib/gcc/arm-none-eabi/7.2.1/../../../../arm-none-eabi/lib/thumb/v6-m/libc_nano.a(lib_a-mprec.o)
                0x0000000000009a94                __multiply
 *fill*         0x0000000000009bb2        0x2 
 .text.__pow5mult
                0x0000000000009bb4       0xa4 /home/lsm/.arduino15/packages/Seeeduino/tools/arm-none-eabi-gcc/7-2017q4/bin/../lib/gcc/arm-none-eabi/7.2.1/../../../../arm-none-eabi/lib/thumb/v6-m/libc_nano.a(lib_a-mprec.o)
                0x0000000000009bb4                __pow5mult
 .text.__lshift
                0x0000000000009c58       0xa4 /home/lsm/.arduino15/packages/Seeeduino/tools/arm-none-eabi-gcc/7-2017q4/bin/../lib/gcc/arm-none-eabi/7.2.1/../../../../arm-none-eabi/lib/thumb/v6-m/libc_nano.a(lib_a-mprec.o)
                0x0000000000009c58                __lshift
 .text.__mcmp   0x0000000000009cfc       0x34 /home/lsm/.arduino15/packages/Seeeduino/tools/arm-none-eabi-gcc/7-2017q4/bin/../lib/gcc/arm-none-eabi/7.2.1/../../../../arm-none-eabi/lib/thumb/v6-m/libc_nano.a(lib_a-mprec.o)
                0x0000000000009cfc                __mcmp
 .text.__mdiff  0x0000000000009d30       0xc8 /home/lsm/.arduino15/packages/Seeeduino/tools/arm-none-eabi-gcc/7-2017q4/bin/../lib/gcc/arm-none-eabi/7.2.1/../../../../arm-none-eabi/lib/thumb/v6-m/libc_nano.a(lib_a-mprec.o)
                0x0000000000009d30                __mdiff
 .text.__ulp    0x0000000000009df8       0x4c /home/lsm/.arduino15/packages/Seeeduino/tools/arm-none-eabi-gcc/7-2017q4/bin/../lib/gcc/arm-none-eabi/7.2.1/../../../../arm-none-eabi/lib/thumb/v6-m/libc_nano.a(lib_a-mprec.o)
                0x0000000000009df8                __ulp
 .text.__b2d    0x0000000000009e44       0x98 /home/lsm/.arduino15/packages/Seeeduino/tools/arm-none-eabi-gcc/7-2017q4/bin/../lib/gcc/arm-none-eabi/7.2.1/../../../../arm-none-eabi/lib/thumb/v6-m/libc_nano.a(lib_a-mprec.o)
                0x0000000000009e44                __b2d
 .text.__d2b    0x0000000000009edc       0xa8 /home/lsm/.arduino15/packages/Seeeduino/tools/arm-none-eabi-gcc/7-2017q4/bin/../lib/gcc/arm-none-eabi/7.2.1/../../../../arm-none-eabi/lib/thumb/v6-m/libc_nano.a(lib_a-mprec.o)
                0x0000000000009edc                __d2b
 .text.__ratio  0x0000000000009f84       0x4e /home/lsm/.arduino15/packages/Seeeduino/tools/arm-none-eabi-gcc/7-2017q4/bin/../lib/gcc/arm-none-eabi/7.2.1/../../../../arm-none-eabi/lib/thumb/v6-m/libc_nano.a(lib_a-mprec.o)
                0x0000000000009f84                __ratio
 .text.__copybits
                0x0000000000009fd2       0x2c /home/lsm/.arduino15/packages/Seeeduino/tools/arm-none-eabi-gcc/7-2017q4/bin/../lib/gcc/arm-none-eabi/7.2.1/../../../../arm-none-eabi/lib/thumb/v6-m/libc_nano.a(lib_a-mprec.o)
                0x0000000000009fd2                __copybits
 .text.__any_on
                0x0000000000009ffe       0x44 /home/lsm/.arduino15/packages/Seeeduino/tools/arm-none-eabi-gcc/7-2017q4/bin/../lib/gcc/arm-none-eabi/7.2.1/../../../../arm-none-eabi/lib/thumb/v6-m/libc_nano.a(lib_a-mprec.o)
                0x0000000000009ffe                __any_on
 .text._calloc_r
                0x000000000000a042       0x1c /home/lsm/.arduino15/packages/Seeeduino/tools/arm-none-eabi-gcc/7-2017q4/bin/../lib/gcc/arm-none-eabi/7.2.1/../../../../arm-none-eabi/lib/thumb/v6-m/libc_nano.a(lib_a-nano-callocr.o)
                0x000000000000a042                _calloc_r
 *fill*         0x000000000000a05e        0x2 
 .text.__ssputs_r
                0x000000000000a060       0xc4 /home/lsm/.arduino15/packages/Seeeduino/tools/arm-none-eabi-gcc/7-2017q4/bin/../lib/gcc/arm-none-eabi/7.2.1/../../../../arm-none-eabi/lib/thumb/v6-m/libc_nano.a(lib_a-nano-svfprintf.o)
                0x000000000000a060                __ssputs_r
 .text._svfprintf_r
                0x000000000000a124      0x1fc /home/lsm/.arduino15/packages/Seeeduino/tools/arm-none-eabi-gcc/7-2017q4/bin/../lib/gcc/arm-none-eabi/7.2.1/../../../../arm-none-eabi/lib/thumb/v6-m/libc_nano.a(lib_a-nano-svfprintf.o)
                0x000000000000a124                _svfprintf_r
                0x000000000000a124                _svfiprintf_r
 .text.strncmp  0x000000000000a320       0x22 /home/lsm/.arduino15/packages/Seeeduino/tools/arm-none-eabi-gcc/7-2017q4/bin/../lib/gcc/arm-none-eabi/7.2.1/../../../../arm-none-eabi/lib/thumb/v6-m/libc_nano.a(lib_a-strncmp.o)
                0x000000000000a320                strncmp
 .text.__ascii_wctomb
                0x000000000000a342       0x18 /home/lsm/.arduino15/packages/Seeeduino/tools/arm-none-eabi-gcc/7-2017q4/bin/../lib/gcc/arm-none-eabi/7.2.1/../../../../arm-none-eabi/lib/thumb/v6-m/libc_nano.a(lib_a-wctomb_r.o)
                0x000000000000a342                __ascii_wctomb
 .text.memmove  0x000000000000a35a       0x26 /home/lsm/.arduino15/packages/Seeeduino/tools/arm-none-eabi-gcc/7-2017q4/bin/../lib/gcc/arm-none-eabi/7.2.1/../../../../arm-none-eabi/lib/thumb/v6-m/libc_nano.a(lib_a-memmove.o)
                0x000000000000a35a                memmove
 .text._realloc_r
                0x000000000000a380       0x4c /home/lsm/.arduino15/packages/Seeeduino/tools/arm-none-eabi-gcc/7-2017q4/bin/../lib/gcc/arm-none-eabi/7.2.1/../../../../arm-none-eabi/lib/thumb/v6-m/libc_nano.a(lib_a-nano-reallocr.o)
                0x000000000000a380                _realloc_r
 .text._malloc_usable_size_r
                0x000000000000a3cc       0x10 /home/lsm/.arduino15/packages/Seeeduino/tools/arm-none-eabi-gcc/7-2017q4/bin/../lib/gcc/arm-none-eabi/7.2.1/../../../../arm-none-eabi/lib/thumb/v6-m/libc_nano.a(lib_a-nano-msizer.o)
                0x000000000000a3cc                _malloc_usable_size_r
 .text          0x000000000000a3dc       0x74 /home/lsm/.arduino15/packages/Seeeduino/tools/arm-none-eabi-gcc/7-2017q4/bin/../lib/gcc/arm-none-eabi/7.2.1/thumb/v6-m/libgcc.a(floatsidf.o)
                0x000000000000a3dc                __aeabi_i2d
 .text          0x000000000000a450      0x108 /home/lsm/.arduino15/packages/Seeeduino/tools/arm-none-eabi-gcc/7-2017q4/bin/../lib/gcc/arm-none-eabi/7.2.1/thumb/v6-m/libgcc.a(truncdfsf2.o)
                0x000000000000a450                __aeabi_d2f
 *(.init)
 .init          0x000000000000a558        0x4 /home/lsm/.arduino15/packages/Seeeduino/tools/arm-none-eabi-gcc/7-2017q4/bin/../lib/gcc/arm-none-eabi/7.2.1/thumb/v6-m/crti.o
                0x000000000000a558                _init
 .init          0x000000000000a55c        0x8 /home/lsm/.arduino15/packages/Seeeduino/tools/arm-none-eabi-gcc/7-2017q4/bin/../lib/gcc/arm-none-eabi/7.2.1/thumb/v6-m/crtn.o
 *(.fini)
 .fini          0x000000000000a564        0x4 /home/lsm/.arduino15/packages/Seeeduino/tools/arm-none-eabi-gcc/7-2017q4/bin/../lib/gcc/arm-none-eabi/7.2.1/thumb/v6-m/crti.o
                0x000000000000a564                _fini
 .fini          0x000000000000a568        0x8 /home/lsm/.arduino15/packages/Seeeduino/tools/arm-none-eabi-gcc/7-2017q4/bin/../lib/gcc/arm-none-eabi/7.2.1/thumb/v6-m/crtn.o
 *crtbegin.o(.ctors)
 *crtbegin?.o(.ctors)
 *(EXCLUDE_FILE(*crtend.o *crtend?.o) .ctors)
 *(SORT_BY_NAME(.ctors.*))
 *(.ctors)
 *crtbegin.o(.dtors)
 *crtbegin?.o(.dtors)
 *(EXCLUDE_FILE(*crtend.o *crtend?.o) .dtors)
 *(SORT_BY_NAME(.dtors.*))
 *(.dtors)
 *(.rodata*)
 .rodata._Z7postI2cv.str1.1
                0x000000000000a570        0x8 /home/lsm/Documents/PlatformIO/Projects/GroundControl/src/Input/sketch/main.cpp.o
                                          0xa (size before relaxing)
 .rodata._ZTV7TwoWire
                0x000000000000a578       0x24 /home/lsm/Documents/PlatformIO/Projects/GroundControl/src/Input/libraries/Wire/Wire.cpp.o
                0x000000000000a578                vtable for TwoWire
 .rodata.g_APinDescription
                0x000000000000a59c      0x198 /home/lsm/Documents/PlatformIO/Projects/GroundControl/src/Input/core/variant.cpp.o
                0x000000000000a59c                g_APinDescription
 .rodata._ZL10sercomData
                0x000000000000a734       0x30 /home/lsm/Documents/PlatformIO/Projects/GroundControl/src/Input/../../../../../../../../tmp/arduino-core-cache/core_Seeeduino_samd_seeed_XIAO_m0_d84d79728d435d104f9af73772dabf44.a(SERCOM.cpp.o)
 .rodata._ZTV4Uart
                0x000000000000a764       0x34 /home/lsm/Documents/PlatformIO/Projects/GroundControl/src/Input/../../../../../../../../tmp/arduino-core-cache/core_Seeeduino_samd_seeed_XIAO_m0_d84d79728d435d104f9af73772dabf44.a(Uart.cpp.o)
                0x000000000000a764                vtable for Uart
 .rodata._ZTV26DoubleBufferedEPOutHandler
                0x000000000000a798       0x28 /home/lsm/Documents/PlatformIO/Projects/GroundControl/src/Input/../../../../../../../../tmp/arduino-core-cache/core_Seeeduino_samd_seeed_XIAO_m0_d84d79728d435d104f9af73772dabf44.a(USBCore.cpp.o)
                0x000000000000a798                vtable for DoubleBufferedEPOutHandler
 .rodata._ZL14STRING_PRODUCT
                0x000000000000a7c0        0xe /home/lsm/Documents/PlatformIO/Projects/GroundControl/src/Input/../../../../../../../../tmp/arduino-core-cache/core_Seeeduino_samd_seeed_XIAO_m0_d84d79728d435d104f9af73772dabf44.a(USBCore.cpp.o)
 .rodata._ZL15STRING_LANGUAGE
                0x000000000000a7ce        0x4 /home/lsm/Documents/PlatformIO/Projects/GroundControl/src/Input/../../../../../../../../tmp/arduino-core-cache/core_Seeeduino_samd_seeed_XIAO_m0_d84d79728d435d104f9af73772dabf44.a(USBCore.cpp.o)
 .rodata._ZL19STRING_MANUFACTURER
                0x000000000000a7d2        0x6 /home/lsm/Documents/PlatformIO/Projects/GroundControl/src/Input/../../../../../../../../tmp/arduino-core-cache/core_Seeeduino_samd_seeed_XIAO_m0_d84d79728d435d104f9af73772dabf44.a(USBCore.cpp.o)
 .rodata._ZL20USB_DeviceDescriptor
                0x000000000000a7d8       0x12 /home/lsm/Documents/PlatformIO/Projects/GroundControl/src/Input/../../../../../../../../tmp/arduino-core-cache/core_Seeeduino_samd_seeed_XIAO_m0_d84d79728d435d104f9af73772dabf44.a(USBCore.cpp.o)
 .rodata._ZL21USB_DeviceDescriptorB
                0x000000000000a7ea       0x12 /home/lsm/Documents/PlatformIO/Projects/GroundControl/src/Input/../../../../../../../../tmp/arduino-core-cache/core_Seeeduino_samd_seeed_XIAO_m0_d84d79728d435d104f9af73772dabf44.a(USBCore.cpp.o)
 .rodata._ZTV7Serial_
                0x000000000000a7fc       0x28 /home/lsm/Documents/PlatformIO/Projects/GroundControl/src/Input/../../../../../../../../tmp/arduino-core-cache/core_Seeeduino_samd_seeed_XIAO_m0_d84d79728d435d104f9af73772dabf44.a(CDC.cpp.o)
                0x000000000000a7fc                vtable for Serial_
 .rodata        0x000000000000a824       0x40 /home/lsm/.arduino15/packages/Seeeduino/tools/arm-none-eabi-gcc/7-2017q4/bin/../lib/gcc/arm-none-eabi/7.2.1/thumb/v6-m/libgcc.a(divdf3.o)
 .rodata        0x000000000000a864       0x40 /home/lsm/.arduino15/packages/Seeeduino/tools/arm-none-eabi-gcc/7-2017q4/bin/../lib/gcc/arm-none-eabi/7.2.1/thumb/v6-m/libgcc.a(muldf3.o)
 .rodata._printf_float.str1.1
                0x000000000000a8a4       0x12 /home/lsm/.arduino15/packages/Seeeduino/tools/arm-none-eabi-gcc/7-2017q4/bin/../lib/gcc/arm-none-eabi/7.2.1/../../../../arm-none-eabi/lib/thumb/v6-m/libc_nano.a(lib_a-nano-vfprintf_float.o)
 .rodata._printf_i.str1.1
                0x000000000000a8b6       0x22 /home/lsm/.arduino15/packages/Seeeduino/tools/arm-none-eabi-gcc/7-2017q4/bin/../lib/gcc/arm-none-eabi/7.2.1/../../../../arm-none-eabi/lib/thumb/v6-m/libc_nano.a(lib_a-nano-vfprintf_i.o)
 .rodata._scanf_float.str1.1
                0x000000000000a8d8        0x5 /home/lsm/.arduino15/packages/Seeeduino/tools/arm-none-eabi-gcc/7-2017q4/bin/../lib/gcc/arm-none-eabi/7.2.1/../../../../arm-none-eabi/lib/thumb/v6-m/libc_nano.a(lib_a-nano-vfscanf_float.o)
 .rodata._strtod_l.str1.1
                0x000000000000a8dd        0x5 /home/lsm/.arduino15/packages/Seeeduino/tools/arm-none-eabi-gcc/7-2017q4/bin/../lib/gcc/arm-none-eabi/7.2.1/../../../../arm-none-eabi/lib/thumb/v6-m/libc_nano.a(lib_a-strtod.o)
                                          0xc (size before relaxing)
 *fill*         0x000000000000a8dd        0x3 
 .rodata.fpi.6156
                0x000000000000a8e0       0x14 /home/lsm/.arduino15/packages/Seeeduino/tools/arm-none-eabi-gcc/7-2017q4/bin/../lib/gcc/arm-none-eabi/7.2.1/../../../../arm-none-eabi/lib/thumb/v6-m/libc_nano.a(lib_a-strtod.o)
 .rodata.fpinan.6192
                0x000000000000a8f4       0x14 /home/lsm/.arduino15/packages/Seeeduino/tools/arm-none-eabi-gcc/7-2017q4/bin/../lib/gcc/arm-none-eabi/7.2.1/../../../../arm-none-eabi/lib/thumb/v6-m/libc_nano.a(lib_a-strtod.o)
 .rodata.tinytens
                0x000000000000a908       0x28 /home/lsm/.arduino15/packages/Seeeduino/tools/arm-none-eabi-gcc/7-2017q4/bin/../lib/gcc/arm-none-eabi/7.2.1/../../../../arm-none-eabi/lib/thumb/v6-m/libc_nano.a(lib_a-strtod.o)
 .rodata._dtoa_r.str1.1
                0x000000000000a930        0xd /home/lsm/.arduino15/packages/Seeeduino/tools/arm-none-eabi-gcc/7-2017q4/bin/../lib/gcc/arm-none-eabi/7.2.1/../../../../arm-none-eabi/lib/thumb/v6-m/libc_nano.a(lib_a-dtoa.o)
                                          0xf (size before relaxing)
 *fill*         0x000000000000a93d        0x3 
 .rodata.__sf_fake_stderr
                0x000000000000a940       0x20 /home/lsm/.arduino15/packages/Seeeduino/tools/arm-none-eabi-gcc/7-2017q4/bin/../lib/gcc/arm-none-eabi/7.2.1/../../../../arm-none-eabi/lib/thumb/v6-m/libc_nano.a(lib_a-findfp.o)
                0x000000000000a940                __sf_fake_stderr
 .rodata.__sf_fake_stdin
                0x000000000000a960       0x20 /home/lsm/.arduino15/packages/Seeeduino/tools/arm-none-eabi-gcc/7-2017q4/bin/../lib/gcc/arm-none-eabi/7.2.1/../../../../arm-none-eabi/lib/thumb/v6-m/libc_nano.a(lib_a-findfp.o)
                0x000000000000a960                __sf_fake_stdin
 .rodata.__sf_fake_stdout
                0x000000000000a980       0x20 /home/lsm/.arduino15/packages/Seeeduino/tools/arm-none-eabi-gcc/7-2017q4/bin/../lib/gcc/arm-none-eabi/7.2.1/../../../../arm-none-eabi/lib/thumb/v6-m/libc_nano.a(lib_a-findfp.o)
                0x000000000000a980                __sf_fake_stdout